
> fleet-management-system@1.0.1 test:unit
> vitest run src/components/__tests__/LeafletMap.test.tsx


[1m[46m RUN [49m[22m [36mv4.0.16 [39m[90m/Users/andrewmorton/Documents/GitHub/Fleet[39m

[90mstdout[2m | src/components/__tests__/LeafletMap.test.tsx[2m > [22m[2mLeafletMap[2m > [22m[2mMap Initialization[2m > [22m[2mshould load Leaflet library on mount
[22m[39m✅ Leaflet loaded successfully (version: 1.9.4 )

[90mstdout[2m | src/components/__tests__/LeafletMap.test.tsx[2m > [22m[2mLeafletMap[2m > [22m[2mMap Initialization[2m > [22m[2mshould load Leaflet library on mount
[22m[39m✅ Leaflet loaded successfully (version: 1.9.4 )
✅ Leaflet loaded successfully (version: 1.9.4 )
✅ Leaflet loaded successfully (version: 1.9.4 )
✅ Leaflet loaded successfully (version: 1.9.4 )
✅ Leaflet loaded successfully (version: 1.9.4 )
✅ Leaflet loaded successfully (version: 1.9.4 )

[90mstderr[2m | src/components/__tests__/LeafletMap.test.tsx[2m > [22m[2mLeafletMap[2m > [22m[2mVehicle Markers[2m > [22m[2mshould update markers when vehicles change
[22m[39mWarning: Maximum update depth exceeded. This can happen when a component calls setState inside useEffect, but useEffect either doesn't have a dependency array, or one of the dependencies changes on every render.

 [31m❯[39m src/components/__tests__/LeafletMap.test.tsx [2m([22m[2m36 tests[22m[2m | [22m[31m29 failed[39m[2m)[22m[33m 47235[2mms[22m[39m
       [32m✓[39m should render without crashing[32m 182[2mms[22m[39m
[31m       [31m×[31m should render with loading state initially[39m[32m 15[2mms[22m[39m
[31m       [31m×[31m should show progress indicator during loading[39m[32m 10[2mms[22m[39m
       [32m✓[39m should apply custom className[32m 6[2mms[22m[39m
       [32m✓[39m should apply minimum height[32m 11[2mms[22m[39m
[31m       [31m×[31m should be accessible with proper ARIA attributes[39m[32m 10[2mms[22m[39m
[31m       [31m×[31m should load Leaflet library on mount[39m[33m 3048[2mms[22m[39m
[31m       [31m×[31m should initialize map with default center[39m[33m 3067[2mms[22m[39m
[31m       [31m×[31m should initialize map with custom center[39m[33m 3076[2mms[22m[39m
[31m       [31m×[31m should initialize map with custom zoom[39m[33m 3029[2mms[22m[39m
[31m       [31m×[31m should add tile layer after map initialization[39m[33m 3034[2mms[22m[39m
[31m       [31m×[31m should create layer groups for markers[39m[33m 3029[2mms[22m[39m
[31m       [31m×[31m should handle map initialization errors gracefully[39m[33m 1020[2mms[22m[39m
[31m       [31m×[31m should use default OSM style[39m[33m 3012[2mms[22m[39m
[31m       [31m×[31m should switch to dark style[39m[33m 1025[2mms[22m[39m
[31m       [31m×[31m should switch to topographic style[39m[33m 1021[2mms[22m[39m
[31m       [31m×[31m should switch to satellite style[39m[33m 1010[2mms[22m[39m
[31m       [31m×[31m should display style indicator in development mode[39m[33m 1038[2mms[22m[39m
[31m       [31m×[31m should render vehicle markers[39m[33m 3019[2mms[22m[39m
       [32m✓[39m should not render vehicles when showVehicles is false[32m 29[2mms[22m[39m
[31m       [31m×[31m should create custom icons for vehicles[39m[33m 1012[2mms[22m[39m
[31m       [31m×[31m should bind popup to vehicle markers[39m[33m 1010[2mms[22m[39m
[31m       [31m×[31m should skip vehicles with invalid coordinates[39m[33m 1239[2mms[22m[39m
[31m       [31m×[31m should skip vehicles with out-of-range coordinates[39m[33m 1025[2mms[22m[39m
[31m       [31m×[31m should handle vehicle marker click events[39m[33m 1008[2mms[22m[39m
[31m       [31m×[31m should update markers when vehicles change[39m[33m 1009[2mms[22m[39m
[31m       [31m×[31m should render facility markers[39m[33m 3010[2mms[22m[39m
       [32m✓[39m should not render facilities when showFacilities is false[32m 9[2mms[22m[39m
[31m       [31m×[31m should create custom icons for facilities[39m[33m 1023[2mms[22m[39m
[31m       [31m×[31m should handle facility marker click events[39m[33m 1015[2mms[22m[39m
[31m       [31m×[31m should render camera markers when enabled[39m[33m 3033[2mms[22m[39m
       [32m✓[39m should not render cameras by default[32m 19[2mms[22m[39m
[31m       [31m×[31m should differentiate operational and offline cameras[39m[33m 1018[2mms[22m[39m
[31m       [31m×[31m should display marker count badge[39m[33m 1026[2mms[22m[39m
       [32m✓[39m should not show badge when no markers[32m 70[2mms[22m[39m
[31m       [31m×[31m should fit bounds to show all markers by default[39m[33m 1012[2mms[22m[39m

[31m⎯⎯⎯⎯⎯⎯[39m[1m[41m Failed Tests 29 [49m[22m[31m⎯⎯⎯⎯⎯⎯⎯[39m

[41m[1m FAIL [22m[49m src/components/__tests__/LeafletMap.test.tsx[2m > [22mLeafletMap[2m > [22mComponent Rendering[2m > [22mshould render with loading state initially
[31m[1mTestingLibraryElementError[22m: Unable to find an element with the text: /Loading Map Library/i. This could be because the text is broken up by multiple elements. In this case, you can provide a function for your text matcher to make your matcher more flexible.

Ignored nodes: comments, script, style
[36m<body>[31m
  [36m<div[31m
    [33mid[31m=[32m"map-container"[31m
    [33mstyle[31m=[32m"width: 800px; height: 600px;"[31m
  [36m/>[31m
  [36m<div>[31m
    [36m<div[31m
      [33maria-label[31m=[32m"Interactive fleet management map"[31m
      [33mclass[31m=[32m"leaflet-map-container "[31m
      [33mrole[31m=[32m"region"[31m
      [33mstyle[31m=[32m"min-height: 500px;"[31m
    [36m>[31m
      [36m<div[31m
        [33mclass[31m=[32m"loading"[31m
      [36m>[31m
        [0mLoading map...[0m
      [36m</div>[31m
    [36m</div>[31m
  [36m</div>[31m
  [36m<div[31m
    [33maria-atomic[31m=[32m"true"[31m
    [33maria-live[31m=[32m"polite"[31m
    [33mid[31m=[32m"map-accessibility-live-region"[31m
    [33mrole[31m=[32m"status"[31m
    [33mstyle[31m=[32m"position: absolute; left: -10000px; width: 1px; height: 1px; overflow: hidden;"[31m
  [36m/>[31m
[36m</body>[31m[39m
[90m [2m❯[22m Object.getElementError node_modules/@testing-library/dom/dist/config.js:[2m37:19[22m[39m
[90m [2m❯[22m node_modules/@testing-library/dom/dist/query-helpers.js:[2m76:38[22m[39m
[90m [2m❯[22m node_modules/@testing-library/dom/dist/query-helpers.js:[2m52:17[22m[39m
[90m [2m❯[22m node_modules/@testing-library/dom/dist/query-helpers.js:[2m95:19[22m[39m
[36m [2m❯[22m src/components/__tests__/LeafletMap.test.tsx:[2m58:21[22m[39m
    [90m 56| [39m    [34mit[39m([32m'should render with loading state initially'[39m[33m,[39m () [33m=>[39m {
    [90m 57| [39m      [34mrender[39m([33m<[39m[33mLeafletMap[39m [33m/[39m[33m>[39m)
    [90m 58| [39m      expect(screen.getByText(/Loading Map Library/i)).toBeInTheDocume…
    [90m   | [39m                    [31m^[39m
    [90m 59| [39m    })
    [90m 60| [39m

[31m[2m⎯⎯⎯⎯⎯⎯⎯⎯⎯⎯⎯⎯⎯⎯⎯⎯⎯⎯⎯⎯⎯⎯⎯[1/29]⎯[22m[39m

[41m[1m FAIL [22m[49m src/components/__tests__/LeafletMap.test.tsx[2m > [22mLeafletMap[2m > [22mComponent Rendering[2m > [22mshould show progress indicator during loading
[31m[1mError[22m: [2mexpect([22m[31mreceived[31m[2m).toBeInTheDocument()[22m

[31mreceived[31m value must be an HTMLElement or an SVGElement.
Received has type:  Null
Received has value: [31mnull[31m[39m
[36m [2m❯[22m src/components/__tests__/LeafletMap.test.tsx:[2m64:27[22m[39m
    [90m 62| [39m      [34mrender[39m([33m<[39m[33mLeafletMap[39m [33m/[39m[33m>[39m)
    [90m 63| [39m      const progressBar = document.querySelector('.bg-primary.h-full.r…
    [90m 64| [39m      [34mexpect[39m(progressBar)[33m.[39m[34mtoBeInTheDocument[39m()
    [90m   | [39m                          [31m^[39m
    [90m 65| [39m    })
    [90m 66| [39m

[31m[2m⎯⎯⎯⎯⎯⎯⎯⎯⎯⎯⎯⎯⎯⎯⎯⎯⎯⎯⎯⎯⎯⎯⎯[2/29]⎯[22m[39m

[41m[1m FAIL [22m[49m src/components/__tests__/LeafletMap.test.tsx[2m > [22mLeafletMap[2m > [22mComponent Rendering[2m > [22mshould be accessible with proper ARIA attributes
[31m[1mError[22m: [2mexpect([22m[31melement[31m[2m).toHaveAttribute([22m[32m[32m"aria-busy"[32m[31m[2m, [22m[32m[32m"true"[32m[31m[2m) // element.getAttribute("aria-busy") === "true"[22m

Expected the element to have attribute:
[32m  aria-busy="true"[31m
Received:
[31m  null[31m[39m
[36m [2m❯[22m src/components/__tests__/LeafletMap.test.tsx:[2m82:22[22m[39m
    [90m 80| [39m      [35mconst[39m region [33m=[39m screen[33m.[39m[34mgetByRole[39m([32m'region'[39m)
    [90m 81| [39m      expect(region).toHaveAttribute('aria-label', 'Interactive fleet …
    [90m 82| [39m      [34mexpect[39m(region)[33m.[39m[34mtoHaveAttribute[39m([32m'aria-busy'[39m[33m,[39m [32m'true'[39m)
    [90m   | [39m                     [31m^[39m
    [90m 83| [39m    })
    [90m 84| [39m  })

[31m[2m⎯⎯⎯⎯⎯⎯⎯⎯⎯⎯⎯⎯⎯⎯⎯⎯⎯⎯⎯⎯⎯⎯⎯[3/29]⎯[22m[39m

[41m[1m FAIL [22m[49m src/components/__tests__/LeafletMap.test.tsx[2m > [22mLeafletMap[2m > [22mMap Initialization[2m > [22mshould load Leaflet library on mount
[31m[1mAssertionError[22m[39m: expected "log" to be called with arguments: [ StringContaining{…} ][90m

Number of calls: [1m0[22m
[39m

Ignored nodes: comments, script, style
[36m<html>[39m
  [36m<head />[39m
  [36m<body>[39m
    [36m<div[39m
      [33mid[39m=[32m"map-container"[39m
      [33mstyle[39m=[32m"width: 800px; height: 600px;"[39m
    [36m/>[39m
    [36m<div>[39m
      [36m<div[39m
        [33maria-label[39m=[32m"Interactive fleet management map"[39m
        [33mclass[39m=[32m"leaflet-map-container leaflet-container leaflet-touch leaflet-grab leaflet-touch-drag leaflet-touch-zoom"[39m
        [33mrole[39m=[32m"region"[39m
        [33mstyle[39m=[32m"min-height: 500px; position: relative;"[39m
        [33mtabindex[39m=[32m"0"[39m
      [36m>[39m
        [36m<div[39m
          [33mclass[39m=[32m"leaflet-pane leaflet-map-pane"[39m
          [33mstyle[39m=[32m"left: 0px; top: 0px;"[39m
        [36m>[39m
          [36m<div[39m
            [33mclass[39m=[32m"leaflet-pane leaflet-tile-pane"[39m
          [36m>[39m
            [36m<div[39m
              [33mclass[39m=[32m"leaflet-layer "[39m
              [33mstyle[39m=[32m"z-index: 1;"[39m
            [36m>[39m
              [36m<div[39m
                [33mclass[39m=[32m"leaflet-tile-container leaflet-zoom-animated"[39m
                [33mstyle[39m=[32m"z-index: 19; left: 0px; top: 0px;"[39m
              [36m>[39m
                [36m<img[39m
                  [33malt[39m=[32m""[39m
                  [33mclass[39m=[32m"leaflet-tile"[39m
                  [33msrc[39m=[32m"https://b.tile.openstreetmap.org/12/1089/1684.png"[39m
                  [33mstyle[39m=[32m"width: 256px; height: 256px; left: -19px;"[39m
                [36m/>[39m
              [36m</div>[39m
            [36m</div>[39m
          [36m</div>[39m
          [36m<div[39m
            [33mclass[39m=[32m"leaflet-pane leaflet-overlay-pane"[39m
          [36m/>[39m
          [36m<div[39m
            [33mclass[39m=[32m"leaflet-pane leaflet-shadow-pane"[39m
          [36m/>[39m
          [36m<div[39m
            [33mclass[39m=[32m"leaflet-pane leaflet-marker-pane"[39m
          [36m/>[39m
          [36m<div[39m
            [33mclass[39m=[32m"leaflet-pane leaflet-tooltip-pane"[39m
          [36m/>[39m
          [36m<div[39m
            [33mclass[39m=[32m"leaflet-pane leaflet-popup-pane"[39m
          [36m/>[39m
        [36m</div>[39m
        [36m<div[39m
          [33mclass[39m=[32m"leaflet-control-container"[39m
        [36m>[39m
          [36m<div[39m
            [33mclass[39m=[32m"leaflet-top leaflet-left"[39m
          [36m>[39m
            [36m<div[39m
              [33mclass[39m=[32m"leaflet-control-zoom leaflet-bar leaflet-control"[39m
            [36m>[39m
              [36m<a[39m
                [33maria-disabled[39m=[32m"false"[39m
                [33maria-label[39m=[32m"Zoom in"[39m
                [33mclass[39m=[32m"leaflet-control-zoom-in"[39m
                [33mhref[39m=[32m"#"[39m
                [33mrole[39m=[32m"button"[39m
                [33mtitle[39m=[32m"Zoom in"[39m
              [36m>[39m
                [36m<span[39m
                  [33maria-hidden[39m=[32m"true"[39m
                [36m>[39m
                  [0m+[0m
                [36m</span>[39m
              [36m</a>[39m
              [36m<a[39m
                [33maria-disabled[39m=[32m"false"[39m
                [33maria-label[39m=[32m"Zoom out"[39m
                [33mclass[39m=[32m"leaflet-control-zoom-out"[39m
                [33mhref[39m=[32m"#"[39m
                [33mrole[39m=[32m"button"[39m
                [33mtitle[39m=[32m"Zoom out"[39m
              [36m>[39m
                [36m<span[39m
                  [33maria-hidden[39m=[32m"true"[39m
                [36m>[39m
                  [0m−[0m
                [36m</span>[39m
              [36m</a>[39m
            [36m</div>[39m
          [36m</div>[39m
          [36m<div[39m
            [33mclass[39m=[32m"leaflet-top leaflet-right"[39m
          [36m/>[39m
          [36m<div[39m
            [33mclass[39m=[32m"leaflet-bottom leaflet-left"[39m
          [36m/>[39m
          [36m<div[39m
            [33mclass[39m=[32m"leaflet-bottom leaflet-right"[39m
          [36m>[39m
            [36m<div[39m
              [33mclass[39m=[32m"leaflet-control-attribution leaflet-control"[39m
            [36m>[39m
              [36m<a[39m
                [33mhref[39m=[32m"https://leafletjs.com"[39m
                [33mtitle[39m=[32m"A JavaScript library for interactive maps"[39m
              [36m>[39m
                [36m<svg[39m
                  [33maria-hidden[39m=[32m"true"[39m
                  [33mclass[39m=[32m"leaflet-attribution-flag"[39m
                  [33mheight[39m=[32m"8"[39m
                  [33mviewBox[39m=[32m"0 0 12 8"[39m
                  [33mwidth[39m=[32m"12"[39m
                  [33mxmlns[39m=[32m"http://www.w3.org/2000/svg"[39m
                [36m>[39m
                  [36m<path[39m
                    [33md[39m=[32m"M0 0h12v4H0z"[39m
                    [33mfill[39m=[32m"#4C7BE1"[39m
                  [36m/>[39m
                  [36m<path[39m
                    [33md[39m=[32m"M0 4h12v3H0z"[39m
                    [33mfill[39m=[32m"#FFD500"[39m
                  [36m/>[39m
                  [36m<path[39m
                    [33md[39m=[32m"M0 7h12v1H0z"[39m
                    [33mfill[39m=[32m"#E0BC00"[39m
                  [36m/>[39m
                [36m</svg>[39m
                [0m Leaflet[0m
              [36m</a>[39m
              [0m [0m
              [36m<span[39m
                [33maria-hidden[39m=[32m"true"[39m
              [36m>[39m
                [0m|[0m
              [36m</span>[39m
              [0m © [0m
              [36m<a[39m
                [33mhref[39m=[32m"https://www.openstreetmap.org/copyright"[39m
                [33mrel[39m=[32m"noopener noreferrer"[39m
                [33mtarget[39m=[32m"_blank"[39m
              [36m>[39m
                [0mOpenStreetMap[0m
              [36m</a>[39m
              [0m contributors[0m
            [36m</div>[39m
          [36m</div>[39m
        [36m</div>[39m
      [36m</div>[39m
    [36m</div>[39m
    [36m<div[39m
      [33maria-atomic[39m=[32m"true"[39m
      [33maria-live[39m=[32m"polite"[39m
      [33mid[39m=[32m"map-accessibility-live-region"[39m
      [33mrole[39m=[32m"status"[39m
      [33mstyle[39m=[32m"position: absolute; left: -10000px; width: 1px; height: 1px; overflow: hidden;"[39m
    [36m/>[39m
  [36m</body>[39m
[36m</html>[39m
[36m [2m❯[22m timeout src/components/__tests__/LeafletMap.test.tsx:[2m95:37[22m[39m
    [90m 93| [39m
    [90m 94| [39m      [35mawait[39m [34mwaitFor[39m(() [33m=>[39m {
    [90m 95| [39m        [34mexpect[39m(consoleMock[33m.[39mmockLog)[33m.[39m[34mtoHaveBeenCalledWith[39m(
    [90m   | [39m                                    [31m^[39m
    [90m 96| [39m          expect[33m.[39m[34mstringContaining[39m([32m'Leaflet loaded successfully'[39m)
    [90m 97| [39m        )
[90m [2m❯[22m runWithExpensiveErrorDiagnosticsDisabled node_modules/@testing-library/dom/dist/config.js:[2m47:12[22m[39m
[90m [2m❯[22m checkCallback node_modules/@testing-library/dom/dist/wait-for.js:[2m124:77[22m[39m
[90m [2m❯[22m MutationObserver.checkRealTimersCallback node_modules/@testing-library/dom/dist/wait-for.js:[2m118:16[22m[39m
[90m [2m❯[22m MutationObserver.invokeTheCallbackFunction node_modules/jsdom/lib/jsdom/living/generated/MutationCallback.js:[2m19:26[22m[39m
[90m [2m❯[22m notifyMutationObservers node_modules/jsdom/lib/jsdom/living/helpers/mutation-observers.js:[2m160:22[22m[39m
[90m [2m❯[22m node_modules/jsdom/lib/jsdom/living/helpers/mutation-observers.js:[2m133:5[22m[39m

[31m[2m⎯⎯⎯⎯⎯⎯⎯⎯⎯⎯⎯⎯⎯⎯⎯⎯⎯⎯⎯⎯⎯⎯⎯[4/29]⎯[22m[39m

[41m[1m FAIL [22m[49m src/components/__tests__/LeafletMap.test.tsx[2m > [22mLeafletMap[2m > [22mMap Initialization[2m > [22mshould initialize map with default center
[31m[1mAssertionError[22m[39m: expected "vi.fn()" to be called at least once

Ignored nodes: comments, script, style
[36m<html>[39m
  [36m<head />[39m
  [36m<body>[39m
    [36m<div[39m
      [33mid[39m=[32m"map-container"[39m
      [33mstyle[39m=[32m"width: 800px; height: 600px;"[39m
    [36m/>[39m
    [36m<div>[39m
      [36m<div[39m
        [33maria-label[39m=[32m"Interactive fleet management map"[39m
        [33mclass[39m=[32m"leaflet-map-container leaflet-container leaflet-touch leaflet-grab leaflet-touch-drag leaflet-touch-zoom"[39m
        [33mrole[39m=[32m"region"[39m
        [33mstyle[39m=[32m"min-height: 500px; position: relative;"[39m
        [33mtabindex[39m=[32m"0"[39m
      [36m>[39m
        [36m<div[39m
          [33mclass[39m=[32m"leaflet-pane leaflet-map-pane"[39m
          [33mstyle[39m=[32m"left: 0px; top: 0px;"[39m
        [36m>[39m
          [36m<div[39m
            [33mclass[39m=[32m"leaflet-pane leaflet-tile-pane"[39m
          [36m>[39m
            [36m<div[39m
              [33mclass[39m=[32m"leaflet-layer "[39m
              [33mstyle[39m=[32m"z-index: 1;"[39m
            [36m>[39m
              [36m<div[39m
                [33mclass[39m=[32m"leaflet-tile-container leaflet-zoom-animated"[39m
                [33mstyle[39m=[32m"z-index: 19; left: 0px; top: 0px;"[39m
              [36m>[39m
                [36m<img[39m
                  [33malt[39m=[32m""[39m
                  [33mclass[39m=[32m"leaflet-tile"[39m
                  [33msrc[39m=[32m"https://b.tile.openstreetmap.org/12/1089/1684.png"[39m
                  [33mstyle[39m=[32m"width: 256px; height: 256px; left: -19px;"[39m
                [36m/>[39m
              [36m</div>[39m
            [36m</div>[39m
          [36m</div>[39m
          [36m<div[39m
            [33mclass[39m=[32m"leaflet-pane leaflet-overlay-pane"[39m
          [36m/>[39m
          [36m<div[39m
            [33mclass[39m=[32m"leaflet-pane leaflet-shadow-pane"[39m
          [36m/>[39m
          [36m<div[39m
            [33mclass[39m=[32m"leaflet-pane leaflet-marker-pane"[39m
          [36m/>[39m
          [36m<div[39m
            [33mclass[39m=[32m"leaflet-pane leaflet-tooltip-pane"[39m
          [36m/>[39m
          [36m<div[39m
            [33mclass[39m=[32m"leaflet-pane leaflet-popup-pane"[39m
          [36m/>[39m
        [36m</div>[39m
        [36m<div[39m
          [33mclass[39m=[32m"leaflet-control-container"[39m
        [36m>[39m
          [36m<div[39m
            [33mclass[39m=[32m"leaflet-top leaflet-left"[39m
          [36m>[39m
            [36m<div[39m
              [33mclass[39m=[32m"leaflet-control-zoom leaflet-bar leaflet-control"[39m
            [36m>[39m
              [36m<a[39m
                [33maria-disabled[39m=[32m"false"[39m
                [33maria-label[39m=[32m"Zoom in"[39m
                [33mclass[39m=[32m"leaflet-control-zoom-in"[39m
                [33mhref[39m=[32m"#"[39m
                [33mrole[39m=[32m"button"[39m
                [33mtitle[39m=[32m"Zoom in"[39m
              [36m>[39m
                [36m<span[39m
                  [33maria-hidden[39m=[32m"true"[39m
                [36m>[39m
                  [0m+[0m
                [36m</span>[39m
              [36m</a>[39m
              [36m<a[39m
                [33maria-disabled[39m=[32m"false"[39m
                [33maria-label[39m=[32m"Zoom out"[39m
                [33mclass[39m=[32m"leaflet-control-zoom-out"[39m
                [33mhref[39m=[32m"#"[39m
                [33mrole[39m=[32m"button"[39m
                [33mtitle[39m=[32m"Zoom out"[39m
              [36m>[39m
                [36m<span[39m
                  [33maria-hidden[39m=[32m"true"[39m
                [36m>[39m
                  [0m−[0m
                [36m</span>[39m
              [36m</a>[39m
            [36m</div>[39m
          [36m</div>[39m
          [36m<div[39m
            [33mclass[39m=[32m"leaflet-top leaflet-right"[39m
          [36m/>[39m
          [36m<div[39m
            [33mclass[39m=[32m"leaflet-bottom leaflet-left"[39m
          [36m/>[39m
          [36m<div[39m
            [33mclass[39m=[32m"leaflet-bottom leaflet-right"[39m
          [36m>[39m
            [36m<div[39m
              [33mclass[39m=[32m"leaflet-control-attribution leaflet-control"[39m
            [36m>[39m
              [36m<a[39m
                [33mhref[39m=[32m"https://leafletjs.com"[39m
                [33mtitle[39m=[32m"A JavaScript library for interactive maps"[39m
              [36m>[39m
                [36m<svg[39m
                  [33maria-hidden[39m=[32m"true"[39m
                  [33mclass[39m=[32m"leaflet-attribution-flag"[39m
                  [33mheight[39m=[32m"8"[39m
                  [33mviewBox[39m=[32m"0 0 12 8"[39m
                  [33mwidth[39m=[32m"12"[39m
                  [33mxmlns[39m=[32m"http://www.w3.org/2000/svg"[39m
                [36m>[39m
                  [36m<path[39m
                    [33md[39m=[32m"M0 0h12v4H0z"[39m
                    [33mfill[39m=[32m"#4C7BE1"[39m
                  [36m/>[39m
                  [36m<path[39m
                    [33md[39m=[32m"M0 4h12v3H0z"[39m
                    [33mfill[39m=[32m"#FFD500"[39m
                  [36m/>[39m
                  [36m<path[39m
                    [33md[39m=[32m"M0 7h12v1H0z"[39m
                    [33mfill[39m=[32m"#E0BC00"[39m
                  [36m/>[39m
                [36m</svg>[39m
                [0m Leaflet[0m
              [36m</a>[39m
              [0m [0m
              [36m<span[39m
                [33maria-hidden[39m=[32m"true"[39m
              [36m>[39m
                [0m|[0m
              [36m</span>[39m
              [0m © [0m
              [36m<a[39m
                [33mhref[39m=[32m"https://www.openstreetmap.org/copyright"[39m
                [33mrel[39m=[32m"noopener noreferrer"[39m
                [33mtarget[39m=[32m"_blank"[39m
              [36m>[39m
                [0mOpenStreetMap[0m
              [36m</a>[39m
              [0m contributors[0m
            [36m</div>[39m
          [36m</div>[39m
        [36m</div>[39m
      [36m</div>[39m
    [36m</div>[39m
    [36m<div[39m
      [33maria-atomic[39m=[32m"true"[39m
      [33maria-live[39m=[32m"polite"[39m
      [33mid[39m=[32m"map-accessibility-live-region"[39m
      [33mrole[39m=[32m"status"[39m
      [33mstyle[39m=[32m"position: absolute; left: -10000px; width: 1px; height: 1px; overflow: hidden;"[39m
    [36m/>[39m
  [36m</body>[39m
[36m</html>[39m
[36m [2m❯[22m timeout src/components/__tests__/LeafletMap.test.tsx:[2m105:33[22m[39m
    [90m103| [39m
    [90m104| [39m      [35mawait[39m [34mwaitFor[39m(() [33m=>[39m {
    [90m105| [39m        [34mexpect[39m(mockLeaflet[33m.[39mmap)[33m.[39m[34mtoHaveBeenCalled[39m()
    [90m   | [39m                                [31m^[39m
    [90m106| [39m      }[33m,[39m { timeout[33m:[39m [34m3000[39m })
    [90m107| [39m    })
[90m [2m❯[22m runWithExpensiveErrorDiagnosticsDisabled node_modules/@testing-library/dom/dist/config.js:[2m47:12[22m[39m
[90m [2m❯[22m checkCallback node_modules/@testing-library/dom/dist/wait-for.js:[2m124:77[22m[39m
[90m [2m❯[22m Timeout.checkRealTimersCallback node_modules/@testing-library/dom/dist/wait-for.js:[2m118:16[22m[39m

[31m[2m⎯⎯⎯⎯⎯⎯⎯⎯⎯⎯⎯⎯⎯⎯⎯⎯⎯⎯⎯⎯⎯⎯⎯[5/29]⎯[22m[39m

[41m[1m FAIL [22m[49m src/components/__tests__/LeafletMap.test.tsx[2m > [22mLeafletMap[2m > [22mMap Initialization[2m > [22mshould initialize map with custom center
[31m[1mAssertionError[22m[39m: expected "vi.fn()" to be called with arguments: [ Any<HTMLElement>, …(1) ][90m

Number of calls: [1m0[22m
[39m

Ignored nodes: comments, script, style
[36m<html>[39m
  [36m<head />[39m
  [36m<body>[39m
    [36m<div[39m
      [33mid[39m=[32m"map-container"[39m
      [33mstyle[39m=[32m"width: 800px; height: 600px;"[39m
    [36m/>[39m
    [36m<div>[39m
      [36m<div[39m
        [33maria-label[39m=[32m"Interactive fleet management map"[39m
        [33mclass[39m=[32m"leaflet-map-container leaflet-container leaflet-touch leaflet-grab leaflet-touch-drag leaflet-touch-zoom"[39m
        [33mrole[39m=[32m"region"[39m
        [33mstyle[39m=[32m"min-height: 500px; position: relative;"[39m
        [33mtabindex[39m=[32m"0"[39m
      [36m>[39m
        [36m<div[39m
          [33mclass[39m=[32m"leaflet-pane leaflet-map-pane"[39m
          [33mstyle[39m=[32m"left: 0px; top: 0px;"[39m
        [36m>[39m
          [36m<div[39m
            [33mclass[39m=[32m"leaflet-pane leaflet-tile-pane"[39m
          [36m>[39m
            [36m<div[39m
              [33mclass[39m=[32m"leaflet-layer "[39m
              [33mstyle[39m=[32m"z-index: 1;"[39m
            [36m>[39m
              [36m<div[39m
                [33mclass[39m=[32m"leaflet-tile-container leaflet-zoom-animated"[39m
                [33mstyle[39m=[32m"z-index: 19; left: 0px; top: 0px;"[39m
              [36m>[39m
                [36m<img[39m
                  [33malt[39m=[32m""[39m
                  [33mclass[39m=[32m"leaflet-tile"[39m
                  [33msrc[39m=[32m"https://b.tile.openstreetmap.org/12/1089/1684.png"[39m
                  [33mstyle[39m=[32m"width: 256px; height: 256px; left: -19px;"[39m
                [36m/>[39m
              [36m</div>[39m
            [36m</div>[39m
          [36m</div>[39m
          [36m<div[39m
            [33mclass[39m=[32m"leaflet-pane leaflet-overlay-pane"[39m
          [36m/>[39m
          [36m<div[39m
            [33mclass[39m=[32m"leaflet-pane leaflet-shadow-pane"[39m
          [36m/>[39m
          [36m<div[39m
            [33mclass[39m=[32m"leaflet-pane leaflet-marker-pane"[39m
          [36m/>[39m
          [36m<div[39m
            [33mclass[39m=[32m"leaflet-pane leaflet-tooltip-pane"[39m
          [36m/>[39m
          [36m<div[39m
            [33mclass[39m=[32m"leaflet-pane leaflet-popup-pane"[39m
          [36m/>[39m
        [36m</div>[39m
        [36m<div[39m
          [33mclass[39m=[32m"leaflet-control-container"[39m
        [36m>[39m
          [36m<div[39m
            [33mclass[39m=[32m"leaflet-top leaflet-left"[39m
          [36m>[39m
            [36m<div[39m
              [33mclass[39m=[32m"leaflet-control-zoom leaflet-bar leaflet-control"[39m
            [36m>[39m
              [36m<a[39m
                [33maria-disabled[39m=[32m"false"[39m
                [33maria-label[39m=[32m"Zoom in"[39m
                [33mclass[39m=[32m"leaflet-control-zoom-in"[39m
                [33mhref[39m=[32m"#"[39m
                [33mrole[39m=[32m"button"[39m
                [33mtitle[39m=[32m"Zoom in"[39m
              [36m>[39m
                [36m<span[39m
                  [33maria-hidden[39m=[32m"true"[39m
                [36m>[39m
                  [0m+[0m
                [36m</span>[39m
              [36m</a>[39m
              [36m<a[39m
                [33maria-disabled[39m=[32m"false"[39m
                [33maria-label[39m=[32m"Zoom out"[39m
                [33mclass[39m=[32m"leaflet-control-zoom-out"[39m
                [33mhref[39m=[32m"#"[39m
                [33mrole[39m=[32m"button"[39m
                [33mtitle[39m=[32m"Zoom out"[39m
              [36m>[39m
                [36m<span[39m
                  [33maria-hidden[39m=[32m"true"[39m
                [36m>[39m
                  [0m−[0m
                [36m</span>[39m
              [36m</a>[39m
            [36m</div>[39m
          [36m</div>[39m
          [36m<div[39m
            [33mclass[39m=[32m"leaflet-top leaflet-right"[39m
          [36m/>[39m
          [36m<div[39m
            [33mclass[39m=[32m"leaflet-bottom leaflet-left"[39m
          [36m/>[39m
          [36m<div[39m
            [33mclass[39m=[32m"leaflet-bottom leaflet-right"[39m
          [36m>[39m
            [36m<div[39m
              [33mclass[39m=[32m"leaflet-control-attribution leaflet-control"[39m
            [36m>[39m
              [36m<a[39m
                [33mhref[39m=[32m"https://leafletjs.com"[39m
                [33mtitle[39m=[32m"A JavaScript library for interactive maps"[39m
              [36m>[39m
                [36m<svg[39m
                  [33maria-hidden[39m=[32m"true"[39m
                  [33mclass[39m=[32m"leaflet-attribution-flag"[39m
                  [33mheight[39m=[32m"8"[39m
                  [33mviewBox[39m=[32m"0 0 12 8"[39m
                  [33mwidth[39m=[32m"12"[39m
                  [33mxmlns[39m=[32m"http://www.w3.org/2000/svg"[39m
                [36m>[39m
                  [36m<path[39m
                    [33md[39m=[32m"M0 0h12v4H0z"[39m
                    [33mfill[39m=[32m"#4C7BE1"[39m
                  [36m/>[39m
                  [36m<path[39m
                    [33md[39m=[32m"M0 4h12v3H0z"[39m
                    [33mfill[39m=[32m"#FFD500"[39m
                  [36m/>[39m
                  [36m<path[39m
                    [33md[39m=[32m"M0 7h12v1H0z"[39m
                    [33mfill[39m=[32m"#E0BC00"[39m
                  [36m/>[39m
                [36m</svg>[39m
                [0m Leaflet[0m
              [36m</a>[39m
              [0m [0m
              [36m<span[39m
                [33maria-hidden[39m=[32m"true"[39m
              [36m>[39m
                [0m|[0m
              [36m</span>[39m
              [0m © [0m
              [36m<a[39m
                [33mhref[39m=[32m"https://www.openstreetmap.org/copyright"[39m
                [33mrel[39m=[32m"noopener noreferrer"[39m
                [33mtarget[39m=[32m"_blank"[39m
              [36m>[39m
                [0mOpenStreetMap[0m
              [36m</a>[39m
              [0m contributors[0m
            [36m</div>[39m
          [36m</div>[39m
        [36m</div>[39m
      [36m</div>[39m
    [36m</div>[39m
    [36m<div[39m
      [33maria-atomic[39m=[32m"true"[39m
      [33maria-live[39m=[32m"polite"[39m
      [33mid[39m=[32m"map-accessibility-live-region"[39m
      [33mrole[39m=[32m"status"[39m
      [33mstyle[39m=[32m"position: absolute; left: -10000px; width: 1px; height: 1px; overflow: hidden;"[39m
    [36m/>[39m
  [36m</body>[39m
[36m</html>[39m
[36m [2m❯[22m timeout src/components/__tests__/LeafletMap.test.tsx:[2m114:33[22m[39m
    [90m112| [39m
    [90m113| [39m      [35mawait[39m [34mwaitFor[39m(() [33m=>[39m {
    [90m114| [39m        [34mexpect[39m(mockLeaflet[33m.[39mmap)[33m.[39m[34mtoHaveBeenCalledWith[39m(
    [90m   | [39m                                [31m^[39m
    [90m115| [39m          expect[33m.[39m[34many[39m([33mHTMLElement[39m)[33m,[39m
    [90m116| [39m          expect[33m.[39m[34mobjectContaining[39m({
[90m [2m❯[22m runWithExpensiveErrorDiagnosticsDisabled node_modules/@testing-library/dom/dist/config.js:[2m47:12[22m[39m
[90m [2m❯[22m checkCallback node_modules/@testing-library/dom/dist/wait-for.js:[2m124:77[22m[39m
[90m [2m❯[22m Timeout.checkRealTimersCallback node_modules/@testing-library/dom/dist/wait-for.js:[2m118:16[22m[39m

[31m[2m⎯⎯⎯⎯⎯⎯⎯⎯⎯⎯⎯⎯⎯⎯⎯⎯⎯⎯⎯⎯⎯⎯⎯[6/29]⎯[22m[39m

[41m[1m FAIL [22m[49m src/components/__tests__/LeafletMap.test.tsx[2m > [22mLeafletMap[2m > [22mMap Initialization[2m > [22mshould initialize map with custom zoom
[31m[1mAssertionError[22m[39m: expected "vi.fn()" to be called with arguments: [ Any<HTMLElement>, …(1) ][90m

Number of calls: [1m0[22m
[39m

Ignored nodes: comments, script, style
[36m<html>[39m
  [36m<head />[39m
  [36m<body>[39m
    [36m<div[39m
      [33mid[39m=[32m"map-container"[39m
      [33mstyle[39m=[32m"width: 800px; height: 600px;"[39m
    [36m/>[39m
    [36m<div>[39m
      [36m<div[39m
        [33maria-label[39m=[32m"Interactive fleet management map"[39m
        [33mclass[39m=[32m"leaflet-map-container leaflet-container leaflet-touch leaflet-grab leaflet-touch-drag leaflet-touch-zoom"[39m
        [33mrole[39m=[32m"region"[39m
        [33mstyle[39m=[32m"min-height: 500px; position: relative;"[39m
        [33mtabindex[39m=[32m"0"[39m
      [36m>[39m
        [36m<div[39m
          [33mclass[39m=[32m"leaflet-pane leaflet-map-pane"[39m
          [33mstyle[39m=[32m"left: 0px; top: 0px;"[39m
        [36m>[39m
          [36m<div[39m
            [33mclass[39m=[32m"leaflet-pane leaflet-tile-pane"[39m
          [36m>[39m
            [36m<div[39m
              [33mclass[39m=[32m"leaflet-layer "[39m
              [33mstyle[39m=[32m"z-index: 1;"[39m
            [36m>[39m
              [36m<div[39m
                [33mclass[39m=[32m"leaflet-tile-container leaflet-zoom-animated"[39m
                [33mstyle[39m=[32m"z-index: 19; left: 0px; top: 0px;"[39m
              [36m>[39m
                [36m<img[39m
                  [33malt[39m=[32m""[39m
                  [33mclass[39m=[32m"leaflet-tile"[39m
                  [33msrc[39m=[32m"https://c.tile.openstreetmap.org/13/2178/3368.png"[39m
                  [33mstyle[39m=[32m"width: 256px; height: 256px; left: -37px;"[39m
                [36m/>[39m
              [36m</div>[39m
            [36m</div>[39m
          [36m</div>[39m
          [36m<div[39m
            [33mclass[39m=[32m"leaflet-pane leaflet-overlay-pane"[39m
          [36m/>[39m
          [36m<div[39m
            [33mclass[39m=[32m"leaflet-pane leaflet-shadow-pane"[39m
          [36m/>[39m
          [36m<div[39m
            [33mclass[39m=[32m"leaflet-pane leaflet-marker-pane"[39m
          [36m/>[39m
          [36m<div[39m
            [33mclass[39m=[32m"leaflet-pane leaflet-tooltip-pane"[39m
          [36m/>[39m
          [36m<div[39m
            [33mclass[39m=[32m"leaflet-pane leaflet-popup-pane"[39m
          [36m/>[39m
        [36m</div>[39m
        [36m<div[39m
          [33mclass[39m=[32m"leaflet-control-container"[39m
        [36m>[39m
          [36m<div[39m
            [33mclass[39m=[32m"leaflet-top leaflet-left"[39m
          [36m>[39m
            [36m<div[39m
              [33mclass[39m=[32m"leaflet-control-zoom leaflet-bar leaflet-control"[39m
            [36m>[39m
              [36m<a[39m
                [33maria-disabled[39m=[32m"false"[39m
                [33maria-label[39m=[32m"Zoom in"[39m
                [33mclass[39m=[32m"leaflet-control-zoom-in"[39m
                [33mhref[39m=[32m"#"[39m
                [33mrole[39m=[32m"button"[39m
                [33mtitle[39m=[32m"Zoom in"[39m
              [36m>[39m
                [36m<span[39m
                  [33maria-hidden[39m=[32m"true"[39m
                [36m>[39m
                  [0m+[0m
                [36m</span>[39m
              [36m</a>[39m
              [36m<a[39m
                [33maria-disabled[39m=[32m"false"[39m
                [33maria-label[39m=[32m"Zoom out"[39m
                [33mclass[39m=[32m"leaflet-control-zoom-out"[39m
                [33mhref[39m=[32m"#"[39m
                [33mrole[39m=[32m"button"[39m
                [33mtitle[39m=[32m"Zoom out"[39m
              [36m>[39m
                [36m<span[39m
                  [33maria-hidden[39m=[32m"true"[39m
                [36m>[39m
                  [0m−[0m
                [36m</span>[39m
              [36m</a>[39m
            [36m</div>[39m
          [36m</div>[39m
          [36m<div[39m
            [33mclass[39m=[32m"leaflet-top leaflet-right"[39m
          [36m/>[39m
          [36m<div[39m
            [33mclass[39m=[32m"leaflet-bottom leaflet-left"[39m
          [36m/>[39m
          [36m<div[39m
            [33mclass[39m=[32m"leaflet-bottom leaflet-right"[39m
          [36m>[39m
            [36m<div[39m
              [33mclass[39m=[32m"leaflet-control-attribution leaflet-control"[39m
            [36m>[39m
              [36m<a[39m
                [33mhref[39m=[32m"https://leafletjs.com"[39m
                [33mtitle[39m=[32m"A JavaScript library for interactive maps"[39m
              [36m>[39m
                [36m<svg[39m
                  [33maria-hidden[39m=[32m"true"[39m
                  [33mclass[39m=[32m"leaflet-attribution-flag"[39m
                  [33mheight[39m=[32m"8"[39m
                  [33mviewBox[39m=[32m"0 0 12 8"[39m
                  [33mwidth[39m=[32m"12"[39m
                  [33mxmlns[39m=[32m"http://www.w3.org/2000/svg"[39m
                [36m>[39m
                  [36m<path[39m
                    [33md[39m=[32m"M0 0h12v4H0z"[39m
                    [33mfill[39m=[32m"#4C7BE1"[39m
                  [36m/>[39m
                  [36m<path[39m
                    [33md[39m=[32m"M0 4h12v3H0z"[39m
                    [33mfill[39m=[32m"#FFD500"[39m
                  [36m/>[39m
                  [36m<path[39m
                    [33md[39m=[32m"M0 7h12v1H0z"[39m
                    [33mfill[39m=[32m"#E0BC00"[39m
                  [36m/>[39m
                [36m</svg>[39m
                [0m Leaflet[0m
              [36m</a>[39m
              [0m [0m
              [36m<span[39m
                [33maria-hidden[39m=[32m"true"[39m
              [36m>[39m
                [0m|[0m
              [36m</span>[39m
              [0m © [0m
              [36m<a[39m
                [33mhref[39m=[32m"https://www.openstreetmap.org/copyright"[39m
                [33mrel[39m=[32m"noopener noreferrer"[39m
                [33mtarget[39m=[32m"_blank"[39m
              [36m>[39m
                [0mOpenStreetMap[0m
              [36m</a>[39m
              [0m contributors[0m
            [36m</div>[39m
          [36m</div>[39m
        [36m</div>[39m
      [36m</div>[39m
    [36m</div>[39m
    [36m<div[39m
      [33maria-atomic[39m=[32m"true"[39m
      [33maria-live[39m=[32m"polite"[39m
      [33mid[39m=[32m"map-accessibility-live-region"[39m
      [33mrole[39m=[32m"status"[39m
      [33mstyle[39m=[32m"position: absolute; left: -10000px; width: 1px; height: 1px; overflow: hidden;"[39m
    [36m/>[39m
  [36m</body>[39m
[36m</html>[39m
[36m [2m❯[22m timeout src/components/__tests__/LeafletMap.test.tsx:[2m127:33[22m[39m
    [90m125| [39m
    [90m126| [39m      [35mawait[39m [34mwaitFor[39m(() [33m=>[39m {
    [90m127| [39m        [34mexpect[39m(mockLeaflet[33m.[39mmap)[33m.[39m[34mtoHaveBeenCalledWith[39m(
    [90m   | [39m                                [31m^[39m
    [90m128| [39m          expect[33m.[39m[34many[39m([33mHTMLElement[39m)[33m,[39m
    [90m129| [39m          expect[33m.[39m[34mobjectContaining[39m({ zoom[33m:[39m [34m13[39m })
[90m [2m❯[22m runWithExpensiveErrorDiagnosticsDisabled node_modules/@testing-library/dom/dist/config.js:[2m47:12[22m[39m
[90m [2m❯[22m checkCallback node_modules/@testing-library/dom/dist/wait-for.js:[2m124:77[22m[39m
[90m [2m❯[22m MutationObserver.checkRealTimersCallback node_modules/@testing-library/dom/dist/wait-for.js:[2m118:16[22m[39m
[90m [2m❯[22m MutationObserver.invokeTheCallbackFunction node_modules/jsdom/lib/jsdom/living/generated/MutationCallback.js:[2m19:26[22m[39m
[90m [2m❯[22m notifyMutationObservers node_modules/jsdom/lib/jsdom/living/helpers/mutation-observers.js:[2m160:22[22m[39m
[90m [2m❯[22m node_modules/jsdom/lib/jsdom/living/helpers/mutation-observers.js:[2m133:5[22m[39m

[31m[2m⎯⎯⎯⎯⎯⎯⎯⎯⎯⎯⎯⎯⎯⎯⎯⎯⎯⎯⎯⎯⎯⎯⎯[7/29]⎯[22m[39m

[41m[1m FAIL [22m[49m src/components/__tests__/LeafletMap.test.tsx[2m > [22mLeafletMap[2m > [22mMap Initialization[2m > [22mshould add tile layer after map initialization
[31m[1mAssertionError[22m[39m: expected "vi.fn()" to be called at least once

Ignored nodes: comments, script, style
[36m<html>[39m
  [36m<head />[39m
  [36m<body>[39m
    [36m<div[39m
      [33mid[39m=[32m"map-container"[39m
      [33mstyle[39m=[32m"width: 800px; height: 600px;"[39m
    [36m/>[39m
    [36m<div>[39m
      [36m<div[39m
        [33maria-label[39m=[32m"Interactive fleet management map"[39m
        [33mclass[39m=[32m"leaflet-map-container leaflet-container leaflet-touch leaflet-grab leaflet-touch-drag leaflet-touch-zoom"[39m
        [33mrole[39m=[32m"region"[39m
        [33mstyle[39m=[32m"min-height: 500px; position: relative;"[39m
        [33mtabindex[39m=[32m"0"[39m
      [36m>[39m
        [36m<div[39m
          [33mclass[39m=[32m"leaflet-pane leaflet-map-pane"[39m
          [33mstyle[39m=[32m"left: 0px; top: 0px;"[39m
        [36m>[39m
          [36m<div[39m
            [33mclass[39m=[32m"leaflet-pane leaflet-tile-pane"[39m
          [36m>[39m
            [36m<div[39m
              [33mclass[39m=[32m"leaflet-layer "[39m
              [33mstyle[39m=[32m"z-index: 1;"[39m
            [36m>[39m
              [36m<div[39m
                [33mclass[39m=[32m"leaflet-tile-container leaflet-zoom-animated"[39m
                [33mstyle[39m=[32m"z-index: 19; left: 0px; top: 0px;"[39m
              [36m>[39m
                [36m<img[39m
                  [33malt[39m=[32m""[39m
                  [33mclass[39m=[32m"leaflet-tile"[39m
                  [33msrc[39m=[32m"https://b.tile.openstreetmap.org/12/1089/1684.png"[39m
                  [33mstyle[39m=[32m"width: 256px; height: 256px; left: -19px;"[39m
                [36m/>[39m
              [36m</div>[39m
            [36m</div>[39m
          [36m</div>[39m
          [36m<div[39m
            [33mclass[39m=[32m"leaflet-pane leaflet-overlay-pane"[39m
          [36m/>[39m
          [36m<div[39m
            [33mclass[39m=[32m"leaflet-pane leaflet-shadow-pane"[39m
          [36m/>[39m
          [36m<div[39m
            [33mclass[39m=[32m"leaflet-pane leaflet-marker-pane"[39m
          [36m/>[39m
          [36m<div[39m
            [33mclass[39m=[32m"leaflet-pane leaflet-tooltip-pane"[39m
          [36m/>[39m
          [36m<div[39m
            [33mclass[39m=[32m"leaflet-pane leaflet-popup-pane"[39m
          [36m/>[39m
        [36m</div>[39m
        [36m<div[39m
          [33mclass[39m=[32m"leaflet-control-container"[39m
        [36m>[39m
          [36m<div[39m
            [33mclass[39m=[32m"leaflet-top leaflet-left"[39m
          [36m>[39m
            [36m<div[39m
              [33mclass[39m=[32m"leaflet-control-zoom leaflet-bar leaflet-control"[39m
            [36m>[39m
              [36m<a[39m
                [33maria-disabled[39m=[32m"false"[39m
                [33maria-label[39m=[32m"Zoom in"[39m
                [33mclass[39m=[32m"leaflet-control-zoom-in"[39m
                [33mhref[39m=[32m"#"[39m
                [33mrole[39m=[32m"button"[39m
                [33mtitle[39m=[32m"Zoom in"[39m
              [36m>[39m
                [36m<span[39m
                  [33maria-hidden[39m=[32m"true"[39m
                [36m>[39m
                  [0m+[0m
                [36m</span>[39m
              [36m</a>[39m
              [36m<a[39m
                [33maria-disabled[39m=[32m"false"[39m
                [33maria-label[39m=[32m"Zoom out"[39m
                [33mclass[39m=[32m"leaflet-control-zoom-out"[39m
                [33mhref[39m=[32m"#"[39m
                [33mrole[39m=[32m"button"[39m
                [33mtitle[39m=[32m"Zoom out"[39m
              [36m>[39m
                [36m<span[39m
                  [33maria-hidden[39m=[32m"true"[39m
                [36m>[39m
                  [0m−[0m
                [36m</span>[39m
              [36m</a>[39m
            [36m</div>[39m
          [36m</div>[39m
          [36m<div[39m
            [33mclass[39m=[32m"leaflet-top leaflet-right"[39m
          [36m/>[39m
          [36m<div[39m
            [33mclass[39m=[32m"leaflet-bottom leaflet-left"[39m
          [36m/>[39m
          [36m<div[39m
            [33mclass[39m=[32m"leaflet-bottom leaflet-right"[39m
          [36m>[39m
            [36m<div[39m
              [33mclass[39m=[32m"leaflet-control-attribution leaflet-control"[39m
            [36m>[39m
              [36m<a[39m
                [33mhref[39m=[32m"https://leafletjs.com"[39m
                [33mtitle[39m=[32m"A JavaScript library for interactive maps"[39m
              [36m>[39m
                [36m<svg[39m
                  [33maria-hidden[39m=[32m"true"[39m
                  [33mclass[39m=[32m"leaflet-attribution-flag"[39m
                  [33mheight[39m=[32m"8"[39m
                  [33mviewBox[39m=[32m"0 0 12 8"[39m
                  [33mwidth[39m=[32m"12"[39m
                  [33mxmlns[39m=[32m"http://www.w3.org/2000/svg"[39m
                [36m>[39m
                  [36m<path[39m
                    [33md[39m=[32m"M0 0h12v4H0z"[39m
                    [33mfill[39m=[32m"#4C7BE1"[39m
                  [36m/>[39m
                  [36m<path[39m
                    [33md[39m=[32m"M0 4h12v3H0z"[39m
                    [33mfill[39m=[32m"#FFD500"[39m
                  [36m/>[39m
                  [36m<path[39m
                    [33md[39m=[32m"M0 7h12v1H0z"[39m
                    [33mfill[39m=[32m"#E0BC00"[39m
                  [36m/>[39m
                [36m</svg>[39m
                [0m Leaflet[0m
              [36m</a>[39m
              [0m [0m
              [36m<span[39m
                [33maria-hidden[39m=[32m"true"[39m
              [36m>[39m
                [0m|[0m
              [36m</span>[39m
              [0m © [0m
              [36m<a[39m
                [33mhref[39m=[32m"https://www.openstreetmap.org/copyright"[39m
                [33mrel[39m=[32m"noopener noreferrer"[39m
                [33mtarget[39m=[32m"_blank"[39m
              [36m>[39m
                [0mOpenStreetMap[0m
              [36m</a>[39m
              [0m contributors[0m
            [36m</div>[39m
          [36m</div>[39m
        [36m</div>[39m
      [36m</div>[39m
    [36m</div>[39m
    [36m<div[39m
      [33maria-atomic[39m=[32m"true"[39m
      [33maria-live[39m=[32m"polite"[39m
      [33mid[39m=[32m"map-accessibility-live-region"[39m
      [33mrole[39m=[32m"status"[39m
      [33mstyle[39m=[32m"position: absolute; left: -10000px; width: 1px; height: 1px; overflow: hidden;"[39m
    [36m/>[39m
  [36m</body>[39m
[36m</html>[39m
[36m [2m❯[22m timeout src/components/__tests__/LeafletMap.test.tsx:[2m138:39[22m[39m
    [90m136| [39m
    [90m137| [39m      [35mawait[39m [34mwaitFor[39m(() [33m=>[39m {
    [90m138| [39m        [34mexpect[39m(mockLeaflet[33m.[39mtileLayer)[33m.[39m[34mtoHaveBeenCalled[39m()
    [90m   | [39m                                      [31m^[39m
    [90m139| [39m      }[33m,[39m { timeout[33m:[39m [34m3000[39m })
    [90m140| [39m    })
[90m [2m❯[22m runWithExpensiveErrorDiagnosticsDisabled node_modules/@testing-library/dom/dist/config.js:[2m47:12[22m[39m
[90m [2m❯[22m checkCallback node_modules/@testing-library/dom/dist/wait-for.js:[2m124:77[22m[39m
[90m [2m❯[22m MutationObserver.checkRealTimersCallback node_modules/@testing-library/dom/dist/wait-for.js:[2m118:16[22m[39m
[90m [2m❯[22m MutationObserver.invokeTheCallbackFunction node_modules/jsdom/lib/jsdom/living/generated/MutationCallback.js:[2m19:26[22m[39m
[90m [2m❯[22m notifyMutationObservers node_modules/jsdom/lib/jsdom/living/helpers/mutation-observers.js:[2m160:22[22m[39m
[90m [2m❯[22m node_modules/jsdom/lib/jsdom/living/helpers/mutation-observers.js:[2m133:5[22m[39m

[31m[2m⎯⎯⎯⎯⎯⎯⎯⎯⎯⎯⎯⎯⎯⎯⎯⎯⎯⎯⎯⎯⎯⎯⎯[8/29]⎯[22m[39m

[41m[1m FAIL [22m[49m src/components/__tests__/LeafletMap.test.tsx[2m > [22mLeafletMap[2m > [22mMap Initialization[2m > [22mshould create layer groups for markers
[31m[1mAssertionError[22m[39m: expected "vi.fn()" to be called 3 times, but got 0 times

Ignored nodes: comments, script, style
[36m<html>[39m
  [36m<head />[39m
  [36m<body>[39m
    [36m<div[39m
      [33mid[39m=[32m"map-container"[39m
      [33mstyle[39m=[32m"width: 800px; height: 600px;"[39m
    [36m/>[39m
    [36m<div>[39m
      [36m<div[39m
        [33maria-label[39m=[32m"Interactive fleet management map"[39m
        [33mclass[39m=[32m"leaflet-map-container leaflet-container leaflet-touch leaflet-grab leaflet-touch-drag leaflet-touch-zoom"[39m
        [33mrole[39m=[32m"region"[39m
        [33mstyle[39m=[32m"min-height: 500px; position: relative;"[39m
        [33mtabindex[39m=[32m"0"[39m
      [36m>[39m
        [36m<div[39m
          [33mclass[39m=[32m"leaflet-pane leaflet-map-pane"[39m
          [33mstyle[39m=[32m"left: 0px; top: 0px;"[39m
        [36m>[39m
          [36m<div[39m
            [33mclass[39m=[32m"leaflet-pane leaflet-tile-pane"[39m
          [36m>[39m
            [36m<div[39m
              [33mclass[39m=[32m"leaflet-layer "[39m
              [33mstyle[39m=[32m"z-index: 1;"[39m
            [36m>[39m
              [36m<div[39m
                [33mclass[39m=[32m"leaflet-tile-container leaflet-zoom-animated"[39m
                [33mstyle[39m=[32m"z-index: 19; left: 0px; top: 0px;"[39m
              [36m>[39m
                [36m<img[39m
                  [33malt[39m=[32m""[39m
                  [33mclass[39m=[32m"leaflet-tile"[39m
                  [33msrc[39m=[32m"https://b.tile.openstreetmap.org/12/1089/1684.png"[39m
                  [33mstyle[39m=[32m"width: 256px; height: 256px; left: -19px;"[39m
                [36m/>[39m
              [36m</div>[39m
            [36m</div>[39m
          [36m</div>[39m
          [36m<div[39m
            [33mclass[39m=[32m"leaflet-pane leaflet-overlay-pane"[39m
          [36m/>[39m
          [36m<div[39m
            [33mclass[39m=[32m"leaflet-pane leaflet-shadow-pane"[39m
          [36m/>[39m
          [36m<div[39m
            [33mclass[39m=[32m"leaflet-pane leaflet-marker-pane"[39m
          [36m/>[39m
          [36m<div[39m
            [33mclass[39m=[32m"leaflet-pane leaflet-tooltip-pane"[39m
          [36m/>[39m
          [36m<div[39m
            [33mclass[39m=[32m"leaflet-pane leaflet-popup-pane"[39m
          [36m/>[39m
        [36m</div>[39m
        [36m<div[39m
          [33mclass[39m=[32m"leaflet-control-container"[39m
        [36m>[39m
          [36m<div[39m
            [33mclass[39m=[32m"leaflet-top leaflet-left"[39m
          [36m>[39m
            [36m<div[39m
              [33mclass[39m=[32m"leaflet-control-zoom leaflet-bar leaflet-control"[39m
            [36m>[39m
              [36m<a[39m
                [33maria-disabled[39m=[32m"false"[39m
                [33maria-label[39m=[32m"Zoom in"[39m
                [33mclass[39m=[32m"leaflet-control-zoom-in"[39m
                [33mhref[39m=[32m"#"[39m
                [33mrole[39m=[32m"button"[39m
                [33mtitle[39m=[32m"Zoom in"[39m
              [36m>[39m
                [36m<span[39m
                  [33maria-hidden[39m=[32m"true"[39m
                [36m>[39m
                  [0m+[0m
                [36m</span>[39m
              [36m</a>[39m
              [36m<a[39m
                [33maria-disabled[39m=[32m"false"[39m
                [33maria-label[39m=[32m"Zoom out"[39m
                [33mclass[39m=[32m"leaflet-control-zoom-out"[39m
                [33mhref[39m=[32m"#"[39m
                [33mrole[39m=[32m"button"[39m
                [33mtitle[39m=[32m"Zoom out"[39m
              [36m>[39m
                [36m<span[39m
                  [33maria-hidden[39m=[32m"true"[39m
                [36m>[39m
                  [0m−[0m
                [36m</span>[39m
              [36m</a>[39m
            [36m</div>[39m
          [36m</div>[39m
          [36m<div[39m
            [33mclass[39m=[32m"leaflet-top leaflet-right"[39m
          [36m/>[39m
          [36m<div[39m
            [33mclass[39m=[32m"leaflet-bottom leaflet-left"[39m
          [36m/>[39m
          [36m<div[39m
            [33mclass[39m=[32m"leaflet-bottom leaflet-right"[39m
          [36m>[39m
            [36m<div[39m
              [33mclass[39m=[32m"leaflet-control-attribution leaflet-control"[39m
            [36m>[39m
              [36m<a[39m
                [33mhref[39m=[32m"https://leafletjs.com"[39m
                [33mtitle[39m=[32m"A JavaScript library for interactive maps"[39m
              [36m>[39m
                [36m<svg[39m
                  [33maria-hidden[39m=[32m"true"[39m
                  [33mclass[39m=[32m"leaflet-attribution-flag"[39m
                  [33mheight[39m=[32m"8"[39m
                  [33mviewBox[39m=[32m"0 0 12 8"[39m
                  [33mwidth[39m=[32m"12"[39m
                  [33mxmlns[39m=[32m"http://www.w3.org/2000/svg"[39m
                [36m>[39m
                  [36m<path[39m
                    [33md[39m=[32m"M0 0h12v4H0z"[39m
                    [33mfill[39m=[32m"#4C7BE1"[39m
                  [36m/>[39m
                  [36m<path[39m
                    [33md[39m=[32m"M0 4h12v3H0z"[39m
                    [33mfill[39m=[32m"#FFD500"[39m
                  [36m/>[39m
                  [36m<path[39m
                    [33md[39m=[32m"M0 7h12v1H0z"[39m
                    [33mfill[39m=[32m"#E0BC00"[39m
                  [36m/>[39m
                [36m</svg>[39m
                [0m Leaflet[0m
              [36m</a>[39m
              [0m [0m
              [36m<span[39m
                [33maria-hidden[39m=[32m"true"[39m
              [36m>[39m
                [0m|[0m
              [36m</span>[39m
              [0m © [0m
              [36m<a[39m
                [33mhref[39m=[32m"https://www.openstreetmap.org/copyright"[39m
                [33mrel[39m=[32m"noopener noreferrer"[39m
                [33mtarget[39m=[32m"_blank"[39m
              [36m>[39m
                [0mOpenStreetMap[0m
              [36m</a>[39m
              [0m contributors[0m
            [36m</div>[39m
          [36m</div>[39m
        [36m</div>[39m
      [36m</div>[39m
    [36m</div>[39m
    [36m<div[39m
      [33maria-atomic[39m=[32m"true"[39m
      [33maria-live[39m=[32m"polite"[39m
      [33mid[39m=[32m"map-accessibility-live-region"[39m
      [33mrole[39m=[32m"status"[39m
      [33mstyle[39m=[32m"position: absolute; left: -10000px; width: 1px; height: 1px; overflow: hidden;"[39m
    [36m/>[39m
  [36m</body>[39m
[36m</html>[39m
[36m [2m❯[22m timeout src/components/__tests__/LeafletMap.test.tsx:[2m146:40[22m[39m
    [90m144| [39m
    [90m145| [39m      [35mawait[39m [34mwaitFor[39m(() [33m=>[39m {
    [90m146| [39m        expect(mockLeaflet.layerGroup).toHaveBeenCalledTimes(3) // veh…
    [90m   | [39m                                       [31m^[39m
    [90m147| [39m      }[33m,[39m { timeout[33m:[39m [34m3000[39m })
    [90m148| [39m    })
[90m [2m❯[22m runWithExpensiveErrorDiagnosticsDisabled node_modules/@testing-library/dom/dist/config.js:[2m47:12[22m[39m
[90m [2m❯[22m checkCallback node_modules/@testing-library/dom/dist/wait-for.js:[2m124:77[22m[39m
[90m [2m❯[22m MutationObserver.checkRealTimersCallback node_modules/@testing-library/dom/dist/wait-for.js:[2m118:16[22m[39m
[90m [2m❯[22m MutationObserver.invokeTheCallbackFunction node_modules/jsdom/lib/jsdom/living/generated/MutationCallback.js:[2m19:26[22m[39m
[90m [2m❯[22m notifyMutationObservers node_modules/jsdom/lib/jsdom/living/helpers/mutation-observers.js:[2m160:22[22m[39m
[90m [2m❯[22m node_modules/jsdom/lib/jsdom/living/helpers/mutation-observers.js:[2m133:5[22m[39m

[31m[2m⎯⎯⎯⎯⎯⎯⎯⎯⎯⎯⎯⎯⎯⎯⎯⎯⎯⎯⎯⎯⎯⎯⎯[9/29]⎯[22m[39m

[41m[1m FAIL [22m[49m src/components/__tests__/LeafletMap.test.tsx[2m > [22mLeafletMap[2m > [22mMap Initialization[2m > [22mshould handle map initialization errors gracefully
[31m[1mTestingLibraryElementError[22m[39m: Unable to find role="alert"

Ignored nodes: comments, script, style
[36m<body>[39m
  [36m<div[39m
    [33mid[39m=[32m"map-container"[39m
    [33mstyle[39m=[32m"width: 800px; height: 600px;"[39m
  [36m/>[39m
  [36m<div>[39m
    [36m<div[39m
      [33maria-label[39m=[32m"Interactive fleet management map"[39m
      [33mclass[39m=[32m"leaflet-map-container leaflet-container leaflet-touch leaflet-grab leaflet-touch-drag leaflet-touch-zoom"[39m
      [33mrole[39m=[32m"region"[39m
      [33mstyle[39m=[32m"min-height: 500px; position: relative;"[39m
      [33mtabindex[39m=[32m"0"[39m
    [36m>[39m
      [36m<div[39m
        [33mclass[39m=[32m"leaflet-pane leaflet-map-pane"[39m
        [33mstyle[39m=[32m"left: 0px; top: 0px;"[39m
      [36m>[39m
        [36m<div[39m
          [33mclass[39m=[32m"leaflet-pane leaflet-tile-pane"[39m
        [36m>[39m
          [36m<div[39m
            [33mclass[39m=[32m"leaflet-layer "[39m
            [33mstyle[39m=[32m"z-index: 1;"[39m
          [36m>[39m
            [36m<div[39m
              [33mclass[39m=[32m"leaflet-tile-container leaflet-zoom-animated"[39m
              [33mstyle[39m=[32m"z-index: 19; left: 0px; top: 0px;"[39m
            [36m>[39m
              [36m<img[39m
                [33malt[39m=[32m""[39m
                [33mclass[39m=[32m"leaflet-tile"[39m
                [33msrc[39m=[32m"https://b.tile.openstreetmap.org/12/1089/1684.png"[39m
                [33mstyle[39m=[32m"width: 256px; height: 256px; left: -19px;"[39m
              [36m/>[39m
            [36m</div>[39m
          [36m</div>[39m
        [36m</div>[39m
        [36m<div[39m
          [33mclass[39m=[32m"leaflet-pane leaflet-overlay-pane"[39m
        [36m/>[39m
        [36m<div[39m
          [33mclass[39m=[32m"leaflet-pane leaflet-shadow-pane"[39m
        [36m/>[39m
        [36m<div[39m
          [33mclass[39m=[32m"leaflet-pane leaflet-marker-pane"[39m
        [36m/>[39m
        [36m<div[39m
          [33mclass[39m=[32m"leaflet-pane leaflet-tooltip-pane"[39m
        [36m/>[39m
        [36m<div[39m
          [33mclass[39m=[32m"leaflet-pane leaflet-popup-pane"[39m
        [36m/>[39m
      [36m</div>[39m
      [36m<div[39m
        [33mclass[39m=[32m"leaflet-control-container"[39m
      [36m>[39m
        [36m<div[39m
          [33mclass[39m=[32m"leaflet-top leaflet-left"[39m
        [36m>[39m
          [36m<div[39m
            [33mclass[39m=[32m"leaflet-control-zoom leaflet-bar leaflet-control"[39m
          [36m>[39m
            [36m<a[39m
              [33maria-disabled[39m=[32m"false"[39m
              [33maria-label[39m=[32m"Zoom in"[39m
              [33mclass[39m=[32m"leaflet-control-zoom-in"[39m
              [33mhref[39m=[32m"#"[39m
              [33mrole[39m=[32m"button"[39m
              [33mtitle[39m=[32m"Zoom in"[39m
            [36m>[39m
              [36m<span[39m
                [33maria-hidden[39m=[32m"true"[39m
              [36m>[39m
                [0m+[0m
              [36m</span>[39m
            [36m</a>[39m
            [36m<a[39m
              [33maria-disabled[39m=[32m"false"[39m
              [33maria-label[39m=[32m"Zoom out"[39m
              [33mclass[39m=[32m"leaflet-control-zoom-out"[39m
              [33mhref[39m=[32m"#"[39m
              [33mrole[39m=[32m"button"[39m
              [33mtitle[39m=[32m"Zoom out"[39m
            [36m>[39m
              [36m<span[39m
                [33maria-hidden[39m=[32m"true"[39m
              [36m>[39m
                [0m−[0m
              [36m</span>[39m
            [36m</a>[39m
          [36m</div>[39m
        [36m</div>[39m
        [36m<div[39m
          [33mclass[39m=[32m"leaflet-top leaflet-right"[39m
        [36m/>[39m
        [36m<div[39m
          [33mclass[39m=[32m"leaflet-bottom leaflet-left"[39m
        [36m/>[39m
        [36m<div[39m
          [33mclass[39m=[32m"leaflet-bottom leaflet-right"[39m
        [36m>[39m
          [36m<div[39m
            [33mclass[39m=[32m"leaflet-control-attribution leaflet-control"[39m
          [36m>[39m
            [36m<a[39m
              [33mhref[39m=[32m"https://leafletjs.com"[39m
              [33mtitle[39m=[32m"A JavaScript library for interactive maps"[39m
            [36m>[39m
              [36m<svg[39m
                [33maria-hidden[39m=[32m"true"[39m
                [33mclass[39m=[32m"leaflet-attribution-flag"[39m
                [33mheight[39m=[32m"8"[39m
                [33mviewBox[39m=[32m"0 0 12 8"[39m
                [33mwidth[39m=[32m"12"[39m
                [33mxmlns[39m=[32m"http://www.w3.org/2000/svg"[39m
              [36m>[39m
                [36m<path[39m
                  [33md[39m=[32m"M0 0h12v4H0z"[39m
                  [33mfill[39m=[32m"#4C7BE1"[39m
                [36m/>[39m
                [36m<path[39m
                  [33md[39m=[32m"M0 4h12v3H0z"[39m
                  [33mfill[39m=[32m"#FFD500"[39m
                [36m/>[39m
                [36m<path[39m
                  [33md[39m=[32m"M0 7h12v1H0z"[39m
                  [33mfill[39m=[32m"#E0BC00"[39m
                [36m/>[39m
              [36m</svg>[39m
              [0m Leaflet[0m
            [36m</a>[39m
            [0m [0m
            [36m<span[39m
              [33maria-hidden[39m=[32m"true"[39m
            [36m>[39m
              [0m|[0m
            [36m</span>[39m
            [0m © [0m
            [36m<a[39m
              [33mhref[39m=[32m"https://www.openstreetmap.org/copyright"[39m
              [33mrel[39m=[32m"noopener noreferrer"[39m
              [33mtarget[39m=[32m"_blank"[39m
            [36m>[39m
              [0mOpenStreetMap[0m
            [36m</a>[39m
            [0m contributors[0m
          [36m</div>[39m
        [36m</div>[39m
      [36m</div>[39m
    [36m</div>[39m
  [36m</div>[39m
  [36m<div[39m
    [33maria-atomic[39m=[32m"true"[39m
    [33maria-live[39m=[32m"polite"[39m
    [33mid[39m=[32m"map-accessibility-live-region"[39m
    [33mrole[39m=[32m"status"[39m
    [33mstyle[39m=[32m"position: absolute; left: -10000px; width: 1px; height: 1px; overflow: hidden;"[39m
  [36m/>[39m
[36m</body>[39m

Ignored nodes: comments, script, style
[36m<html>[39m
  [36m<head />[39m
  [36m<body>[39m
    [36m<div[39m
      [33mid[39m=[32m"map-container"[39m
      [33mstyle[39m=[32m"width: 800px; height: 600px;"[39m
    [36m/>[39m
    [36m<div>[39m
      [36m<div[39m
        [33maria-label[39m=[32m"Interactive fleet management map"[39m
        [33mclass[39m=[32m"leaflet-map-container leaflet-container leaflet-touch leaflet-grab leaflet-touch-drag leaflet-touch-zoom"[39m
        [33mrole[39m=[32m"region"[39m
        [33mstyle[39m=[32m"min-height: 500px; position: relative;"[39m
        [33mtabindex[39m=[32m"0"[39m
      [36m>[39m
        [36m<div[39m
          [33mclass[39m=[32m"leaflet-pane leaflet-map-pane"[39m
          [33mstyle[39m=[32m"left: 0px; top: 0px;"[39m
        [36m>[39m
          [36m<div[39m
            [33mclass[39m=[32m"leaflet-pane leaflet-tile-pane"[39m
          [36m>[39m
            [36m<div[39m
              [33mclass[39m=[32m"leaflet-layer "[39m
              [33mstyle[39m=[32m"z-index: 1;"[39m
            [36m>[39m
              [36m<div[39m
                [33mclass[39m=[32m"leaflet-tile-container leaflet-zoom-animated"[39m
                [33mstyle[39m=[32m"z-index: 19; left: 0px; top: 0px;"[39m
              [36m>[39m
                [36m<img[39m
                  [33malt[39m=[32m""[39m
                  [33mclass[39m=[32m"leaflet-tile"[39m
                  [33msrc[39m=[32m"https://b.tile.openstreetmap.org/12/1089/1684.png"[39m
                  [33mstyle[39m=[32m"width: 256px; height: 256px; left: -19px;"[39m
                [36m/>[39m
              [36m</div>[39m
            [36m</div>[39m
          [36m</div>[39m
          [36m<div[39m
            [33mclass[39m=[32m"leaflet-pane leaflet-overlay-pane"[39m
          [36m/>[39m
          [36m<div[39m
            [33mclass[39m=[32m"leaflet-pane leaflet-shadow-pane"[39m
          [36m/>[39m
          [36m<div[39m
            [33mclass[39m=[32m"leaflet-pane leaflet-marker-pane"[39m
          [36m/>[39m
          [36m<div[39m
            [33mclass[39m=[32m"leaflet-pane leaflet-tooltip-pane"[39m
          [36m/>[39m
          [36m<div[39m
            [33mclass[39m=[32m"leaflet-pane leaflet-popup-pane"[39m
          [36m/>[39m
        [36m</div>[39m
        [36m<div[39m
          [33mclass[39m=[32m"leaflet-control-container"[39m
        [36m>[39m
          [36m<div[39m
            [33mclass[39m=[32m"leaflet-top leaflet-left"[39m
          [36m>[39m
            [36m<div[39m
              [33mclass[39m=[32m"leaflet-control-zoom leaflet-bar leaflet-control"[39m
            [36m>[39m
              [36m<a[39m
                [33maria-disabled[39m=[32m"false"[39m
                [33maria-label[39m=[32m"Zoom in"[39m
                [33mclass[39m=[32m"leaflet-control-zoom-in"[39m
                [33mhref[39m=[32m"#"[39m
                [33mrole[39m=[32m"button"[39m
                [33mtitle[39m=[32m"Zoom in"[39m
              [36m>[39m
                [36m<span[39m
                  [33maria-hidden[39m=[32m"true"[39m
                [36m>[39m
                  [0m+[0m
                [36m</span>[39m
              [36m</a>[39m
              [36m<a[39m
                [33maria-disabled[39m=[32m"false"[39m
                [33maria-label[39m=[32m"Zoom out"[39m
                [33mclass[39m=[32m"leaflet-control-zoom-out"[39m
                [33mhref[39m=[32m"#"[39m
                [33mrole[39m=[32m"button"[39m
                [33mtitle[39m=[32m"Zoom out"[39m
              [36m>[39m
                [36m<span[39m
                  [33maria-hidden[39m=[32m"true"[39m
                [36m>[39m
                  [0m−[0m
                [36m</span>[39m
              [36m</a>[39m
            [36m</div>[39m
          [36m</div>[39m
          [36m<div[39m
            [33mclass[39m=[32m"leaflet-top leaflet-right"[39m
          [36m/>[39m
          [36m<div[39m
            [33mclass[39m=[32m"leaflet-bottom leaflet-left"[39m
          [36m/>[39m
          [36m<div[39m
            [33mclass[39m=[32m"leaflet-bottom leaflet-right"[39m
          [36m>[39m
            [36m<div[39m
              [33mclass[39m=[32m"leaflet-control-attribution leaflet-control"[39m
            [36m>[39m
              [36m<a[39m
                [33mhref[39m=[32m"https://leafletjs.com"[39m
                [33mtitle[39m=[32m"A JavaScript library for interactive maps"[39m
              [36m>[39m
                [36m<svg[39m
                  [33maria-hidden[39m=[32m"true"[39m
                  [33mclass[39m=[32m"leaflet-attribution-flag"[39m
                  [33mheight[39m=[32m"8"[39m
                  [33mviewBox[39m=[32m"0 0 12 8"[39m
                  [33mwidth[39m=[32m"12"[39m
                  [33mxmlns[39m=[32m"http://www.w3.org/2000/svg"[39m
                [36m>[39m
                  [36m<path[39m
                    [33md[39m=[32m"M0 0h12v4H0z"[39m
                    [33mfill[39m=[32m"#4C7BE1"[39m
                  [36m/>[39m
                  [36m<path[39m
                    [33md[39m=[32m"M0 4h12v3H0z"[39m
                    [33mfill[39m=[32m"#FFD500"[39m
                  [36m/>[39m
                  [36m<path[39m
                    [33md[39m=[32m"M0 7h12v1H0z"[39m
                    [33mfill[39m=[32m"#E0BC00"[39m
                  [36m/>[39m
                [36m</svg>[39m
                [0m Leaflet[0m
              [36m</a>[39m
              [0m [0m
              [36m<span[39m
                [33maria-hidden[39m=[32m"true"[39m
              [36m>[39m
                [0m|[0m
              [36m</span>[39m
              [0m © [0m
              [36m<a[39m
                [33mhref[39m=[32m"https://www.openstreetmap.org/copyright"[39m
                [33mrel[39m=[32m"noopener noreferrer"[39m
                [33mtarget[39m=[32m"_blank"[39m
              [36m>[39m
                [0mOpenStreetMap[0m
              [36m</a>[39m
              [0m contributors[0m
            [36m</div>[39m
          [36m</div>[39m
        [36m</div>[39m
      [36m</div>[39m
    [36m</div>[39m
    [36m<div[39m
      [33maria-atomic[39m=[32m"true"[39m
      [33maria-live[39m=[32m"polite"[39m
      [33mid[39m=[32m"map-accessibility-live-region"[39m
      [33mrole[39m=[32m"status"[39m
      [33mstyle[39m=[32m"position: absolute; left: -10000px; width: 1px; height: 1px; overflow: hidden;"[39m
    [36m/>[39m
  [36m</body>[39m
[36m</html>[39m
[90m [2m❯[22m waitForWrapper node_modules/@testing-library/dom/dist/wait-for.js:[2m163:27[22m[39m
[36m [2m❯[22m src/components/__tests__/LeafletMap.test.tsx:[2m157:13[22m[39m
    [90m155| [39m      [34mrender[39m([33m<[39m[33mLeafletMap[39m [33m/[39m[33m>[39m)
    [90m156| [39m
    [90m157| [39m      [35mawait[39m [34mwaitFor[39m(() [33m=>[39m {
    [90m   | [39m            [31m^[39m
    [90m158| [39m        [34mexpect[39m(screen[33m.[39m[34mgetByRole[39m([32m'alert'[39m))[33m.[39m[34mtoBeInTheDocument[39m()
    [90m159| [39m        [34mexpect[39m(screen[33m.[39m[34mgetByText[39m([36m/Map Error/i[39m))[33m.[39m[34mtoBeInTheDocument[39m()

[31m[2m⎯⎯⎯⎯⎯⎯⎯⎯⎯⎯⎯⎯⎯⎯⎯⎯⎯⎯⎯⎯⎯⎯[10/29]⎯[22m[39m

[41m[1m FAIL [22m[49m src/components/__tests__/LeafletMap.test.tsx[2m > [22mLeafletMap[2m > [22mMap Styles[2m > [22mshould use default OSM style
[31m[1mAssertionError[22m[39m: expected "vi.fn()" to be called with arguments: [ StringContaining{…}, Any<Object> ][90m

Number of calls: [1m0[22m
[39m

Ignored nodes: comments, script, style
[36m<html>[39m
  [36m<head />[39m
  [36m<body>[39m
    [36m<div[39m
      [33mid[39m=[32m"map-container"[39m
      [33mstyle[39m=[32m"width: 800px; height: 600px;"[39m
    [36m/>[39m
    [36m<div>[39m
      [36m<div[39m
        [33maria-label[39m=[32m"Interactive fleet management map"[39m
        [33mclass[39m=[32m"leaflet-map-container leaflet-container leaflet-touch leaflet-grab leaflet-touch-drag leaflet-touch-zoom"[39m
        [33mrole[39m=[32m"region"[39m
        [33mstyle[39m=[32m"min-height: 500px; position: relative;"[39m
        [33mtabindex[39m=[32m"0"[39m
      [36m>[39m
        [36m<div[39m
          [33mclass[39m=[32m"leaflet-pane leaflet-map-pane"[39m
          [33mstyle[39m=[32m"left: 0px; top: 0px;"[39m
        [36m>[39m
          [36m<div[39m
            [33mclass[39m=[32m"leaflet-pane leaflet-tile-pane"[39m
          [36m>[39m
            [36m<div[39m
              [33mclass[39m=[32m"leaflet-layer "[39m
              [33mstyle[39m=[32m"z-index: 1;"[39m
            [36m>[39m
              [36m<div[39m
                [33mclass[39m=[32m"leaflet-tile-container leaflet-zoom-animated"[39m
                [33mstyle[39m=[32m"z-index: 19; left: 0px; top: 0px;"[39m
              [36m>[39m
                [36m<img[39m
                  [33malt[39m=[32m""[39m
                  [33mclass[39m=[32m"leaflet-tile"[39m
                  [33msrc[39m=[32m"https://b.tile.openstreetmap.org/12/1089/1684.png"[39m
                  [33mstyle[39m=[32m"width: 256px; height: 256px; left: -19px;"[39m
                [36m/>[39m
              [36m</div>[39m
            [36m</div>[39m
          [36m</div>[39m
          [36m<div[39m
            [33mclass[39m=[32m"leaflet-pane leaflet-overlay-pane"[39m
          [36m/>[39m
          [36m<div[39m
            [33mclass[39m=[32m"leaflet-pane leaflet-shadow-pane"[39m
          [36m/>[39m
          [36m<div[39m
            [33mclass[39m=[32m"leaflet-pane leaflet-marker-pane"[39m
          [36m/>[39m
          [36m<div[39m
            [33mclass[39m=[32m"leaflet-pane leaflet-tooltip-pane"[39m
          [36m/>[39m
          [36m<div[39m
            [33mclass[39m=[32m"leaflet-pane leaflet-popup-pane"[39m
          [36m/>[39m
        [36m</div>[39m
        [36m<div[39m
          [33mclass[39m=[32m"leaflet-control-container"[39m
        [36m>[39m
          [36m<div[39m
            [33mclass[39m=[32m"leaflet-top leaflet-left"[39m
          [36m>[39m
            [36m<div[39m
              [33mclass[39m=[32m"leaflet-control-zoom leaflet-bar leaflet-control"[39m
            [36m>[39m
              [36m<a[39m
                [33maria-disabled[39m=[32m"false"[39m
                [33maria-label[39m=[32m"Zoom in"[39m
                [33mclass[39m=[32m"leaflet-control-zoom-in"[39m
                [33mhref[39m=[32m"#"[39m
                [33mrole[39m=[32m"button"[39m
                [33mtitle[39m=[32m"Zoom in"[39m
              [36m>[39m
                [36m<span[39m
                  [33maria-hidden[39m=[32m"true"[39m
                [36m>[39m
                  [0m+[0m
                [36m</span>[39m
              [36m</a>[39m
              [36m<a[39m
                [33maria-disabled[39m=[32m"false"[39m
                [33maria-label[39m=[32m"Zoom out"[39m
                [33mclass[39m=[32m"leaflet-control-zoom-out"[39m
                [33mhref[39m=[32m"#"[39m
                [33mrole[39m=[32m"button"[39m
                [33mtitle[39m=[32m"Zoom out"[39m
              [36m>[39m
                [36m<span[39m
                  [33maria-hidden[39m=[32m"true"[39m
                [36m>[39m
                  [0m−[0m
                [36m</span>[39m
              [36m</a>[39m
            [36m</div>[39m
          [36m</div>[39m
          [36m<div[39m
            [33mclass[39m=[32m"leaflet-top leaflet-right"[39m
          [36m/>[39m
          [36m<div[39m
            [33mclass[39m=[32m"leaflet-bottom leaflet-left"[39m
          [36m/>[39m
          [36m<div[39m
            [33mclass[39m=[32m"leaflet-bottom leaflet-right"[39m
          [36m>[39m
            [36m<div[39m
              [33mclass[39m=[32m"leaflet-control-attribution leaflet-control"[39m
            [36m>[39m
              [36m<a[39m
                [33mhref[39m=[32m"https://leafletjs.com"[39m
                [33mtitle[39m=[32m"A JavaScript library for interactive maps"[39m
              [36m>[39m
                [36m<svg[39m
                  [33maria-hidden[39m=[32m"true"[39m
                  [33mclass[39m=[32m"leaflet-attribution-flag"[39m
                  [33mheight[39m=[32m"8"[39m
                  [33mviewBox[39m=[32m"0 0 12 8"[39m
                  [33mwidth[39m=[32m"12"[39m
                  [33mxmlns[39m=[32m"http://www.w3.org/2000/svg"[39m
                [36m>[39m
                  [36m<path[39m
                    [33md[39m=[32m"M0 0h12v4H0z"[39m
                    [33mfill[39m=[32m"#4C7BE1"[39m
                  [36m/>[39m
                  [36m<path[39m
                    [33md[39m=[32m"M0 4h12v3H0z"[39m
                    [33mfill[39m=[32m"#FFD500"[39m
                  [36m/>[39m
                  [36m<path[39m
                    [33md[39m=[32m"M0 7h12v1H0z"[39m
                    [33mfill[39m=[32m"#E0BC00"[39m
                  [36m/>[39m
                [36m</svg>[39m
                [0m Leaflet[0m
              [36m</a>[39m
              [0m [0m
              [36m<span[39m
                [33maria-hidden[39m=[32m"true"[39m
              [36m>[39m
                [0m|[0m
              [36m</span>[39m
              [0m © [0m
              [36m<a[39m
                [33mhref[39m=[32m"https://www.openstreetmap.org/copyright"[39m
                [33mrel[39m=[32m"noopener noreferrer"[39m
                [33mtarget[39m=[32m"_blank"[39m
              [36m>[39m
                [0mOpenStreetMap[0m
              [36m</a>[39m
              [0m contributors[0m
            [36m</div>[39m
          [36m</div>[39m
        [36m</div>[39m
      [36m</div>[39m
    [36m</div>[39m
    [36m<div[39m
      [33maria-atomic[39m=[32m"true"[39m
      [33maria-live[39m=[32m"polite"[39m
      [33mid[39m=[32m"map-accessibility-live-region"[39m
      [33mrole[39m=[32m"status"[39m
      [33mstyle[39m=[32m"position: absolute; left: -10000px; width: 1px; height: 1px; overflow: hidden;"[39m
    [36m/>[39m
  [36m</body>[39m
[36m</html>[39m
[36m [2m❯[22m timeout src/components/__tests__/LeafletMap.test.tsx:[2m173:39[22m[39m
    [90m171| [39m
    [90m172| [39m      [35mawait[39m [34mwaitFor[39m(() [33m=>[39m {
    [90m173| [39m        [34mexpect[39m(mockLeaflet[33m.[39mtileLayer)[33m.[39m[34mtoHaveBeenCalledWith[39m(
    [90m   | [39m                                      [31m^[39m
    [90m174| [39m          expect[33m.[39m[34mstringContaining[39m([32m'openstreetmap.org'[39m)[33m,[39m
    [90m175| [39m          expect[33m.[39m[34many[39m([33mObject[39m)
[90m [2m❯[22m runWithExpensiveErrorDiagnosticsDisabled node_modules/@testing-library/dom/dist/config.js:[2m47:12[22m[39m
[90m [2m❯[22m checkCallback node_modules/@testing-library/dom/dist/wait-for.js:[2m124:77[22m[39m
[90m [2m❯[22m MutationObserver.checkRealTimersCallback node_modules/@testing-library/dom/dist/wait-for.js:[2m118:16[22m[39m
[90m [2m❯[22m MutationObserver.invokeTheCallbackFunction node_modules/jsdom/lib/jsdom/living/generated/MutationCallback.js:[2m19:26[22m[39m
[90m [2m❯[22m notifyMutationObservers node_modules/jsdom/lib/jsdom/living/helpers/mutation-observers.js:[2m160:22[22m[39m
[90m [2m❯[22m node_modules/jsdom/lib/jsdom/living/helpers/mutation-observers.js:[2m133:5[22m[39m

[31m[2m⎯⎯⎯⎯⎯⎯⎯⎯⎯⎯⎯⎯⎯⎯⎯⎯⎯⎯⎯⎯⎯⎯[11/29]⎯[22m[39m

[41m[1m FAIL [22m[49m src/components/__tests__/LeafletMap.test.tsx[2m > [22mLeafletMap[2m > [22mMap Styles[2m > [22mshould switch to dark style
[31m[1mAssertionError[22m[39m: expected "vi.fn()" to be called at least once

Ignored nodes: comments, script, style
[36m<html>[39m
  [36m<head />[39m
  [36m<body>[39m
    [36m<div[39m
      [33mid[39m=[32m"map-container"[39m
      [33mstyle[39m=[32m"width: 800px; height: 600px;"[39m
    [36m/>[39m
    [36m<div>[39m
      [36m<div[39m
        [33maria-label[39m=[32m"Interactive fleet management map"[39m
        [33mclass[39m=[32m"leaflet-map-container leaflet-container leaflet-touch leaflet-grab leaflet-touch-drag leaflet-touch-zoom"[39m
        [33mrole[39m=[32m"region"[39m
        [33mstyle[39m=[32m"min-height: 500px; position: relative;"[39m
        [33mtabindex[39m=[32m"0"[39m
      [36m>[39m
        [36m<div[39m
          [33mclass[39m=[32m"leaflet-pane leaflet-map-pane"[39m
          [33mstyle[39m=[32m"left: 0px; top: 0px;"[39m
        [36m>[39m
          [36m<div[39m
            [33mclass[39m=[32m"leaflet-pane leaflet-tile-pane"[39m
          [36m>[39m
            [36m<div[39m
              [33mclass[39m=[32m"leaflet-layer "[39m
              [33mstyle[39m=[32m"z-index: 1;"[39m
            [36m>[39m
              [36m<div[39m
                [33mclass[39m=[32m"leaflet-tile-container leaflet-zoom-animated"[39m
                [33mstyle[39m=[32m"z-index: 19; left: 0px; top: 0px;"[39m
              [36m>[39m
                [36m<img[39m
                  [33malt[39m=[32m""[39m
                  [33mclass[39m=[32m"leaflet-tile"[39m
                  [33msrc[39m=[32m"https://b.tile.openstreetmap.org/12/1089/1684.png"[39m
                  [33mstyle[39m=[32m"width: 256px; height: 256px; left: -19px;"[39m
                [36m/>[39m
              [36m</div>[39m
            [36m</div>[39m
          [36m</div>[39m
          [36m<div[39m
            [33mclass[39m=[32m"leaflet-pane leaflet-overlay-pane"[39m
          [36m/>[39m
          [36m<div[39m
            [33mclass[39m=[32m"leaflet-pane leaflet-shadow-pane"[39m
          [36m/>[39m
          [36m<div[39m
            [33mclass[39m=[32m"leaflet-pane leaflet-marker-pane"[39m
          [36m/>[39m
          [36m<div[39m
            [33mclass[39m=[32m"leaflet-pane leaflet-tooltip-pane"[39m
          [36m/>[39m
          [36m<div[39m
            [33mclass[39m=[32m"leaflet-pane leaflet-popup-pane"[39m
          [36m/>[39m
        [36m</div>[39m
        [36m<div[39m
          [33mclass[39m=[32m"leaflet-control-container"[39m
        [36m>[39m
          [36m<div[39m
            [33mclass[39m=[32m"leaflet-top leaflet-left"[39m
          [36m>[39m
            [36m<div[39m
              [33mclass[39m=[32m"leaflet-control-zoom leaflet-bar leaflet-control"[39m
            [36m>[39m
              [36m<a[39m
                [33maria-disabled[39m=[32m"false"[39m
                [33maria-label[39m=[32m"Zoom in"[39m
                [33mclass[39m=[32m"leaflet-control-zoom-in"[39m
                [33mhref[39m=[32m"#"[39m
                [33mrole[39m=[32m"button"[39m
                [33mtitle[39m=[32m"Zoom in"[39m
              [36m>[39m
                [36m<span[39m
                  [33maria-hidden[39m=[32m"true"[39m
                [36m>[39m
                  [0m+[0m
                [36m</span>[39m
              [36m</a>[39m
              [36m<a[39m
                [33maria-disabled[39m=[32m"false"[39m
                [33maria-label[39m=[32m"Zoom out"[39m
                [33mclass[39m=[32m"leaflet-control-zoom-out"[39m
                [33mhref[39m=[32m"#"[39m
                [33mrole[39m=[32m"button"[39m
                [33mtitle[39m=[32m"Zoom out"[39m
              [36m>[39m
                [36m<span[39m
                  [33maria-hidden[39m=[32m"true"[39m
                [36m>[39m
                  [0m−[0m
                [36m</span>[39m
              [36m</a>[39m
            [36m</div>[39m
          [36m</div>[39m
          [36m<div[39m
            [33mclass[39m=[32m"leaflet-top leaflet-right"[39m
          [36m/>[39m
          [36m<div[39m
            [33mclass[39m=[32m"leaflet-bottom leaflet-left"[39m
          [36m/>[39m
          [36m<div[39m
            [33mclass[39m=[32m"leaflet-bottom leaflet-right"[39m
          [36m>[39m
            [36m<div[39m
              [33mclass[39m=[32m"leaflet-control-attribution leaflet-control"[39m
            [36m>[39m
              [36m<a[39m
                [33mhref[39m=[32m"https://leafletjs.com"[39m
                [33mtitle[39m=[32m"A JavaScript library for interactive maps"[39m
              [36m>[39m
                [36m<svg[39m
                  [33maria-hidden[39m=[32m"true"[39m
                  [33mclass[39m=[32m"leaflet-attribution-flag"[39m
                  [33mheight[39m=[32m"8"[39m
                  [33mviewBox[39m=[32m"0 0 12 8"[39m
                  [33mwidth[39m=[32m"12"[39m
                  [33mxmlns[39m=[32m"http://www.w3.org/2000/svg"[39m
                [36m>[39m
                  [36m<path[39m
                    [33md[39m=[32m"M0 0h12v4H0z"[39m
                    [33mfill[39m=[32m"#4C7BE1"[39m
                  [36m/>[39m
                  [36m<path[39m
                    [33md[39m=[32m"M0 4h12v3H0z"[39m
                    [33mfill[39m=[32m"#FFD500"[39m
                  [36m/>[39m
                  [36m<path[39m
                    [33md[39m=[32m"M0 7h12v1H0z"[39m
                    [33mfill[39m=[32m"#E0BC00"[39m
                  [36m/>[39m
                [36m</svg>[39m
                [0m Leaflet[0m
              [36m</a>[39m
              [0m [0m
              [36m<span[39m
                [33maria-hidden[39m=[32m"true"[39m
              [36m>[39m
                [0m|[0m
              [36m</span>[39m
              [0m © [0m
              [36m<a[39m
                [33mhref[39m=[32m"https://www.openstreetmap.org/copyright"[39m
                [33mrel[39m=[32m"noopener noreferrer"[39m
                [33mtarget[39m=[32m"_blank"[39m
              [36m>[39m
                [0mOpenStreetMap[0m
              [36m</a>[39m
              [0m contributors[0m
            [36m</div>[39m
          [36m</div>[39m
        [36m</div>[39m
      [36m</div>[39m
    [36m</div>[39m
    [36m<div[39m
      [33maria-atomic[39m=[32m"true"[39m
      [33maria-live[39m=[32m"polite"[39m
      [33mid[39m=[32m"map-accessibility-live-region"[39m
      [33mrole[39m=[32m"status"[39m
      [33mstyle[39m=[32m"position: absolute; left: -10000px; width: 1px; height: 1px; overflow: hidden;"[39m
    [36m/>[39m
  [36m</body>[39m
[36m</html>[39m
[36m [2m❯[22m src/components/__tests__/LeafletMap.test.tsx:[2m184:39[22m[39m
    [90m182| [39m
    [90m183| [39m      [35mawait[39m [34mwaitFor[39m(() [33m=>[39m {
    [90m184| [39m        [34mexpect[39m(mockLeaflet[33m.[39mtileLayer)[33m.[39m[34mtoHaveBeenCalled[39m()
    [90m   | [39m                                      [31m^[39m
    [90m185| [39m      })
    [90m186| [39m
[90m [2m❯[22m runWithExpensiveErrorDiagnosticsDisabled node_modules/@testing-library/dom/dist/config.js:[2m47:12[22m[39m
[90m [2m❯[22m checkCallback node_modules/@testing-library/dom/dist/wait-for.js:[2m124:77[22m[39m
[90m [2m❯[22m MutationObserver.checkRealTimersCallback node_modules/@testing-library/dom/dist/wait-for.js:[2m118:16[22m[39m
[90m [2m❯[22m MutationObserver.invokeTheCallbackFunction node_modules/jsdom/lib/jsdom/living/generated/MutationCallback.js:[2m19:26[22m[39m
[90m [2m❯[22m notifyMutationObservers node_modules/jsdom/lib/jsdom/living/helpers/mutation-observers.js:[2m160:22[22m[39m
[90m [2m❯[22m node_modules/jsdom/lib/jsdom/living/helpers/mutation-observers.js:[2m133:5[22m[39m

[31m[2m⎯⎯⎯⎯⎯⎯⎯⎯⎯⎯⎯⎯⎯⎯⎯⎯⎯⎯⎯⎯⎯⎯[12/29]⎯[22m[39m

[41m[1m FAIL [22m[49m src/components/__tests__/LeafletMap.test.tsx[2m > [22mLeafletMap[2m > [22mMap Styles[2m > [22mshould switch to topographic style
[31m[1mAssertionError[22m[39m: expected "vi.fn()" to be called with arguments: [ …(2) ][90m

Number of calls: [1m0[22m
[39m

Ignored nodes: comments, script, style
[36m<html>[39m
  [36m<head />[39m
  [36m<body>[39m
    [36m<div[39m
      [33mid[39m=[32m"map-container"[39m
      [33mstyle[39m=[32m"width: 800px; height: 600px;"[39m
    [36m/>[39m
    [36m<div>[39m
      [36m<div[39m
        [33maria-label[39m=[32m"Interactive fleet management map"[39m
        [33mclass[39m=[32m"leaflet-map-container leaflet-container leaflet-touch leaflet-grab leaflet-touch-drag leaflet-touch-zoom"[39m
        [33mrole[39m=[32m"region"[39m
        [33mstyle[39m=[32m"min-height: 500px; position: relative;"[39m
        [33mtabindex[39m=[32m"0"[39m
      [36m>[39m
        [36m<div[39m
          [33mclass[39m=[32m"leaflet-pane leaflet-map-pane"[39m
          [33mstyle[39m=[32m"left: 0px; top: 0px;"[39m
        [36m>[39m
          [36m<div[39m
            [33mclass[39m=[32m"leaflet-pane leaflet-tile-pane"[39m
          [36m>[39m
            [36m<div[39m
              [33mclass[39m=[32m"leaflet-layer "[39m
              [33mstyle[39m=[32m"z-index: 1;"[39m
            [36m>[39m
              [36m<div[39m
                [33mclass[39m=[32m"leaflet-tile-container leaflet-zoom-animated"[39m
                [33mstyle[39m=[32m"z-index: 17; left: 0px; top: 0px;"[39m
              [36m>[39m
                [36m<img[39m
                  [33malt[39m=[32m""[39m
                  [33mclass[39m=[32m"leaflet-tile"[39m
                  [33msrc[39m=[32m"https://b.tile.opentopomap.org/12/1089/1684.png"[39m
                  [33mstyle[39m=[32m"width: 256px; height: 256px; left: -19px;"[39m
                [36m/>[39m
              [36m</div>[39m
            [36m</div>[39m
          [36m</div>[39m
          [36m<div[39m
            [33mclass[39m=[32m"leaflet-pane leaflet-overlay-pane"[39m
          [36m/>[39m
          [36m<div[39m
            [33mclass[39m=[32m"leaflet-pane leaflet-shadow-pane"[39m
          [36m/>[39m
          [36m<div[39m
            [33mclass[39m=[32m"leaflet-pane leaflet-marker-pane"[39m
          [36m/>[39m
          [36m<div[39m
            [33mclass[39m=[32m"leaflet-pane leaflet-tooltip-pane"[39m
          [36m/>[39m
          [36m<div[39m
            [33mclass[39m=[32m"leaflet-pane leaflet-popup-pane"[39m
          [36m/>[39m
        [36m</div>[39m
        [36m<div[39m
          [33mclass[39m=[32m"leaflet-control-container"[39m
        [36m>[39m
          [36m<div[39m
            [33mclass[39m=[32m"leaflet-top leaflet-left"[39m
          [36m>[39m
            [36m<div[39m
              [33mclass[39m=[32m"leaflet-control-zoom leaflet-bar leaflet-control"[39m
            [36m>[39m
              [36m<a[39m
                [33maria-disabled[39m=[32m"false"[39m
                [33maria-label[39m=[32m"Zoom in"[39m
                [33mclass[39m=[32m"leaflet-control-zoom-in"[39m
                [33mhref[39m=[32m"#"[39m
                [33mrole[39m=[32m"button"[39m
                [33mtitle[39m=[32m"Zoom in"[39m
              [36m>[39m
                [36m<span[39m
                  [33maria-hidden[39m=[32m"true"[39m
                [36m>[39m
                  [0m+[0m
                [36m</span>[39m
              [36m</a>[39m
              [36m<a[39m
                [33maria-disabled[39m=[32m"false"[39m
                [33maria-label[39m=[32m"Zoom out"[39m
                [33mclass[39m=[32m"leaflet-control-zoom-out"[39m
                [33mhref[39m=[32m"#"[39m
                [33mrole[39m=[32m"button"[39m
                [33mtitle[39m=[32m"Zoom out"[39m
              [36m>[39m
                [36m<span[39m
                  [33maria-hidden[39m=[32m"true"[39m
                [36m>[39m
                  [0m−[0m
                [36m</span>[39m
              [36m</a>[39m
            [36m</div>[39m
          [36m</div>[39m
          [36m<div[39m
            [33mclass[39m=[32m"leaflet-top leaflet-right"[39m
          [36m/>[39m
          [36m<div[39m
            [33mclass[39m=[32m"leaflet-bottom leaflet-left"[39m
          [36m/>[39m
          [36m<div[39m
            [33mclass[39m=[32m"leaflet-bottom leaflet-right"[39m
          [36m>[39m
            [36m<div[39m
              [33mclass[39m=[32m"leaflet-control-attribution leaflet-control"[39m
            [36m>[39m
              [36m<a[39m
                [33mhref[39m=[32m"https://leafletjs.com"[39m
                [33mtitle[39m=[32m"A JavaScript library for interactive maps"[39m
              [36m>[39m
                [36m<svg[39m
                  [33maria-hidden[39m=[32m"true"[39m
                  [33mclass[39m=[32m"leaflet-attribution-flag"[39m
                  [33mheight[39m=[32m"8"[39m
                  [33mviewBox[39m=[32m"0 0 12 8"[39m
                  [33mwidth[39m=[32m"12"[39m
                  [33mxmlns[39m=[32m"http://www.w3.org/2000/svg"[39m
                [36m>[39m
                  [36m<path[39m
                    [33md[39m=[32m"M0 0h12v4H0z"[39m
                    [33mfill[39m=[32m"#4C7BE1"[39m
                  [36m/>[39m
                  [36m<path[39m
                    [33md[39m=[32m"M0 4h12v3H0z"[39m
                    [33mfill[39m=[32m"#FFD500"[39m
                  [36m/>[39m
                  [36m<path[39m
                    [33md[39m=[32m"M0 7h12v1H0z"[39m
                    [33mfill[39m=[32m"#E0BC00"[39m
                  [36m/>[39m
                [36m</svg>[39m
                [0m Leaflet[0m
              [36m</a>[39m
              [0m [0m
              [36m<span[39m
                [33maria-hidden[39m=[32m"true"[39m
              [36m>[39m
                [0m|[0m
              [36m</span>[39m
              [0m Map data: © [0m
              [36m<a[39m
                [33mhref[39m=[32m"https://www.openstreetmap.org/copyright"[39m
                [33mrel[39m=[32m"noopener noreferrer"[39m
                [33mtarget[39m=[32m"_blank"[39m
              [36m>[39m
                [0mOpenStreetMap[0m
              [36m</a>[39m
              [0m contributors, [0m
              [36m<a[39m
                [33mhref[39m=[32m"http://viewfinderpanoramas.org"[39m
                [33mrel[39m=[32m"noopener noreferrer"[39m
                [33mtarget[39m=[32m"_blank"[39m
              [36m>[39m
                [0mSRTM[0m
              [36m</a>[39m
              [0m | Map style: © [0m
              [36m<a[39m
                [33mhref[39m=[32m"https://opentopomap.org"[39m
                [33mrel[39m=[32m"noopener noreferrer"[39m
                [33mtarget[39m=[32m"_blank"[39m
              [36m>[39m
                [0mOpenTopoMap[0m
              [36m</a>[39m
            [36m</div>[39m
          [36m</div>[39m
        [36m</div>[39m
      [36m</div>[39m
    [36m</div>[39m
    [36m<div[39m
      [33maria-atomic[39m=[32m"true"[39m
      [33maria-live[39m=[32m"polite"[39m
      [33mid[39m=[32m"map-accessibility-live-region"[39m
      [33mrole[39m=[32m"status"[39m
      [33mstyle[39m=[32m"position: absolute; left: -10000px; width: 1px; height: 1px; overflow: hidden;"[39m
    [36m/>[39m
  [36m</body>[39m
[36m</html>[39m
[36m [2m❯[22m src/components/__tests__/LeafletMap.test.tsx:[2m201:39[22m[39m
    [90m199| [39m
    [90m200| [39m      [35mawait[39m [34mwaitFor[39m(() [33m=>[39m {
    [90m201| [39m        [34mexpect[39m(mockLeaflet[33m.[39mtileLayer)[33m.[39m[34mtoHaveBeenCalledWith[39m(
    [90m   | [39m                                      [31m^[39m
    [90m202| [39m          expect[33m.[39m[34mstringContaining[39m([32m'opentopomap.org'[39m)[33m,[39m
    [90m203| [39m          expect[33m.[39m[34many[39m([33mObject[39m)
[90m [2m❯[22m runWithExpensiveErrorDiagnosticsDisabled node_modules/@testing-library/dom/dist/config.js:[2m47:12[22m[39m
[90m [2m❯[22m checkCallback node_modules/@testing-library/dom/dist/wait-for.js:[2m124:77[22m[39m
[90m [2m❯[22m MutationObserver.checkRealTimersCallback node_modules/@testing-library/dom/dist/wait-for.js:[2m118:16[22m[39m
[90m [2m❯[22m MutationObserver.invokeTheCallbackFunction node_modules/jsdom/lib/jsdom/living/generated/MutationCallback.js:[2m19:26[22m[39m
[90m [2m❯[22m notifyMutationObservers node_modules/jsdom/lib/jsdom/living/helpers/mutation-observers.js:[2m160:22[22m[39m
[90m [2m❯[22m node_modules/jsdom/lib/jsdom/living/helpers/mutation-observers.js:[2m133:5[22m[39m

[31m[2m⎯⎯⎯⎯⎯⎯⎯⎯⎯⎯⎯⎯⎯⎯⎯⎯⎯⎯⎯⎯⎯⎯[13/29]⎯[22m[39m

[41m[1m FAIL [22m[49m src/components/__tests__/LeafletMap.test.tsx[2m > [22mLeafletMap[2m > [22mMap Styles[2m > [22mshould switch to satellite style
[31m[1mAssertionError[22m[39m: expected "vi.fn()" to be called with arguments: [ StringContaining{…}, Any<Object> ][90m

Number of calls: [1m0[22m
[39m

Ignored nodes: comments, script, style
[36m<html>[39m
  [36m<head />[39m
  [36m<body>[39m
    [36m<div[39m
      [33mid[39m=[32m"map-container"[39m
      [33mstyle[39m=[32m"width: 800px; height: 600px;"[39m
    [36m/>[39m
    [36m<div>[39m
      [36m<div[39m
        [33maria-label[39m=[32m"Interactive fleet management map"[39m
        [33mclass[39m=[32m"leaflet-map-container leaflet-container leaflet-touch leaflet-grab leaflet-touch-drag leaflet-touch-zoom"[39m
        [33mrole[39m=[32m"region"[39m
        [33mstyle[39m=[32m"min-height: 500px; position: relative;"[39m
        [33mtabindex[39m=[32m"0"[39m
      [36m>[39m
        [36m<div[39m
          [33mclass[39m=[32m"leaflet-pane leaflet-map-pane"[39m
          [33mstyle[39m=[32m"left: 0px; top: 0px;"[39m
        [36m>[39m
          [36m<div[39m
            [33mclass[39m=[32m"leaflet-pane leaflet-tile-pane"[39m
          [36m>[39m
            [36m<div[39m
              [33mclass[39m=[32m"leaflet-layer "[39m
              [33mstyle[39m=[32m"z-index: 1;"[39m
            [36m>[39m
              [36m<div[39m
                [33mclass[39m=[32m"leaflet-tile-container leaflet-zoom-animated"[39m
                [33mstyle[39m=[32m"z-index: 19; left: 0px; top: 0px;"[39m
              [36m>[39m
                [36m<img[39m
                  [33malt[39m=[32m""[39m
                  [33mclass[39m=[32m"leaflet-tile"[39m
                  [33msrc[39m=[32m"https://server.arcgisonline.com/ArcGIS/rest/services/World_Imagery/MapServer/tile/12/1684/1089"[39m
                  [33mstyle[39m=[32m"width: 256px; height: 256px; left: -19px;"[39m
                [36m/>[39m
              [36m</div>[39m
            [36m</div>[39m
          [36m</div>[39m
          [36m<div[39m
            [33mclass[39m=[32m"leaflet-pane leaflet-overlay-pane"[39m
          [36m/>[39m
          [36m<div[39m
            [33mclass[39m=[32m"leaflet-pane leaflet-shadow-pane"[39m
          [36m/>[39m
          [36m<div[39m
            [33mclass[39m=[32m"leaflet-pane leaflet-marker-pane"[39m
          [36m/>[39m
          [36m<div[39m
            [33mclass[39m=[32m"leaflet-pane leaflet-tooltip-pane"[39m
          [36m/>[39m
          [36m<div[39m
            [33mclass[39m=[32m"leaflet-pane leaflet-popup-pane"[39m
          [36m/>[39m
        [36m</div>[39m
        [36m<div[39m
          [33mclass[39m=[32m"leaflet-control-container"[39m
        [36m>[39m
          [36m<div[39m
            [33mclass[39m=[32m"leaflet-top leaflet-left"[39m
          [36m>[39m
            [36m<div[39m
              [33mclass[39m=[32m"leaflet-control-zoom leaflet-bar leaflet-control"[39m
            [36m>[39m
              [36m<a[39m
                [33maria-disabled[39m=[32m"false"[39m
                [33maria-label[39m=[32m"Zoom in"[39m
                [33mclass[39m=[32m"leaflet-control-zoom-in"[39m
                [33mhref[39m=[32m"#"[39m
                [33mrole[39m=[32m"button"[39m
                [33mtitle[39m=[32m"Zoom in"[39m
              [36m>[39m
                [36m<span[39m
                  [33maria-hidden[39m=[32m"true"[39m
                [36m>[39m
                  [0m+[0m
                [36m</span>[39m
              [36m</a>[39m
              [36m<a[39m
                [33maria-disabled[39m=[32m"false"[39m
                [33maria-label[39m=[32m"Zoom out"[39m
                [33mclass[39m=[32m"leaflet-control-zoom-out"[39m
                [33mhref[39m=[32m"#"[39m
                [33mrole[39m=[32m"button"[39m
                [33mtitle[39m=[32m"Zoom out"[39m
              [36m>[39m
                [36m<span[39m
                  [33maria-hidden[39m=[32m"true"[39m
                [36m>[39m
                  [0m−[0m
                [36m</span>[39m
              [36m</a>[39m
            [36m</div>[39m
          [36m</div>[39m
          [36m<div[39m
            [33mclass[39m=[32m"leaflet-top leaflet-right"[39m
          [36m/>[39m
          [36m<div[39m
            [33mclass[39m=[32m"leaflet-bottom leaflet-left"[39m
          [36m/>[39m
          [36m<div[39m
            [33mclass[39m=[32m"leaflet-bottom leaflet-right"[39m
          [36m>[39m
            [36m<div[39m
              [33mclass[39m=[32m"leaflet-control-attribution leaflet-control"[39m
            [36m>[39m
              [36m<a[39m
                [33mhref[39m=[32m"https://leafletjs.com"[39m
                [33mtitle[39m=[32m"A JavaScript library for interactive maps"[39m
              [36m>[39m
                [36m<svg[39m
                  [33maria-hidden[39m=[32m"true"[39m
                  [33mclass[39m=[32m"leaflet-attribution-flag"[39m
                  [33mheight[39m=[32m"8"[39m
                  [33mviewBox[39m=[32m"0 0 12 8"[39m
                  [33mwidth[39m=[32m"12"[39m
                  [33mxmlns[39m=[32m"http://www.w3.org/2000/svg"[39m
                [36m>[39m
                  [36m<path[39m
                    [33md[39m=[32m"M0 0h12v4H0z"[39m
                    [33mfill[39m=[32m"#4C7BE1"[39m
                  [36m/>[39m
                  [36m<path[39m
                    [33md[39m=[32m"M0 4h12v3H0z"[39m
                    [33mfill[39m=[32m"#FFD500"[39m
                  [36m/>[39m
                  [36m<path[39m
                    [33md[39m=[32m"M0 7h12v1H0z"[39m
                    [33mfill[39m=[32m"#E0BC00"[39m
                  [36m/>[39m
                [36m</svg>[39m
                [0m Leaflet[0m
              [36m</a>[39m
              [0m [0m
              [36m<span[39m
                [33maria-hidden[39m=[32m"true"[39m
              [36m>[39m
                [0m|[0m
              [36m</span>[39m
              [0m Tiles © Esri — Source: Esri, i-cubed, USDA, USGS, AEX, GeoEye, Getmapping, Aerogrid, IGN, IGP, UPR-EGP, and the GIS User Community[0m
            [36m</div>[39m
          [36m</div>[39m
        [36m</div>[39m
      [36m</div>[39m
    [36m</div>[39m
    [36m<div[39m
      [33maria-atomic[39m=[32m"true"[39m
      [33maria-live[39m=[32m"polite"[39m
      [33mid[39m=[32m"map-accessibility-live-region"[39m
      [33mrole[39m=[32m"status"[39m
      [33mstyle[39m=[32m"position: absolute; left: -10000px; width: 1px; height: 1px; overflow: hidden;"[39m
    [36m/>[39m
  [36m</body>[39m
[36m</html>[39m
[36m [2m❯[22m src/components/__tests__/LeafletMap.test.tsx:[2m212:39[22m[39m
    [90m210| [39m
    [90m211| [39m      [35mawait[39m [34mwaitFor[39m(() [33m=>[39m {
    [90m212| [39m        [34mexpect[39m(mockLeaflet[33m.[39mtileLayer)[33m.[39m[34mtoHaveBeenCalledWith[39m(
    [90m   | [39m                                      [31m^[39m
    [90m213| [39m          expect[33m.[39m[34mstringContaining[39m([32m'arcgisonline.com'[39m)[33m,[39m
    [90m214| [39m          expect[33m.[39m[34many[39m([33mObject[39m)
[90m [2m❯[22m runWithExpensiveErrorDiagnosticsDisabled node_modules/@testing-library/dom/dist/config.js:[2m47:12[22m[39m
[90m [2m❯[22m checkCallback node_modules/@testing-library/dom/dist/wait-for.js:[2m124:77[22m[39m
[90m [2m❯[22m MutationObserver.checkRealTimersCallback node_modules/@testing-library/dom/dist/wait-for.js:[2m118:16[22m[39m
[90m [2m❯[22m MutationObserver.invokeTheCallbackFunction node_modules/jsdom/lib/jsdom/living/generated/MutationCallback.js:[2m19:26[22m[39m
[90m [2m❯[22m notifyMutationObservers node_modules/jsdom/lib/jsdom/living/helpers/mutation-observers.js:[2m160:22[22m[39m
[90m [2m❯[22m node_modules/jsdom/lib/jsdom/living/helpers/mutation-observers.js:[2m133:5[22m[39m

[31m[2m⎯⎯⎯⎯⎯⎯⎯⎯⎯⎯⎯⎯⎯⎯⎯⎯⎯⎯⎯⎯⎯⎯[14/29]⎯[22m[39m

[41m[1m FAIL [22m[49m src/components/__tests__/LeafletMap.test.tsx[2m > [22mLeafletMap[2m > [22mMap Styles[2m > [22mshould display style indicator in development mode
[31m[1mTestingLibraryElementError[22m[39m: Unable to find an element with the text: /Style: dark/i. This could be because the text is broken up by multiple elements. In this case, you can provide a function for your text matcher to make your matcher more flexible.

Ignored nodes: comments, script, style
[36m<body>[39m
  [36m<div[39m
    [33mid[39m=[32m"map-container"[39m
    [33mstyle[39m=[32m"width: 800px; height: 600px;"[39m
  [36m/>[39m
  [36m<div>[39m
    [36m<div[39m
      [33maria-label[39m=[32m"Interactive fleet management map"[39m
      [33mclass[39m=[32m"leaflet-map-container leaflet-container leaflet-touch leaflet-grab leaflet-touch-drag leaflet-touch-zoom"[39m
      [33mrole[39m=[32m"region"[39m
      [33mstyle[39m=[32m"min-height: 500px; position: relative;"[39m
      [33mtabindex[39m=[32m"0"[39m
    [36m>[39m
      [36m<div[39m
        [33mclass[39m=[32m"leaflet-pane leaflet-map-pane"[39m
        [33mstyle[39m=[32m"left: 0px; top: 0px;"[39m
      [36m>[39m
        [36m<div[39m
          [33mclass[39m=[32m"leaflet-pane leaflet-tile-pane"[39m
        [36m>[39m
          [36m<div[39m
            [33mclass[39m=[32m"leaflet-layer "[39m
            [33mstyle[39m=[32m"z-index: 1;"[39m
          [36m>[39m
            [36m<div[39m
              [33mclass[39m=[32m"leaflet-tile-container leaflet-zoom-animated"[39m
              [33mstyle[39m=[32m"z-index: 19; left: 0px; top: 0px;"[39m
            [36m>[39m
              [36m<img[39m
                [33malt[39m=[32m""[39m
                [33mclass[39m=[32m"leaflet-tile"[39m
                [33msrc[39m=[32m"https://b.basemaps.cartocdn.com/dark_all/12/1089/1684.png"[39m
                [33mstyle[39m=[32m"width: 256px; height: 256px; left: -19px;"[39m
              [36m/>[39m
            [36m</div>[39m
          [36m</div>[39m
        [36m</div>[39m
        [36m<div[39m
          [33mclass[39m=[32m"leaflet-pane leaflet-overlay-pane"[39m
        [36m/>[39m
        [36m<div[39m
          [33mclass[39m=[32m"leaflet-pane leaflet-shadow-pane"[39m
        [36m/>[39m
        [36m<div[39m
          [33mclass[39m=[32m"leaflet-pane leaflet-marker-pane"[39m
        [36m/>[39m
        [36m<div[39m
          [33mclass[39m=[32m"leaflet-pane leaflet-tooltip-pane"[39m
        [36m/>[39m
        [36m<div[39m
          [33mclass[39m=[32m"leaflet-pane leaflet-popup-pane"[39m
        [36m/>[39m
      [36m</div>[39m
      [36m<div[39m
        [33mclass[39m=[32m"leaflet-control-container"[39m
      [36m>[39m
        [36m<div[39m
          [33mclass[39m=[32m"leaflet-top leaflet-left"[39m
        [36m>[39m
          [36m<div[39m
            [33mclass[39m=[32m"leaflet-control-zoom leaflet-bar leaflet-control"[39m
          [36m>[39m
            [36m<a[39m
              [33maria-disabled[39m=[32m"false"[39m
              [33maria-label[39m=[32m"Zoom in"[39m
              [33mclass[39m=[32m"leaflet-control-zoom-in"[39m
              [33mhref[39m=[32m"#"[39m
              [33mrole[39m=[32m"button"[39m
              [33mtitle[39m=[32m"Zoom in"[39m
            [36m>[39m
              [36m<span[39m
                [33maria-hidden[39m=[32m"true"[39m
              [36m>[39m
                [0m+[0m
              [36m</span>[39m
            [36m</a>[39m
            [36m<a[39m
              [33maria-disabled[39m=[32m"false"[39m
              [33maria-label[39m=[32m"Zoom out"[39m
              [33mclass[39m=[32m"leaflet-control-zoom-out"[39m
              [33mhref[39m=[32m"#"[39m
              [33mrole[39m=[32m"button"[39m
              [33mtitle[39m=[32m"Zoom out"[39m
            [36m>[39m
              [36m<span[39m
                [33maria-hidden[39m=[32m"true"[39m
              [36m>[39m
                [0m−[0m
              [36m</span>[39m
            [36m</a>[39m
          [36m</div>[39m
        [36m</div>[39m
        [36m<div[39m
          [33mclass[39m=[32m"leaflet-top leaflet-right"[39m
        [36m/>[39m
        [36m<div[39m
          [33mclass[39m=[32m"leaflet-bottom leaflet-left"[39m
        [36m/>[39m
        [36m<div[39m
          [33mclass[39m=[32m"leaflet-bottom leaflet-right"[39m
        [36m>[39m
          [36m<div[39m
            [33mclass[39m=[32m"leaflet-control-attribution leaflet-control"[39m
          [36m>[39m
            [36m<a[39m
              [33mhref[39m=[32m"https://leafletjs.com"[39m
              [33mtitle[39m=[32m"A JavaScript library for interactive maps"[39m
            [36m>[39m
              [36m<svg[39m
                [33maria-hidden[39m=[32m"true"[39m
                [33mclass[39m=[32m"leaflet-attribution-flag"[39m
                [33mheight[39m=[32m"8"[39m
                [33mviewBox[39m=[32m"0 0 12 8"[39m
                [33mwidth[39m=[32m"12"[39m
                [33mxmlns[39m=[32m"http://www.w3.org/2000/svg"[39m
              [36m>[39m
                [36m<path[39m
                  [33md[39m=[32m"M0 0h12v4H0z"[39m
                  [33mfill[39m=[32m"#4C7BE1"[39m
                [36m/>[39m
                [36m<path[39m
                  [33md[39m=[32m"M0 4h12v3H0z"[39m
                  [33mfill[39m=[32m"#FFD500"[39m
                [36m/>[39m
                [36m<path[39m
                  [33md[39m=[32m"M0 7h12v1H0z"[39m
                  [33mfill[39m=[32m"#E0BC00"[39m
                [36m/>[39m
              [36m</svg>[39m
              [0m Leaflet[0m
            [36m</a>[39m
            [0m [0m
            [36m<span[39m
              [33maria-hidden[39m=[32m"true"[39m
            [36m>[39m
              [0m|[0m
            [36m</span>[39m
            [0m © [0m
            [36m<a[39m
              [33mhref[39m=[32m"https://www.openstreetmap.org/copyright"[39m
              [33mrel[39m=[32m"noopener noreferrer"[39m
              [33mtarget[39m=[32m"_blank"[39m
            [36m>[39m
              [0mOpenStreetMap[0m
            [36m</a>[39m
            [0m contributors © [0m
            [36m<a[39m
              [33mhref[39m=[32m"https://carto.com/attributions"[39m
              [33mrel[39m=[32m"noopener noreferrer"[39m
              [33mtarget[39m=[32m"_blank"[39m
            [36m>[39m
              [0mCARTO[0m
            [36m</a>[39m
          [36m</div>[39m
        [36m</div>[39m
      [36m</div>[39m
    [36m</div>[39m
  [36m</div>[39m
  [36m<div[39m
    [33maria-atomic[39m=[32m"true"[39m
    [33maria-live[39m=[32m"polite"[39m
    [33mid[39m=[32m"map-accessibility-live-region"[39m
    [33mrole[39m=[32m"status"[39m
    [33mstyle[39m=[32m"position: absolute; left: -10000px; width: 1px; height: 1px; overflow: hidden;"[39m
  [36m/>[39m
[36m</body>[39m

Ignored nodes: comments, script, style
[36m<html>[39m
  [36m<head />[39m
  [36m<body>[39m
    [36m<div[39m
      [33mid[39m=[32m"map-container"[39m
      [33mstyle[39m=[32m"width: 800px; height: 600px;"[39m
    [36m/>[39m
    [36m<div>[39m
      [36m<div[39m
        [33maria-label[39m=[32m"Interactive fleet management map"[39m
        [33mclass[39m=[32m"leaflet-map-container leaflet-container leaflet-touch leaflet-grab leaflet-touch-drag leaflet-touch-zoom"[39m
        [33mrole[39m=[32m"region"[39m
        [33mstyle[39m=[32m"min-height: 500px; position: relative;"[39m
        [33mtabindex[39m=[32m"0"[39m
      [36m>[39m
        [36m<div[39m
          [33mclass[39m=[32m"leaflet-pane leaflet-map-pane"[39m
          [33mstyle[39m=[32m"left: 0px; top: 0px;"[39m
        [36m>[39m
          [36m<div[39m
            [33mclass[39m=[32m"leaflet-pane leaflet-tile-pane"[39m
          [36m>[39m
            [36m<div[39m
              [33mclass[39m=[32m"leaflet-layer "[39m
              [33mstyle[39m=[32m"z-index: 1;"[39m
            [36m>[39m
              [36m<div[39m
                [33mclass[39m=[32m"leaflet-tile-container leaflet-zoom-animated"[39m
                [33mstyle[39m=[32m"z-index: 19; left: 0px; top: 0px;"[39m
              [36m>[39m
                [36m<img[39m
                  [33malt[39m=[32m""[39m
                  [33mclass[39m=[32m"leaflet-tile"[39m
                  [33msrc[39m=[32m"https://b.basemaps.cartocdn.com/dark_all/12/1089/1684.png"[39m
                  [33mstyle[39m=[32m"width: 256px; height: 256px; left: -19px;"[39m
                [36m/>[39m
              [36m</div>[39m
            [36m</div>[39m
          [36m</div>[39m
          [36m<div[39m
            [33mclass[39m=[32m"leaflet-pane leaflet-overlay-pane"[39m
          [36m/>[39m
          [36m<div[39m
            [33mclass[39m=[32m"leaflet-pane leaflet-shadow-pane"[39m
          [36m/>[39m
          [36m<div[39m
            [33mclass[39m=[32m"leaflet-pane leaflet-marker-pane"[39m
          [36m/>[39m
          [36m<div[39m
            [33mclass[39m=[32m"leaflet-pane leaflet-tooltip-pane"[39m
          [36m/>[39m
          [36m<div[39m
            [33mclass[39m=[32m"leaflet-pane leaflet-popup-pane"[39m
          [36m/>[39m
        [36m</div>[39m
        [36m<div[39m
          [33mclass[39m=[32m"leaflet-control-container"[39m
        [36m>[39m
          [36m<div[39m
            [33mclass[39m=[32m"leaflet-top leaflet-left"[39m
          [36m>[39m
            [36m<div[39m
              [33mclass[39m=[32m"leaflet-control-zoom leaflet-bar leaflet-control"[39m
            [36m>[39m
              [36m<a[39m
                [33maria-disabled[39m=[32m"false"[39m
                [33maria-label[39m=[32m"Zoom in"[39m
                [33mclass[39m=[32m"leaflet-control-zoom-in"[39m
                [33mhref[39m=[32m"#"[39m
                [33mrole[39m=[32m"button"[39m
                [33mtitle[39m=[32m"Zoom in"[39m
              [36m>[39m
                [36m<span[39m
                  [33maria-hidden[39m=[32m"true"[39m
                [36m>[39m
                  [0m+[0m
                [36m</span>[39m
              [36m</a>[39m
              [36m<a[39m
                [33maria-disabled[39m=[32m"false"[39m
                [33maria-label[39m=[32m"Zoom out"[39m
                [33mclass[39m=[32m"leaflet-control-zoom-out"[39m
                [33mhref[39m=[32m"#"[39m
                [33mrole[39m=[32m"button"[39m
                [33mtitle[39m=[32m"Zoom out"[39m
              [36m>[39m
                [36m<span[39m
                  [33maria-hidden[39m=[32m"true"[39m
                [36m>[39m
                  [0m−[0m
                [36m</span>[39m
              [36m</a>[39m
            [36m</div>[39m
          [36m</div>[39m
          [36m<div[39m
            [33mclass[39m=[32m"leaflet-top leaflet-right"[39m
          [36m/>[39m
          [36m<div[39m
            [33mclass[39m=[32m"leaflet-bottom leaflet-left"[39m
          [36m/>[39m
          [36m<div[39m
            [33mclass[39m=[32m"leaflet-bottom leaflet-right"[39m
          [36m>[39m
            [36m<div[39m
              [33mclass[39m=[32m"leaflet-control-attribution leaflet-control"[39m
            [36m>[39m
              [36m<a[39m
                [33mhref[39m=[32m"https://leafletjs.com"[39m
                [33mtitle[39m=[32m"A JavaScript library for interactive maps"[39m
              [36m>[39m
                [36m<svg[39m
                  [33maria-hidden[39m=[32m"true"[39m
                  [33mclass[39m=[32m"leaflet-attribution-flag"[39m
                  [33mheight[39m=[32m"8"[39m
                  [33mviewBox[39m=[32m"0 0 12 8"[39m
                  [33mwidth[39m=[32m"12"[39m
                  [33mxmlns[39m=[32m"http://www.w3.org/2000/svg"[39m
                [36m>[39m
                  [36m<path[39m
                    [33md[39m=[32m"M0 0h12v4H0z"[39m
                    [33mfill[39m=[32m"#4C7BE1"[39m
                  [36m/>[39m
                  [36m<path[39m
                    [33md[39m=[32m"M0 4h12v3H0z"[39m
                    [33mfill[39m=[32m"#FFD500"[39m
                  [36m/>[39m
                  [36m<path[39m
                    [33md[39m=[32m"M0 7h12v1H0z"[39m
                    [33mfill[39m=[32m"#E0BC00"[39m
                  [36m/>[39m
                [36m</svg>[39m
                [0m Leaflet[0m
              [36m</a>[39m
              [0m [0m
              [36m<span[39m
                [33maria-hidden[39m=[32m"true"[39m
              [36m>[39m
                [0m|[0m
              [36m</span>[39m
              [0m © [0m
              [36m<a[39m
                [33mhref[39m=[32m"https://www.openstreetmap.org/copyright"[39m
                [33mrel[39m=[32m"noopener noreferrer"[39m
                [33mtarget[39m=[32m"_blank"[39m
              [36m>[39m
                [0mOpenStreetMap[0m
              [36m</a>[39m
              [0m contributors © [0m
              [36m<a[39m
                [33mhref[39m=[32m"https://carto.com/attributions"[39m
                [33mrel[39m=[32m"noopener noreferrer"[39m
                [33mtarget[39m=[32m"_blank"[39m
              [36m>[39m
                [0mCARTO[0m
              [36m</a>[39m
            [36m</div>[39m
          [36m</div>[39m
        [36m</div>[39m
      [36m</div>[39m
    [36m</div>[39m
    [36m<div[39m
      [33maria-atomic[39m=[32m"true"[39m
      [33maria-live[39m=[32m"polite"[39m
      [33mid[39m=[32m"map-accessibility-live-region"[39m
      [33mrole[39m=[32m"status"[39m
      [33mstyle[39m=[32m"position: absolute; left: -10000px; width: 1px; height: 1px; overflow: hidden;"[39m
    [36m/>[39m
  [36m</body>[39m
[36m</html>[39m
[90m [2m❯[22m waitForWrapper node_modules/@testing-library/dom/dist/wait-for.js:[2m163:27[22m[39m
[36m [2m❯[22m src/components/__tests__/LeafletMap.test.tsx:[2m225:13[22m[39m
    [90m223| [39m      [34mrender[39m([33m<[39m[33mLeafletMap[39m [33mmapStyle[39m[33m=[39m[32m"dark"[39m [33m/[39m[33m>[39m)
    [90m224| [39m
    [90m225| [39m      [35mawait[39m [34mwaitFor[39m(() [33m=>[39m {
    [90m   | [39m            [31m^[39m
    [90m226| [39m        [34mexpect[39m(screen[33m.[39m[34mgetByText[39m([36m/Style: dark/i[39m))[33m.[39m[34mtoBeInTheDocument[39m()
    [90m227| [39m      })

[31m[2m⎯⎯⎯⎯⎯⎯⎯⎯⎯⎯⎯⎯⎯⎯⎯⎯⎯⎯⎯⎯⎯⎯[15/29]⎯[22m[39m

[41m[1m FAIL [22m[49m src/components/__tests__/LeafletMap.test.tsx[2m > [22mLeafletMap[2m > [22mVehicle Markers[2m > [22mshould render vehicle markers
[31m[1mAssertionError[22m[39m: expected "vi.fn()" to be called 3 times, but got 0 times

Ignored nodes: comments, script, style
[36m<html>[39m
  [36m<head />[39m
  [36m<body>[39m
    [36m<div[39m
      [33mid[39m=[32m"map-container"[39m
      [33mstyle[39m=[32m"width: 800px; height: 600px;"[39m
    [36m/>[39m
    [36m<div>[39m
      [36m<div[39m
        [33maria-label[39m=[32m"Interactive fleet management map"[39m
        [33mclass[39m=[32m"leaflet-map-container leaflet-container leaflet-touch leaflet-grab leaflet-touch-drag leaflet-touch-zoom"[39m
        [33mrole[39m=[32m"region"[39m
        [33mstyle[39m=[32m"min-height: 500px; position: relative;"[39m
        [33mtabindex[39m=[32m"0"[39m
      [36m>[39m
        [36m<div[39m
          [33mclass[39m=[32m"leaflet-pane leaflet-map-pane"[39m
          [33mstyle[39m=[32m"left: 0px; top: 0px;"[39m
        [36m>[39m
          [36m<div[39m
            [33mclass[39m=[32m"leaflet-pane leaflet-tile-pane"[39m
          [36m>[39m
            [36m<div[39m
              [33mclass[39m=[32m"leaflet-layer "[39m
              [33mstyle[39m=[32m"z-index: 1;"[39m
            [36m>[39m
              [36m<div[39m
                [33mclass[39m=[32m"leaflet-tile-container leaflet-zoom-animated"[39m
                [33mstyle[39m=[32m"z-index: 19; left: 0px; top: 0px;"[39m
              [36m>[39m
                [36m<img[39m
                  [33malt[39m=[32m""[39m
                  [33mclass[39m=[32m"leaflet-tile"[39m
                  [33msrc[39m=[32m"https://b.tile.openstreetmap.org/12/1089/1684.png"[39m
                  [33mstyle[39m=[32m"width: 256px; height: 256px; left: -19px;"[39m
                [36m/>[39m
              [36m</div>[39m
            [36m</div>[39m
          [36m</div>[39m
          [36m<div[39m
            [33mclass[39m=[32m"leaflet-pane leaflet-overlay-pane"[39m
          [36m/>[39m
          [36m<div[39m
            [33mclass[39m=[32m"leaflet-pane leaflet-shadow-pane"[39m
          [36m/>[39m
          [36m<div[39m
            [33mclass[39m=[32m"leaflet-pane leaflet-marker-pane"[39m
          [36m/>[39m
          [36m<div[39m
            [33mclass[39m=[32m"leaflet-pane leaflet-tooltip-pane"[39m
          [36m/>[39m
          [36m<div[39m
            [33mclass[39m=[32m"leaflet-pane leaflet-popup-pane"[39m
          [36m/>[39m
        [36m</div>[39m
        [36m<div[39m
          [33mclass[39m=[32m"leaflet-control-container"[39m
        [36m>[39m
          [36m<div[39m
            [33mclass[39m=[32m"leaflet-top leaflet-left"[39m
          [36m>[39m
            [36m<div[39m
              [33mclass[39m=[32m"leaflet-control-zoom leaflet-bar leaflet-control"[39m
            [36m>[39m
              [36m<a[39m
                [33maria-disabled[39m=[32m"false"[39m
                [33maria-label[39m=[32m"Zoom in"[39m
                [33mclass[39m=[32m"leaflet-control-zoom-in"[39m
                [33mhref[39m=[32m"#"[39m
                [33mrole[39m=[32m"button"[39m
                [33mtitle[39m=[32m"Zoom in"[39m
              [36m>[39m
                [36m<span[39m
                  [33maria-hidden[39m=[32m"true"[39m
                [36m>[39m
                  [0m+[0m
                [36m</span>[39m
              [36m</a>[39m
              [36m<a[39m
                [33maria-disabled[39m=[32m"false"[39m
                [33maria-label[39m=[32m"Zoom out"[39m
                [33mclass[39m=[32m"leaflet-control-zoom-out"[39m
                [33mhref[39m=[32m"#"[39m
                [33mrole[39m=[32m"button"[39m
                [33mtitle[39m=[32m"Zoom out"[39m
              [36m>[39m
                [36m<span[39m
                  [33maria-hidden[39m=[32m"true"[39m
                [36m>[39m
                  [0m−[0m
                [36m</span>[39m
              [36m</a>[39m
            [36m</div>[39m
          [36m</div>[39m
          [36m<div[39m
            [33mclass[39m=[32m"leaflet-top leaflet-right"[39m
          [36m/>[39m
          [36m<div[39m
            [33mclass[39m=[32m"leaflet-bottom leaflet-left"[39m
          [36m/>[39m
          [36m<div[39m
            [33mclass[39m=[32m"leaflet-bottom leaflet-right"[39m
          [36m>[39m
            [36m<div[39m
              [33mclass[39m=[32m"leaflet-control-attribution leaflet-control"[39m
            [36m>[39m
              [36m<a[39m
                [33mhref[39m=[32m"https://leafletjs.com"[39m
                [33mtitle[39m=[32m"A JavaScript library for interactive maps"[39m
              [36m>[39m
                [36m<svg[39m
                  [33maria-hidden[39m=[32m"true"[39m
                  [33mclass[39m=[32m"leaflet-attribution-flag"[39m
                  [33mheight[39m=[32m"8"[39m
                  [33mviewBox[39m=[32m"0 0 12 8"[39m
                  [33mwidth[39m=[32m"12"[39m
                  [33mxmlns[39m=[32m"http://www.w3.org/2000/svg"[39m
                [36m>[39m
                  [36m<path[39m
                    [33md[39m=[32m"M0 0h12v4H0z"[39m
                    [33mfill[39m=[32m"#4C7BE1"[39m
                  [36m/>[39m
                  [36m<path[39m
                    [33md[39m=[32m"M0 4h12v3H0z"[39m
                    [33mfill[39m=[32m"#FFD500"[39m
                  [36m/>[39m
                  [36m<path[39m
                    [33md[39m=[32m"M0 7h12v1H0z"[39m
                    [33mfill[39m=[32m"#E0BC00"[39m
                  [36m/>[39m
                [36m</svg>[39m
                [0m Leaflet[0m
              [36m</a>[39m
              [0m [0m
              [36m<span[39m
                [33maria-hidden[39m=[32m"true"[39m
              [36m>[39m
                [0m|[0m
              [36m</span>[39m
              [0m © [0m
              [36m<a[39m
                [33mhref[39m=[32m"https://www.openstreetmap.org/copyright"[39m
                [33mrel[39m=[32m"noopener noreferrer"[39m
                [33mtarget[39m=[32m"_blank"[39m
              [36m>[39m
                [0mOpenStreetMap[0m
              [36m</a>[39m
              [0m contributors[0m
            [36m</div>[39m
          [36m</div>[39m
        [36m</div>[39m
      [36m</div>[39m
    [36m</div>[39m
    [36m<div[39m
      [33maria-atomic[39m=[32m"true"[39m
      [33maria-live[39m=[32m"polite"[39m
      [33mid[39m=[32m"map-accessibility-live-region"[39m
      [33mrole[39m=[32m"status"[39m
      [33mstyle[39m=[32m"position: absolute; left: -10000px; width: 1px; height: 1px; overflow: hidden;"[39m
    [36m/>[39m
  [36m</body>[39m
[36m</html>[39m
[36m [2m❯[22m timeout src/components/__tests__/LeafletMap.test.tsx:[2m243:36[22m[39m
    [90m241| [39m
    [90m242| [39m      [35mawait[39m [34mwaitFor[39m(() [33m=>[39m {
    [90m243| [39m        [34mexpect[39m(mockLeaflet[33m.[39mmarker)[33m.[39m[34mtoHaveBeenCalledTimes[39m([34m3[39m)
    [90m   | [39m                                   [31m^[39m
    [90m244| [39m      }[33m,[39m { timeout[33m:[39m [34m3000[39m })
    [90m245| [39m    })
[90m [2m❯[22m runWithExpensiveErrorDiagnosticsDisabled node_modules/@testing-library/dom/dist/config.js:[2m47:12[22m[39m
[90m [2m❯[22m checkCallback node_modules/@testing-library/dom/dist/wait-for.js:[2m124:77[22m[39m
[90m [2m❯[22m MutationObserver.checkRealTimersCallback node_modules/@testing-library/dom/dist/wait-for.js:[2m118:16[22m[39m
[90m [2m❯[22m MutationObserver.invokeTheCallbackFunction node_modules/jsdom/lib/jsdom/living/generated/MutationCallback.js:[2m19:26[22m[39m
[90m [2m❯[22m notifyMutationObservers node_modules/jsdom/lib/jsdom/living/helpers/mutation-observers.js:[2m160:22[22m[39m
[90m [2m❯[22m node_modules/jsdom/lib/jsdom/living/helpers/mutation-observers.js:[2m133:5[22m[39m

[31m[2m⎯⎯⎯⎯⎯⎯⎯⎯⎯⎯⎯⎯⎯⎯⎯⎯⎯⎯⎯⎯⎯⎯[16/29]⎯[22m[39m

[41m[1m FAIL [22m[49m src/components/__tests__/LeafletMap.test.tsx[2m > [22mLeafletMap[2m > [22mVehicle Markers[2m > [22mshould create custom icons for vehicles
[31m[1mAssertionError[22m[39m: expected "vi.fn()" to be called at least once

Ignored nodes: comments, script, style
[36m<html>[39m
  [36m<head />[39m
  [36m<body>[39m
    [36m<div[39m
      [33mid[39m=[32m"map-container"[39m
      [33mstyle[39m=[32m"width: 800px; height: 600px;"[39m
    [36m/>[39m
    [36m<div>[39m
      [36m<div[39m
        [33maria-label[39m=[32m"Interactive fleet management map"[39m
        [33mclass[39m=[32m"leaflet-map-container leaflet-container leaflet-touch leaflet-grab leaflet-touch-drag leaflet-touch-zoom"[39m
        [33mrole[39m=[32m"region"[39m
        [33mstyle[39m=[32m"min-height: 500px; position: relative;"[39m
        [33mtabindex[39m=[32m"0"[39m
      [36m>[39m
        [36m<div[39m
          [33mclass[39m=[32m"leaflet-pane leaflet-map-pane"[39m
          [33mstyle[39m=[32m"left: 0px; top: 0px;"[39m
        [36m>[39m
          [36m<div[39m
            [33mclass[39m=[32m"leaflet-pane leaflet-tile-pane"[39m
          [36m>[39m
            [36m<div[39m
              [33mclass[39m=[32m"leaflet-layer "[39m
              [33mstyle[39m=[32m"z-index: 1;"[39m
            [36m>[39m
              [36m<div[39m
                [33mclass[39m=[32m"leaflet-tile-container leaflet-zoom-animated"[39m
                [33mstyle[39m=[32m"z-index: 19; left: 0px; top: 0px;"[39m
              [36m>[39m
                [36m<img[39m
                  [33malt[39m=[32m""[39m
                  [33mclass[39m=[32m"leaflet-tile"[39m
                  [33msrc[39m=[32m"https://b.tile.openstreetmap.org/12/1089/1684.png"[39m
                  [33mstyle[39m=[32m"width: 256px; height: 256px; left: -19px;"[39m
                [36m/>[39m
              [36m</div>[39m
            [36m</div>[39m
          [36m</div>[39m
          [36m<div[39m
            [33mclass[39m=[32m"leaflet-pane leaflet-overlay-pane"[39m
          [36m/>[39m
          [36m<div[39m
            [33mclass[39m=[32m"leaflet-pane leaflet-shadow-pane"[39m
          [36m/>[39m
          [36m<div[39m
            [33mclass[39m=[32m"leaflet-pane leaflet-marker-pane"[39m
          [36m/>[39m
          [36m<div[39m
            [33mclass[39m=[32m"leaflet-pane leaflet-tooltip-pane"[39m
          [36m/>[39m
          [36m<div[39m
            [33mclass[39m=[32m"leaflet-pane leaflet-popup-pane"[39m
          [36m/>[39m
        [36m</div>[39m
        [36m<div[39m
          [33mclass[39m=[32m"leaflet-control-container"[39m
        [36m>[39m
          [36m<div[39m
            [33mclass[39m=[32m"leaflet-top leaflet-left"[39m
          [36m>[39m
            [36m<div[39m
              [33mclass[39m=[32m"leaflet-control-zoom leaflet-bar leaflet-control"[39m
            [36m>[39m
              [36m<a[39m
                [33maria-disabled[39m=[32m"false"[39m
                [33maria-label[39m=[32m"Zoom in"[39m
                [33mclass[39m=[32m"leaflet-control-zoom-in"[39m
                [33mhref[39m=[32m"#"[39m
                [33mrole[39m=[32m"button"[39m
                [33mtitle[39m=[32m"Zoom in"[39m
              [36m>[39m
                [36m<span[39m
                  [33maria-hidden[39m=[32m"true"[39m
                [36m>[39m
                  [0m+[0m
                [36m</span>[39m
              [36m</a>[39m
              [36m<a[39m
                [33maria-disabled[39m=[32m"false"[39m
                [33maria-label[39m=[32m"Zoom out"[39m
                [33mclass[39m=[32m"leaflet-control-zoom-out"[39m
                [33mhref[39m=[32m"#"[39m
                [33mrole[39m=[32m"button"[39m
                [33mtitle[39m=[32m"Zoom out"[39m
              [36m>[39m
                [36m<span[39m
                  [33maria-hidden[39m=[32m"true"[39m
                [36m>[39m
                  [0m−[0m
                [36m</span>[39m
              [36m</a>[39m
            [36m</div>[39m
          [36m</div>[39m
          [36m<div[39m
            [33mclass[39m=[32m"leaflet-top leaflet-right"[39m
          [36m/>[39m
          [36m<div[39m
            [33mclass[39m=[32m"leaflet-bottom leaflet-left"[39m
          [36m/>[39m
          [36m<div[39m
            [33mclass[39m=[32m"leaflet-bottom leaflet-right"[39m
          [36m>[39m
            [36m<div[39m
              [33mclass[39m=[32m"leaflet-control-attribution leaflet-control"[39m
            [36m>[39m
              [36m<a[39m
                [33mhref[39m=[32m"https://leafletjs.com"[39m
                [33mtitle[39m=[32m"A JavaScript library for interactive maps"[39m
              [36m>[39m
                [36m<svg[39m
                  [33maria-hidden[39m=[32m"true"[39m
                  [33mclass[39m=[32m"leaflet-attribution-flag"[39m
                  [33mheight[39m=[32m"8"[39m
                  [33mviewBox[39m=[32m"0 0 12 8"[39m
                  [33mwidth[39m=[32m"12"[39m
                  [33mxmlns[39m=[32m"http://www.w3.org/2000/svg"[39m
                [36m>[39m
                  [36m<path[39m
                    [33md[39m=[32m"M0 0h12v4H0z"[39m
                    [33mfill[39m=[32m"#4C7BE1"[39m
                  [36m/>[39m
                  [36m<path[39m
                    [33md[39m=[32m"M0 4h12v3H0z"[39m
                    [33mfill[39m=[32m"#FFD500"[39m
                  [36m/>[39m
                  [36m<path[39m
                    [33md[39m=[32m"M0 7h12v1H0z"[39m
                    [33mfill[39m=[32m"#E0BC00"[39m
                  [36m/>[39m
                [36m</svg>[39m
                [0m Leaflet[0m
              [36m</a>[39m
              [0m [0m
              [36m<span[39m
                [33maria-hidden[39m=[32m"true"[39m
              [36m>[39m
                [0m|[0m
              [36m</span>[39m
              [0m © [0m
              [36m<a[39m
                [33mhref[39m=[32m"https://www.openstreetmap.org/copyright"[39m
                [33mrel[39m=[32m"noopener noreferrer"[39m
                [33mtarget[39m=[32m"_blank"[39m
              [36m>[39m
                [0mOpenStreetMap[0m
              [36m</a>[39m
              [0m contributors[0m
            [36m</div>[39m
          [36m</div>[39m
        [36m</div>[39m
      [36m</div>[39m
    [36m</div>[39m
    [36m<div[39m
      [33maria-atomic[39m=[32m"true"[39m
      [33maria-live[39m=[32m"polite"[39m
      [33mid[39m=[32m"map-accessibility-live-region"[39m
      [33mrole[39m=[32m"status"[39m
      [33mstyle[39m=[32m"position: absolute; left: -10000px; width: 1px; height: 1px; overflow: hidden;"[39m
    [36m/>[39m
  [36m</body>[39m
[36m</html>[39m
[36m [2m❯[22m src/components/__tests__/LeafletMap.test.tsx:[2m261:37[22m[39m
    [90m259| [39m
    [90m260| [39m      [35mawait[39m [34mwaitFor[39m(() [33m=>[39m {
    [90m261| [39m        [34mexpect[39m(mockLeaflet[33m.[39mdivIcon)[33m.[39m[34mtoHaveBeenCalled[39m()
    [90m   | [39m                                    [31m^[39m
    [90m262| [39m      })
    [90m263| [39m    })
[90m [2m❯[22m runWithExpensiveErrorDiagnosticsDisabled node_modules/@testing-library/dom/dist/config.js:[2m47:12[22m[39m
[90m [2m❯[22m checkCallback node_modules/@testing-library/dom/dist/wait-for.js:[2m124:77[22m[39m
[90m [2m❯[22m MutationObserver.checkRealTimersCallback node_modules/@testing-library/dom/dist/wait-for.js:[2m118:16[22m[39m
[90m [2m❯[22m MutationObserver.invokeTheCallbackFunction node_modules/jsdom/lib/jsdom/living/generated/MutationCallback.js:[2m19:26[22m[39m
[90m [2m❯[22m notifyMutationObservers node_modules/jsdom/lib/jsdom/living/helpers/mutation-observers.js:[2m160:22[22m[39m
[90m [2m❯[22m node_modules/jsdom/lib/jsdom/living/helpers/mutation-observers.js:[2m133:5[22m[39m

[31m[2m⎯⎯⎯⎯⎯⎯⎯⎯⎯⎯⎯⎯⎯⎯⎯⎯⎯⎯⎯⎯⎯⎯[17/29]⎯[22m[39m

[41m[1m FAIL [22m[49m src/components/__tests__/LeafletMap.test.tsx[2m > [22mLeafletMap[2m > [22mVehicle Markers[2m > [22mshould bind popup to vehicle markers
[31m[1mTypeError[22m[39m: undefined is not a spy or a call to a spy!

Ignored nodes: comments, script, style
[36m<html>[39m
  [36m<head />[39m
  [36m<body>[39m
    [36m<div[39m
      [33mid[39m=[32m"map-container"[39m
      [33mstyle[39m=[32m"width: 800px; height: 600px;"[39m
    [36m/>[39m
    [36m<div>[39m
      [36m<div[39m
        [33maria-label[39m=[32m"Interactive fleet management map"[39m
        [33mclass[39m=[32m"leaflet-map-container leaflet-container leaflet-touch leaflet-grab leaflet-touch-drag leaflet-touch-zoom"[39m
        [33mrole[39m=[32m"region"[39m
        [33mstyle[39m=[32m"min-height: 500px; position: relative;"[39m
        [33mtabindex[39m=[32m"0"[39m
      [36m>[39m
        [36m<div[39m
          [33mclass[39m=[32m"leaflet-pane leaflet-map-pane"[39m
          [33mstyle[39m=[32m"left: 0px; top: 0px;"[39m
        [36m>[39m
          [36m<div[39m
            [33mclass[39m=[32m"leaflet-pane leaflet-tile-pane"[39m
          [36m>[39m
            [36m<div[39m
              [33mclass[39m=[32m"leaflet-layer "[39m
              [33mstyle[39m=[32m"z-index: 1;"[39m
            [36m>[39m
              [36m<div[39m
                [33mclass[39m=[32m"leaflet-tile-container leaflet-zoom-animated"[39m
                [33mstyle[39m=[32m"z-index: 19; left: 0px; top: 0px;"[39m
              [36m>[39m
                [36m<img[39m
                  [33malt[39m=[32m""[39m
                  [33mclass[39m=[32m"leaflet-tile"[39m
                  [33msrc[39m=[32m"https://b.tile.openstreetmap.org/12/1089/1684.png"[39m
                  [33mstyle[39m=[32m"width: 256px; height: 256px; left: -19px;"[39m
                [36m/>[39m
              [36m</div>[39m
            [36m</div>[39m
          [36m</div>[39m
          [36m<div[39m
            [33mclass[39m=[32m"leaflet-pane leaflet-overlay-pane"[39m
          [36m/>[39m
          [36m<div[39m
            [33mclass[39m=[32m"leaflet-pane leaflet-shadow-pane"[39m
          [36m/>[39m
          [36m<div[39m
            [33mclass[39m=[32m"leaflet-pane leaflet-marker-pane"[39m
          [36m/>[39m
          [36m<div[39m
            [33mclass[39m=[32m"leaflet-pane leaflet-tooltip-pane"[39m
          [36m/>[39m
          [36m<div[39m
            [33mclass[39m=[32m"leaflet-pane leaflet-popup-pane"[39m
          [36m/>[39m
        [36m</div>[39m
        [36m<div[39m
          [33mclass[39m=[32m"leaflet-control-container"[39m
        [36m>[39m
          [36m<div[39m
            [33mclass[39m=[32m"leaflet-top leaflet-left"[39m
          [36m>[39m
            [36m<div[39m
              [33mclass[39m=[32m"leaflet-control-zoom leaflet-bar leaflet-control"[39m
            [36m>[39m
              [36m<a[39m
                [33maria-disabled[39m=[32m"false"[39m
                [33maria-label[39m=[32m"Zoom in"[39m
                [33mclass[39m=[32m"leaflet-control-zoom-in"[39m
                [33mhref[39m=[32m"#"[39m
                [33mrole[39m=[32m"button"[39m
                [33mtitle[39m=[32m"Zoom in"[39m
              [36m>[39m
                [36m<span[39m
                  [33maria-hidden[39m=[32m"true"[39m
                [36m>[39m
                  [0m+[0m
                [36m</span>[39m
              [36m</a>[39m
              [36m<a[39m
                [33maria-disabled[39m=[32m"false"[39m
                [33maria-label[39m=[32m"Zoom out"[39m
                [33mclass[39m=[32m"leaflet-control-zoom-out"[39m
                [33mhref[39m=[32m"#"[39m
                [33mrole[39m=[32m"button"[39m
                [33mtitle[39m=[32m"Zoom out"[39m
              [36m>[39m
                [36m<span[39m
                  [33maria-hidden[39m=[32m"true"[39m
                [36m>[39m
                  [0m−[0m
                [36m</span>[39m
              [36m</a>[39m
            [36m</div>[39m
          [36m</div>[39m
          [36m<div[39m
            [33mclass[39m=[32m"leaflet-top leaflet-right"[39m
          [36m/>[39m
          [36m<div[39m
            [33mclass[39m=[32m"leaflet-bottom leaflet-left"[39m
          [36m/>[39m
          [36m<div[39m
            [33mclass[39m=[32m"leaflet-bottom leaflet-right"[39m
          [36m>[39m
            [36m<div[39m
              [33mclass[39m=[32m"leaflet-control-attribution leaflet-control"[39m
            [36m>[39m
              [36m<a[39m
                [33mhref[39m=[32m"https://leafletjs.com"[39m
                [33mtitle[39m=[32m"A JavaScript library for interactive maps"[39m
              [36m>[39m
                [36m<svg[39m
                  [33maria-hidden[39m=[32m"true"[39m
                  [33mclass[39m=[32m"leaflet-attribution-flag"[39m
                  [33mheight[39m=[32m"8"[39m
                  [33mviewBox[39m=[32m"0 0 12 8"[39m
                  [33mwidth[39m=[32m"12"[39m
                  [33mxmlns[39m=[32m"http://www.w3.org/2000/svg"[39m
                [36m>[39m
                  [36m<path[39m
                    [33md[39m=[32m"M0 0h12v4H0z"[39m
                    [33mfill[39m=[32m"#4C7BE1"[39m
                  [36m/>[39m
                  [36m<path[39m
                    [33md[39m=[32m"M0 4h12v3H0z"[39m
                    [33mfill[39m=[32m"#FFD500"[39m
                  [36m/>[39m
                  [36m<path[39m
                    [33md[39m=[32m"M0 7h12v1H0z"[39m
                    [33mfill[39m=[32m"#E0BC00"[39m
                  [36m/>[39m
                [36m</svg>[39m
                [0m Leaflet[0m
              [36m</a>[39m
              [0m [0m
              [36m<span[39m
                [33maria-hidden[39m=[32m"true"[39m
              [36m>[39m
                [0m|[0m
              [36m</span>[39m
              [0m © [0m
              [36m<a[39m
                [33mhref[39m=[32m"https://www.openstreetmap.org/copyright"[39m
                [33mrel[39m=[32m"noopener noreferrer"[39m
                [33mtarget[39m=[32m"_blank"[39m
              [36m>[39m
                [0mOpenStreetMap[0m
              [36m</a>[39m
              [0m contributors[0m
            [36m</div>[39m
          [36m</div>[39m
        [36m</div>[39m
      [36m</div>[39m
    [36m</div>[39m
    [36m<div[39m
      [33maria-atomic[39m=[32m"true"[39m
      [33maria-live[39m=[32m"polite"[39m
      [33mid[39m=[32m"map-accessibility-live-region"[39m
      [33mrole[39m=[32m"status"[39m
      [33mstyle[39m=[32m"position: absolute; left: -10000px; width: 1px; height: 1px; overflow: hidden;"[39m
    [36m/>[39m
  [36m</body>[39m
[36m</html>[39m
[36m [2m❯[22m src/components/__tests__/LeafletMap.test.tsx:[2m271:43[22m[39m
    [90m269| [39m      [35mawait[39m [34mwaitFor[39m(() [33m=>[39m {
    [90m270| [39m        const markerInstance = vi.mocked(mockLeaflet.marker).mock.resu…
    [90m271| [39m        [34mexpect[39m(markerInstance[33m?.[39mbindPopup)[33m.[39m[34mtoHaveBeenCalled[39m()
    [90m   | [39m                                          [31m^[39m
    [90m272| [39m      })
    [90m273| [39m    })
[90m [2m❯[22m runWithExpensiveErrorDiagnosticsDisabled node_modules/@testing-library/dom/dist/config.js:[2m47:12[22m[39m
[90m [2m❯[22m checkCallback node_modules/@testing-library/dom/dist/wait-for.js:[2m124:77[22m[39m
[90m [2m❯[22m MutationObserver.checkRealTimersCallback node_modules/@testing-library/dom/dist/wait-for.js:[2m118:16[22m[39m
[90m [2m❯[22m MutationObserver.invokeTheCallbackFunction node_modules/jsdom/lib/jsdom/living/generated/MutationCallback.js:[2m19:26[22m[39m

[31m[2m⎯⎯⎯⎯⎯⎯⎯⎯⎯⎯⎯⎯⎯⎯⎯⎯⎯⎯⎯⎯⎯⎯[18/29]⎯[22m[39m

[41m[1m FAIL [22m[49m src/components/__tests__/LeafletMap.test.tsx[2m > [22mLeafletMap[2m > [22mVehicle Markers[2m > [22mshould skip vehicles with invalid coordinates
[31m[1mAssertionError[22m[39m: expected "vi.fn()" to be called 2 times, but got 0 times

Ignored nodes: comments, script, style
[36m<html>[39m
  [36m<head />[39m
  [36m<body>[39m
    [36m<div[39m
      [33mid[39m=[32m"map-container"[39m
      [33mstyle[39m=[32m"width: 800px; height: 600px;"[39m
    [36m/>[39m
    [36m<div>[39m
      [36m<div[39m
        [33maria-label[39m=[32m"Interactive fleet management map"[39m
        [33mclass[39m=[32m"leaflet-map-container leaflet-container leaflet-touch leaflet-grab leaflet-touch-drag leaflet-touch-zoom"[39m
        [33mrole[39m=[32m"region"[39m
        [33mstyle[39m=[32m"min-height: 500px; position: relative;"[39m
        [33mtabindex[39m=[32m"0"[39m
      [36m>[39m
        [36m<div[39m
          [33mclass[39m=[32m"leaflet-pane leaflet-map-pane"[39m
          [33mstyle[39m=[32m"left: 0px; top: 0px;"[39m
        [36m>[39m
          [36m<div[39m
            [33mclass[39m=[32m"leaflet-pane leaflet-tile-pane"[39m
          [36m>[39m
            [36m<div[39m
              [33mclass[39m=[32m"leaflet-layer "[39m
              [33mstyle[39m=[32m"z-index: 1;"[39m
            [36m>[39m
              [36m<div[39m
                [33mclass[39m=[32m"leaflet-tile-container leaflet-zoom-animated"[39m
                [33mstyle[39m=[32m"z-index: 19; left: 0px; top: 0px;"[39m
              [36m>[39m
                [36m<img[39m
                  [33malt[39m=[32m""[39m
                  [33mclass[39m=[32m"leaflet-tile"[39m
                  [33msrc[39m=[32m"https://b.tile.openstreetmap.org/12/1089/1684.png"[39m
                  [33mstyle[39m=[32m"width: 256px; height: 256px; left: -19px;"[39m
                [36m/>[39m
              [36m</div>[39m
            [36m</div>[39m
          [36m</div>[39m
          [36m<div[39m
            [33mclass[39m=[32m"leaflet-pane leaflet-overlay-pane"[39m
          [36m/>[39m
          [36m<div[39m
            [33mclass[39m=[32m"leaflet-pane leaflet-shadow-pane"[39m
          [36m/>[39m
          [36m<div[39m
            [33mclass[39m=[32m"leaflet-pane leaflet-marker-pane"[39m
          [36m/>[39m
          [36m<div[39m
            [33mclass[39m=[32m"leaflet-pane leaflet-tooltip-pane"[39m
          [36m/>[39m
          [36m<div[39m
            [33mclass[39m=[32m"leaflet-pane leaflet-popup-pane"[39m
          [36m/>[39m
        [36m</div>[39m
        [36m<div[39m
          [33mclass[39m=[32m"leaflet-control-container"[39m
        [36m>[39m
          [36m<div[39m
            [33mclass[39m=[32m"leaflet-top leaflet-left"[39m
          [36m>[39m
            [36m<div[39m
              [33mclass[39m=[32m"leaflet-control-zoom leaflet-bar leaflet-control"[39m
            [36m>[39m
              [36m<a[39m
                [33maria-disabled[39m=[32m"false"[39m
                [33maria-label[39m=[32m"Zoom in"[39m
                [33mclass[39m=[32m"leaflet-control-zoom-in"[39m
                [33mhref[39m=[32m"#"[39m
                [33mrole[39m=[32m"button"[39m
                [33mtitle[39m=[32m"Zoom in"[39m
              [36m>[39m
                [36m<span[39m
                  [33maria-hidden[39m=[32m"true"[39m
                [36m>[39m
                  [0m+[0m
                [36m</span>[39m
              [36m</a>[39m
              [36m<a[39m
                [33maria-disabled[39m=[32m"false"[39m
                [33maria-label[39m=[32m"Zoom out"[39m
                [33mclass[39m=[32m"leaflet-control-zoom-out"[39m
                [33mhref[39m=[32m"#"[39m
                [33mrole[39m=[32m"button"[39m
                [33mtitle[39m=[32m"Zoom out"[39m
              [36m>[39m
                [36m<span[39m
                  [33maria-hidden[39m=[32m"true"[39m
                [36m>[39m
                  [0m−[0m
                [36m</span>[39m
              [36m</a>[39m
            [36m</div>[39m
          [36m</div>[39m
          [36m<div[39m
            [33mclass[39m=[32m"leaflet-top leaflet-right"[39m
          [36m/>[39m
          [36m<div[39m
            [33mclass[39m=[32m"leaflet-bottom leaflet-left"[39m
          [36m/>[39m
          [36m<div[39m
            [33mclass[39m=[32m"leaflet-bottom leaflet-right"[39m
          [36m>[39m
            [36m<div[39m
              [33mclass[39m=[32m"leaflet-control-attribution leaflet-control"[39m
            [36m>[39m
              [36m<a[39m
                [33mhref[39m=[32m"https://leafletjs.com"[39m
                [33mtitle[39m=[32m"A JavaScript library for interactive maps"[39m
              [36m>[39m
                [36m<svg[39m
                  [33maria-hidden[39m=[32m"true"[39m
                  [33mclass[39m=[32m"leaflet-attribution-flag"[39m
                  [33mheight[39m=[32m"8"[39m
                  [33mviewBox[39m=[32m"0 0 12 8"[39m
                  [33mwidth[39m=[32m"12"[39m
                  [33mxmlns[39m=[32m"http://www.w3.org/2000/svg"[39m
                [36m>[39m
                  [36m<path[39m
                    [33md[39m=[32m"M0 0h12v4H0z"[39m
                    [33mfill[39m=[32m"#4C7BE1"[39m
                  [36m/>[39m
                  [36m<path[39m
                    [33md[39m=[32m"M0 4h12v3H0z"[39m
                    [33mfill[39m=[32m"#FFD500"[39m
                  [36m/>[39m
                  [36m<path[39m
                    [33md[39m=[32m"M0 7h12v1H0z"[39m
                    [33mfill[39m=[32m"#E0BC00"[39m
                  [36m/>[39m
                [36m</svg>[39m
                [0m Leaflet[0m
              [36m</a>[39m
              [0m [0m
              [36m<span[39m
                [33maria-hidden[39m=[32m"true"[39m
              [36m>[39m
                [0m|[0m
              [36m</span>[39m
              [0m © [0m
              [36m<a[39m
                [33mhref[39m=[32m"https://www.openstreetmap.org/copyright"[39m
                [33mrel[39m=[32m"noopener noreferrer"[39m
                [33mtarget[39m=[32m"_blank"[39m
              [36m>[39m
                [0mOpenStreetMap[0m
              [36m</a>[39m
              [0m contributors[0m
            [36m</div>[39m
          [36m</div>[39m
        [36m</div>[39m
      [36m</div>[39m
    [36m</div>[39m
    [36m<div[39m
      [33maria-atomic[39m=[32m"true"[39m
      [33maria-live[39m=[32m"polite"[39m
      [33mid[39m=[32m"map-accessibility-live-region"[39m
      [33mrole[39m=[32m"status"[39m
      [33mstyle[39m=[32m"position: absolute; left: -10000px; width: 1px; height: 1px; overflow: hidden;"[39m
    [36m/>[39m
  [36m</body>[39m
[36m</html>[39m
[36m [2m❯[22m src/components/__tests__/LeafletMap.test.tsx:[2m282:36[22m[39m
    [90m280| [39m
    [90m281| [39m      [35mawait[39m [34mwaitFor[39m(() [33m=>[39m {
    [90m282| [39m        expect(mockLeaflet.marker).toHaveBeenCalledTimes(2) // Only 2 …
    [90m   | [39m                                   [31m^[39m
    [90m283| [39m        [34mexpect[39m(consoleMock[33m.[39mmockWarn)[33m.[39m[34mtoHaveBeenCalledWith[39m(
    [90m284| [39m          expect[33m.[39m[34mstringContaining[39m([32m'invalid location'[39m)
[90m [2m❯[22m runWithExpensiveErrorDiagnosticsDisabled node_modules/@testing-library/dom/dist/config.js:[2m47:12[22m[39m
[90m [2m❯[22m checkCallback node_modules/@testing-library/dom/dist/wait-for.js:[2m124:77[22m[39m
[90m [2m❯[22m MutationObserver.checkRealTimersCallback node_modules/@testing-library/dom/dist/wait-for.js:[2m118:16[22m[39m
[90m [2m❯[22m MutationObserver.invokeTheCallbackFunction node_modules/jsdom/lib/jsdom/living/generated/MutationCallback.js:[2m19:26[22m[39m
[90m [2m❯[22m notifyMutationObservers node_modules/jsdom/lib/jsdom/living/helpers/mutation-observers.js:[2m160:22[22m[39m
[90m [2m❯[22m node_modules/jsdom/lib/jsdom/living/helpers/mutation-observers.js:[2m133:5[22m[39m

[31m[2m⎯⎯⎯⎯⎯⎯⎯⎯⎯⎯⎯⎯⎯⎯⎯⎯⎯⎯⎯⎯⎯⎯[19/29]⎯[22m[39m

[41m[1m FAIL [22m[49m src/components/__tests__/LeafletMap.test.tsx[2m > [22mLeafletMap[2m > [22mVehicle Markers[2m > [22mshould skip vehicles with out-of-range coordinates
[31m[1mAssertionError[22m[39m: expected "vi.fn()" to be called 2 times, but got 0 times

Ignored nodes: comments, script, style
[36m<html>[39m
  [36m<head />[39m
  [36m<body>[39m
    [36m<div[39m
      [33mid[39m=[32m"map-container"[39m
      [33mstyle[39m=[32m"width: 800px; height: 600px;"[39m
    [36m/>[39m
    [36m<div>[39m
      [36m<div[39m
        [33maria-label[39m=[32m"Interactive fleet management map"[39m
        [33mclass[39m=[32m"leaflet-map-container leaflet-container leaflet-touch leaflet-grab leaflet-touch-drag leaflet-touch-zoom"[39m
        [33mrole[39m=[32m"region"[39m
        [33mstyle[39m=[32m"min-height: 500px; position: relative;"[39m
        [33mtabindex[39m=[32m"0"[39m
      [36m>[39m
        [36m<div[39m
          [33mclass[39m=[32m"leaflet-pane leaflet-map-pane"[39m
          [33mstyle[39m=[32m"left: 0px; top: 0px;"[39m
        [36m>[39m
          [36m<div[39m
            [33mclass[39m=[32m"leaflet-pane leaflet-tile-pane"[39m
          [36m>[39m
            [36m<div[39m
              [33mclass[39m=[32m"leaflet-layer "[39m
              [33mstyle[39m=[32m"z-index: 1;"[39m
            [36m>[39m
              [36m<div[39m
                [33mclass[39m=[32m"leaflet-tile-container leaflet-zoom-animated"[39m
                [33mstyle[39m=[32m"z-index: 19; left: 0px; top: 0px;"[39m
              [36m>[39m
                [36m<img[39m
                  [33malt[39m=[32m""[39m
                  [33mclass[39m=[32m"leaflet-tile"[39m
                  [33msrc[39m=[32m"https://b.tile.openstreetmap.org/12/1089/1684.png"[39m
                  [33mstyle[39m=[32m"width: 256px; height: 256px; left: -19px;"[39m
                [36m/>[39m
              [36m</div>[39m
            [36m</div>[39m
          [36m</div>[39m
          [36m<div[39m
            [33mclass[39m=[32m"leaflet-pane leaflet-overlay-pane"[39m
          [36m/>[39m
          [36m<div[39m
            [33mclass[39m=[32m"leaflet-pane leaflet-shadow-pane"[39m
          [36m/>[39m
          [36m<div[39m
            [33mclass[39m=[32m"leaflet-pane leaflet-marker-pane"[39m
          [36m/>[39m
          [36m<div[39m
            [33mclass[39m=[32m"leaflet-pane leaflet-tooltip-pane"[39m
          [36m/>[39m
          [36m<div[39m
            [33mclass[39m=[32m"leaflet-pane leaflet-popup-pane"[39m
          [36m/>[39m
        [36m</div>[39m
        [36m<div[39m
          [33mclass[39m=[32m"leaflet-control-container"[39m
        [36m>[39m
          [36m<div[39m
            [33mclass[39m=[32m"leaflet-top leaflet-left"[39m
          [36m>[39m
            [36m<div[39m
              [33mclass[39m=[32m"leaflet-control-zoom leaflet-bar leaflet-control"[39m
            [36m>[39m
              [36m<a[39m
                [33maria-disabled[39m=[32m"false"[39m
                [33maria-label[39m=[32m"Zoom in"[39m
                [33mclass[39m=[32m"leaflet-control-zoom-in"[39m
                [33mhref[39m=[32m"#"[39m
                [33mrole[39m=[32m"button"[39m
                [33mtitle[39m=[32m"Zoom in"[39m
              [36m>[39m
                [36m<span[39m
                  [33maria-hidden[39m=[32m"true"[39m
                [36m>[39m
                  [0m+[0m
                [36m</span>[39m
              [36m</a>[39m
              [36m<a[39m
                [33maria-disabled[39m=[32m"false"[39m
                [33maria-label[39m=[32m"Zoom out"[39m
                [33mclass[39m=[32m"leaflet-control-zoom-out"[39m
                [33mhref[39m=[32m"#"[39m
                [33mrole[39m=[32m"button"[39m
                [33mtitle[39m=[32m"Zoom out"[39m
              [36m>[39m
                [36m<span[39m
                  [33maria-hidden[39m=[32m"true"[39m
                [36m>[39m
                  [0m−[0m
                [36m</span>[39m
              [36m</a>[39m
            [36m</div>[39m
          [36m</div>[39m
          [36m<div[39m
            [33mclass[39m=[32m"leaflet-top leaflet-right"[39m
          [36m/>[39m
          [36m<div[39m
            [33mclass[39m=[32m"leaflet-bottom leaflet-left"[39m
          [36m/>[39m
          [36m<div[39m
            [33mclass[39m=[32m"leaflet-bottom leaflet-right"[39m
          [36m>[39m
            [36m<div[39m
              [33mclass[39m=[32m"leaflet-control-attribution leaflet-control"[39m
            [36m>[39m
              [36m<a[39m
                [33mhref[39m=[32m"https://leafletjs.com"[39m
                [33mtitle[39m=[32m"A JavaScript library for interactive maps"[39m
              [36m>[39m
                [36m<svg[39m
                  [33maria-hidden[39m=[32m"true"[39m
                  [33mclass[39m=[32m"leaflet-attribution-flag"[39m
                  [33mheight[39m=[32m"8"[39m
                  [33mviewBox[39m=[32m"0 0 12 8"[39m
                  [33mwidth[39m=[32m"12"[39m
                  [33mxmlns[39m=[32m"http://www.w3.org/2000/svg"[39m
                [36m>[39m
                  [36m<path[39m
                    [33md[39m=[32m"M0 0h12v4H0z"[39m
                    [33mfill[39m=[32m"#4C7BE1"[39m
                  [36m/>[39m
                  [36m<path[39m
                    [33md[39m=[32m"M0 4h12v3H0z"[39m
                    [33mfill[39m=[32m"#FFD500"[39m
                  [36m/>[39m
                  [36m<path[39m
                    [33md[39m=[32m"M0 7h12v1H0z"[39m
                    [33mfill[39m=[32m"#E0BC00"[39m
                  [36m/>[39m
                [36m</svg>[39m
                [0m Leaflet[0m
              [36m</a>[39m
              [0m [0m
              [36m<span[39m
                [33maria-hidden[39m=[32m"true"[39m
              [36m>[39m
                [0m|[0m
              [36m</span>[39m
              [0m © [0m
              [36m<a[39m
                [33mhref[39m=[32m"https://www.openstreetmap.org/copyright"[39m
                [33mrel[39m=[32m"noopener noreferrer"[39m
                [33mtarget[39m=[32m"_blank"[39m
              [36m>[39m
                [0mOpenStreetMap[0m
              [36m</a>[39m
              [0m contributors[0m
            [36m</div>[39m
          [36m</div>[39m
        [36m</div>[39m
      [36m</div>[39m
    [36m</div>[39m
    [36m<div[39m
      [33maria-atomic[39m=[32m"true"[39m
      [33maria-live[39m=[32m"polite"[39m
      [33mid[39m=[32m"map-accessibility-live-region"[39m
      [33mrole[39m=[32m"status"[39m
      [33mstyle[39m=[32m"position: absolute; left: -10000px; width: 1px; height: 1px; overflow: hidden;"[39m
    [36m/>[39m
  [36m</body>[39m
[36m</html>[39m
[36m [2m❯[22m src/components/__tests__/LeafletMap.test.tsx:[2m296:36[22m[39m
    [90m294| [39m
    [90m295| [39m      [35mawait[39m [34mwaitFor[39m(() [33m=>[39m {
    [90m296| [39m        [34mexpect[39m(mockLeaflet[33m.[39mmarker)[33m.[39m[34mtoHaveBeenCalledTimes[39m([34m2[39m)
    [90m   | [39m                                   [31m^[39m
    [90m297| [39m        [34mexpect[39m(consoleMock[33m.[39mmockWarn)[33m.[39m[34mtoHaveBeenCalledWith[39m(
    [90m298| [39m          expect[33m.[39m[34mstringContaining[39m([32m'out-of-range coordinates'[39m)
[90m [2m❯[22m runWithExpensiveErrorDiagnosticsDisabled node_modules/@testing-library/dom/dist/config.js:[2m47:12[22m[39m
[90m [2m❯[22m checkCallback node_modules/@testing-library/dom/dist/wait-for.js:[2m124:77[22m[39m
[90m [2m❯[22m MutationObserver.checkRealTimersCallback node_modules/@testing-library/dom/dist/wait-for.js:[2m118:16[22m[39m
[90m [2m❯[22m MutationObserver.invokeTheCallbackFunction node_modules/jsdom/lib/jsdom/living/generated/MutationCallback.js:[2m19:26[22m[39m
[90m [2m❯[22m notifyMutationObservers node_modules/jsdom/lib/jsdom/living/helpers/mutation-observers.js:[2m160:22[22m[39m
[90m [2m❯[22m node_modules/jsdom/lib/jsdom/living/helpers/mutation-observers.js:[2m133:5[22m[39m

[31m[2m⎯⎯⎯⎯⎯⎯⎯⎯⎯⎯⎯⎯⎯⎯⎯⎯⎯⎯⎯⎯⎯⎯[20/29]⎯[22m[39m

[41m[1m FAIL [22m[49m src/components/__tests__/LeafletMap.test.tsx[2m > [22mLeafletMap[2m > [22mVehicle Markers[2m > [22mshould handle vehicle marker click events
[31m[1mTypeError[22m[39m: undefined is not a spy or a call to a spy!

Ignored nodes: comments, script, style
[36m<html>[39m
  [36m<head />[39m
  [36m<body>[39m
    [36m<div[39m
      [33mid[39m=[32m"map-container"[39m
      [33mstyle[39m=[32m"width: 800px; height: 600px;"[39m
    [36m/>[39m
    [36m<div>[39m
      [36m<div[39m
        [33maria-label[39m=[32m"Interactive fleet management map"[39m
        [33mclass[39m=[32m"leaflet-map-container leaflet-container leaflet-touch leaflet-grab leaflet-touch-drag leaflet-touch-zoom"[39m
        [33mrole[39m=[32m"region"[39m
        [33mstyle[39m=[32m"min-height: 500px; position: relative;"[39m
        [33mtabindex[39m=[32m"0"[39m
      [36m>[39m
        [36m<div[39m
          [33mclass[39m=[32m"leaflet-pane leaflet-map-pane"[39m
          [33mstyle[39m=[32m"left: 0px; top: 0px;"[39m
        [36m>[39m
          [36m<div[39m
            [33mclass[39m=[32m"leaflet-pane leaflet-tile-pane"[39m
          [36m>[39m
            [36m<div[39m
              [33mclass[39m=[32m"leaflet-layer "[39m
              [33mstyle[39m=[32m"z-index: 1;"[39m
            [36m>[39m
              [36m<div[39m
                [33mclass[39m=[32m"leaflet-tile-container leaflet-zoom-animated"[39m
                [33mstyle[39m=[32m"z-index: 19; left: 0px; top: 0px;"[39m
              [36m>[39m
                [36m<img[39m
                  [33malt[39m=[32m""[39m
                  [33mclass[39m=[32m"leaflet-tile"[39m
                  [33msrc[39m=[32m"https://b.tile.openstreetmap.org/12/1089/1684.png"[39m
                  [33mstyle[39m=[32m"width: 256px; height: 256px; left: -19px;"[39m
                [36m/>[39m
              [36m</div>[39m
            [36m</div>[39m
          [36m</div>[39m
          [36m<div[39m
            [33mclass[39m=[32m"leaflet-pane leaflet-overlay-pane"[39m
          [36m/>[39m
          [36m<div[39m
            [33mclass[39m=[32m"leaflet-pane leaflet-shadow-pane"[39m
          [36m/>[39m
          [36m<div[39m
            [33mclass[39m=[32m"leaflet-pane leaflet-marker-pane"[39m
          [36m/>[39m
          [36m<div[39m
            [33mclass[39m=[32m"leaflet-pane leaflet-tooltip-pane"[39m
          [36m/>[39m
          [36m<div[39m
            [33mclass[39m=[32m"leaflet-pane leaflet-popup-pane"[39m
          [36m/>[39m
        [36m</div>[39m
        [36m<div[39m
          [33mclass[39m=[32m"leaflet-control-container"[39m
        [36m>[39m
          [36m<div[39m
            [33mclass[39m=[32m"leaflet-top leaflet-left"[39m
          [36m>[39m
            [36m<div[39m
              [33mclass[39m=[32m"leaflet-control-zoom leaflet-bar leaflet-control"[39m
            [36m>[39m
              [36m<a[39m
                [33maria-disabled[39m=[32m"false"[39m
                [33maria-label[39m=[32m"Zoom in"[39m
                [33mclass[39m=[32m"leaflet-control-zoom-in"[39m
                [33mhref[39m=[32m"#"[39m
                [33mrole[39m=[32m"button"[39m
                [33mtitle[39m=[32m"Zoom in"[39m
              [36m>[39m
                [36m<span[39m
                  [33maria-hidden[39m=[32m"true"[39m
                [36m>[39m
                  [0m+[0m
                [36m</span>[39m
              [36m</a>[39m
              [36m<a[39m
                [33maria-disabled[39m=[32m"false"[39m
                [33maria-label[39m=[32m"Zoom out"[39m
                [33mclass[39m=[32m"leaflet-control-zoom-out"[39m
                [33mhref[39m=[32m"#"[39m
                [33mrole[39m=[32m"button"[39m
                [33mtitle[39m=[32m"Zoom out"[39m
              [36m>[39m
                [36m<span[39m
                  [33maria-hidden[39m=[32m"true"[39m
                [36m>[39m
                  [0m−[0m
                [36m</span>[39m
              [36m</a>[39m
            [36m</div>[39m
          [36m</div>[39m
          [36m<div[39m
            [33mclass[39m=[32m"leaflet-top leaflet-right"[39m
          [36m/>[39m
          [36m<div[39m
            [33mclass[39m=[32m"leaflet-bottom leaflet-left"[39m
          [36m/>[39m
          [36m<div[39m
            [33mclass[39m=[32m"leaflet-bottom leaflet-right"[39m
          [36m>[39m
            [36m<div[39m
              [33mclass[39m=[32m"leaflet-control-attribution leaflet-control"[39m
            [36m>[39m
              [36m<a[39m
                [33mhref[39m=[32m"https://leafletjs.com"[39m
                [33mtitle[39m=[32m"A JavaScript library for interactive maps"[39m
              [36m>[39m
                [36m<svg[39m
                  [33maria-hidden[39m=[32m"true"[39m
                  [33mclass[39m=[32m"leaflet-attribution-flag"[39m
                  [33mheight[39m=[32m"8"[39m
                  [33mviewBox[39m=[32m"0 0 12 8"[39m
                  [33mwidth[39m=[32m"12"[39m
                  [33mxmlns[39m=[32m"http://www.w3.org/2000/svg"[39m
                [36m>[39m
                  [36m<path[39m
                    [33md[39m=[32m"M0 0h12v4H0z"[39m
                    [33mfill[39m=[32m"#4C7BE1"[39m
                  [36m/>[39m
                  [36m<path[39m
                    [33md[39m=[32m"M0 4h12v3H0z"[39m
                    [33mfill[39m=[32m"#FFD500"[39m
                  [36m/>[39m
                  [36m<path[39m
                    [33md[39m=[32m"M0 7h12v1H0z"[39m
                    [33mfill[39m=[32m"#E0BC00"[39m
                  [36m/>[39m
                [36m</svg>[39m
                [0m Leaflet[0m
              [36m</a>[39m
              [0m [0m
              [36m<span[39m
                [33maria-hidden[39m=[32m"true"[39m
              [36m>[39m
                [0m|[0m
              [36m</span>[39m
              [0m © [0m
              [36m<a[39m
                [33mhref[39m=[32m"https://www.openstreetmap.org/copyright"[39m
                [33mrel[39m=[32m"noopener noreferrer"[39m
                [33mtarget[39m=[32m"_blank"[39m
              [36m>[39m
                [0mOpenStreetMap[0m
              [36m</a>[39m
              [0m contributors[0m
            [36m</div>[39m
          [36m</div>[39m
        [36m</div>[39m
      [36m</div>[39m
    [36m</div>[39m
    [36m<div[39m
      [33maria-atomic[39m=[32m"true"[39m
      [33maria-live[39m=[32m"polite"[39m
      [33mid[39m=[32m"map-accessibility-live-region"[39m
      [33mrole[39m=[32m"status"[39m
      [33mstyle[39m=[32m"position: absolute; left: -10000px; width: 1px; height: 1px; overflow: hidden;"[39m
    [36m/>[39m
  [36m</body>[39m
[36m</html>[39m
[36m [2m❯[22m src/components/__tests__/LeafletMap.test.tsx:[2m317:36[22m[39m
    [90m315| [39m      [35mawait[39m [34mwaitFor[39m(() [33m=>[39m {
    [90m316| [39m        const markerInstance = vi.mocked(mockLeaflet.marker).mock.resu…
    [90m317| [39m        expect(markerInstance?.on).toHaveBeenCalledWith('click', expec…
    [90m   | [39m                                   [31m^[39m
    [90m318| [39m      })
    [90m319| [39m    })
[90m [2m❯[22m runWithExpensiveErrorDiagnosticsDisabled node_modules/@testing-library/dom/dist/config.js:[2m47:12[22m[39m
[90m [2m❯[22m checkCallback node_modules/@testing-library/dom/dist/wait-for.js:[2m124:77[22m[39m
[90m [2m❯[22m MutationObserver.checkRealTimersCallback node_modules/@testing-library/dom/dist/wait-for.js:[2m118:16[22m[39m
[90m [2m❯[22m MutationObserver.invokeTheCallbackFunction node_modules/jsdom/lib/jsdom/living/generated/MutationCallback.js:[2m19:26[22m[39m

[31m[2m⎯⎯⎯⎯⎯⎯⎯⎯⎯⎯⎯⎯⎯⎯⎯⎯⎯⎯⎯⎯⎯⎯[21/29]⎯[22m[39m

[41m[1m FAIL [22m[49m src/components/__tests__/LeafletMap.test.tsx[2m > [22mLeafletMap[2m > [22mVehicle Markers[2m > [22mshould update markers when vehicles change
[31m[1mAssertionError[22m[39m: expected "vi.fn()" to be called 2 times, but got 0 times

Ignored nodes: comments, script, style
[36m<html>[39m
  [36m<head />[39m
  [36m<body>[39m
    [36m<div[39m
      [33mid[39m=[32m"map-container"[39m
      [33mstyle[39m=[32m"width: 800px; height: 600px;"[39m
    [36m/>[39m
    [36m<div>[39m
      [36m<div[39m
        [33maria-label[39m=[32m"Interactive fleet management map"[39m
        [33mclass[39m=[32m"leaflet-map-container leaflet-container leaflet-touch leaflet-grab leaflet-touch-drag leaflet-touch-zoom"[39m
        [33mrole[39m=[32m"region"[39m
        [33mstyle[39m=[32m"min-height: 500px; position: relative;"[39m
        [33mtabindex[39m=[32m"0"[39m
      [36m>[39m
        [36m<div[39m
          [33mclass[39m=[32m"leaflet-pane leaflet-map-pane"[39m
          [33mstyle[39m=[32m"left: 0px; top: 0px;"[39m
        [36m>[39m
          [36m<div[39m
            [33mclass[39m=[32m"leaflet-pane leaflet-tile-pane"[39m
          [36m>[39m
            [36m<div[39m
              [33mclass[39m=[32m"leaflet-layer "[39m
              [33mstyle[39m=[32m"z-index: 1;"[39m
            [36m>[39m
              [36m<div[39m
                [33mclass[39m=[32m"leaflet-tile-container leaflet-zoom-animated"[39m
                [33mstyle[39m=[32m"z-index: 19; left: 0px; top: 0px;"[39m
              [36m>[39m
                [36m<img[39m
                  [33malt[39m=[32m""[39m
                  [33mclass[39m=[32m"leaflet-tile"[39m
                  [33msrc[39m=[32m"https://b.tile.openstreetmap.org/12/1089/1684.png"[39m
                  [33mstyle[39m=[32m"width: 256px; height: 256px; left: -19px;"[39m
                [36m/>[39m
              [36m</div>[39m
            [36m</div>[39m
          [36m</div>[39m
          [36m<div[39m
            [33mclass[39m=[32m"leaflet-pane leaflet-overlay-pane"[39m
          [36m/>[39m
          [36m<div[39m
            [33mclass[39m=[32m"leaflet-pane leaflet-shadow-pane"[39m
          [36m/>[39m
          [36m<div[39m
            [33mclass[39m=[32m"leaflet-pane leaflet-marker-pane"[39m
          [36m/>[39m
          [36m<div[39m
            [33mclass[39m=[32m"leaflet-pane leaflet-tooltip-pane"[39m
          [36m/>[39m
          [36m<div[39m
            [33mclass[39m=[32m"leaflet-pane leaflet-popup-pane"[39m
          [36m/>[39m
        [36m</div>[39m
        [36m<div[39m
          [33mclass[39m=[32m"leaflet-control-container"[39m
        [36m>[39m
          [36m<div[39m
            [33mclass[39m=[32m"leaflet-top leaflet-left"[39m
          [36m>[39m
            [36m<div[39m
              [33mclass[39m=[32m"leaflet-control-zoom leaflet-bar leaflet-control"[39m
            [36m>[39m
              [36m<a[39m
                [33maria-disabled[39m=[32m"false"[39m
                [33maria-label[39m=[32m"Zoom in"[39m
                [33mclass[39m=[32m"leaflet-control-zoom-in"[39m
                [33mhref[39m=[32m"#"[39m
                [33mrole[39m=[32m"button"[39m
                [33mtitle[39m=[32m"Zoom in"[39m
              [36m>[39m
                [36m<span[39m
                  [33maria-hidden[39m=[32m"true"[39m
                [36m>[39m
                  [0m+[0m
                [36m</span>[39m
              [36m</a>[39m
              [36m<a[39m
                [33maria-disabled[39m=[32m"false"[39m
                [33maria-label[39m=[32m"Zoom out"[39m
                [33mclass[39m=[32m"leaflet-control-zoom-out"[39m
                [33mhref[39m=[32m"#"[39m
                [33mrole[39m=[32m"button"[39m
                [33mtitle[39m=[32m"Zoom out"[39m
              [36m>[39m
                [36m<span[39m
                  [33maria-hidden[39m=[32m"true"[39m
                [36m>[39m
                  [0m−[0m
                [36m</span>[39m
              [36m</a>[39m
            [36m</div>[39m
          [36m</div>[39m
          [36m<div[39m
            [33mclass[39m=[32m"leaflet-top leaflet-right"[39m
          [36m/>[39m
          [36m<div[39m
            [33mclass[39m=[32m"leaflet-bottom leaflet-left"[39m
          [36m/>[39m
          [36m<div[39m
            [33mclass[39m=[32m"leaflet-bottom leaflet-right"[39m
          [36m>[39m
            [36m<div[39m
              [33mclass[39m=[32m"leaflet-control-attribution leaflet-control"[39m
            [36m>[39m
              [36m<a[39m
                [33mhref[39m=[32m"https://leafletjs.com"[39m
                [33mtitle[39m=[32m"A JavaScript library for interactive maps"[39m
              [36m>[39m
                [36m<svg[39m
                  [33maria-hidden[39m=[32m"true"[39m
                  [33mclass[39m=[32m"leaflet-attribution-flag"[39m
                  [33mheight[39m=[32m"8"[39m
                  [33mviewBox[39m=[32m"0 0 12 8"[39m
                  [33mwidth[39m=[32m"12"[39m
                  [33mxmlns[39m=[32m"http://www.w3.org/2000/svg"[39m
                [36m>[39m
                  [36m<path[39m
                    [33md[39m=[32m"M0 0h12v4H0z"[39m
                    [33mfill[39m=[32m"#4C7BE1"[39m
                  [36m/>[39m
                  [36m<path[39m
                    [33md[39m=[32m"M0 4h12v3H0z"[39m
                    [33mfill[39m=[32m"#FFD500"[39m
                  [36m/>[39m
                  [36m<path[39m
                    [33md[39m=[32m"M0 7h12v1H0z"[39m
                    [33mfill[39m=[32m"#E0BC00"[39m
                  [36m/>[39m
                [36m</svg>[39m
                [0m Leaflet[0m
              [36m</a>[39m
              [0m [0m
              [36m<span[39m
                [33maria-hidden[39m=[32m"true"[39m
              [36m>[39m
                [0m|[0m
              [36m</span>[39m
              [0m © [0m
              [36m<a[39m
                [33mhref[39m=[32m"https://www.openstreetmap.org/copyright"[39m
                [33mrel[39m=[32m"noopener noreferrer"[39m
                [33mtarget[39m=[32m"_blank"[39m
              [36m>[39m
                [0mOpenStreetMap[0m
              [36m</a>[39m
              [0m contributors[0m
            [36m</div>[39m
          [36m</div>[39m
        [36m</div>[39m
      [36m</div>[39m
    [36m</div>[39m
    [36m<div[39m
      [33maria-atomic[39m=[32m"true"[39m
      [33maria-live[39m=[32m"polite"[39m
      [33mid[39m=[32m"map-accessibility-live-region"[39m
      [33mrole[39m=[32m"status"[39m
      [33mstyle[39m=[32m"position: absolute; left: -10000px; width: 1px; height: 1px; overflow: hidden;"[39m
    [36m/>[39m
  [36m</body>[39m
[36m</html>[39m
[36m [2m❯[22m src/components/__tests__/LeafletMap.test.tsx:[2m327:36[22m[39m
    [90m325| [39m
    [90m326| [39m      [35mawait[39m [34mwaitFor[39m(() [33m=>[39m {
    [90m327| [39m        [34mexpect[39m(mockLeaflet[33m.[39mmarker)[33m.[39m[34mtoHaveBeenCalledTimes[39m([34m2[39m)
    [90m   | [39m                                   [31m^[39m
    [90m328| [39m      })
    [90m329| [39m
[90m [2m❯[22m runWithExpensiveErrorDiagnosticsDisabled node_modules/@testing-library/dom/dist/config.js:[2m47:12[22m[39m
[90m [2m❯[22m checkCallback node_modules/@testing-library/dom/dist/wait-for.js:[2m124:77[22m[39m
[90m [2m❯[22m MutationObserver.checkRealTimersCallback node_modules/@testing-library/dom/dist/wait-for.js:[2m118:16[22m[39m
[90m [2m❯[22m MutationObserver.invokeTheCallbackFunction node_modules/jsdom/lib/jsdom/living/generated/MutationCallback.js:[2m19:26[22m[39m
[90m [2m❯[22m notifyMutationObservers node_modules/jsdom/lib/jsdom/living/helpers/mutation-observers.js:[2m160:22[22m[39m
[90m [2m❯[22m node_modules/jsdom/lib/jsdom/living/helpers/mutation-observers.js:[2m133:5[22m[39m

[31m[2m⎯⎯⎯⎯⎯⎯⎯⎯⎯⎯⎯⎯⎯⎯⎯⎯⎯⎯⎯⎯⎯⎯[22/29]⎯[22m[39m

[41m[1m FAIL [22m[49m src/components/__tests__/LeafletMap.test.tsx[2m > [22mLeafletMap[2m > [22mFacility Markers[2m > [22mshould render facility markers
[31m[1mAssertionError[22m[39m: expected "vi.fn()" to be called 3 times, but got 0 times

Ignored nodes: comments, script, style
[36m<html>[39m
  [36m<head />[39m
  [36m<body>[39m
    [36m<div[39m
      [33mid[39m=[32m"map-container"[39m
      [33mstyle[39m=[32m"width: 800px; height: 600px;"[39m
    [36m/>[39m
    [36m<div>[39m
      [36m<div[39m
        [33maria-label[39m=[32m"Interactive fleet management map"[39m
        [33mclass[39m=[32m"leaflet-map-container leaflet-container leaflet-touch leaflet-grab leaflet-touch-drag leaflet-touch-zoom"[39m
        [33mrole[39m=[32m"region"[39m
        [33mstyle[39m=[32m"min-height: 500px; position: relative;"[39m
        [33mtabindex[39m=[32m"0"[39m
      [36m>[39m
        [36m<div[39m
          [33mclass[39m=[32m"leaflet-pane leaflet-map-pane"[39m
          [33mstyle[39m=[32m"left: 0px; top: 0px;"[39m
        [36m>[39m
          [36m<div[39m
            [33mclass[39m=[32m"leaflet-pane leaflet-tile-pane"[39m
          [36m>[39m
            [36m<div[39m
              [33mclass[39m=[32m"leaflet-layer "[39m
              [33mstyle[39m=[32m"z-index: 1;"[39m
            [36m>[39m
              [36m<div[39m
                [33mclass[39m=[32m"leaflet-tile-container leaflet-zoom-animated"[39m
                [33mstyle[39m=[32m"z-index: 19; left: 0px; top: 0px;"[39m
              [36m>[39m
                [36m<img[39m
                  [33malt[39m=[32m""[39m
                  [33mclass[39m=[32m"leaflet-tile"[39m
                  [33msrc[39m=[32m"https://b.tile.openstreetmap.org/12/1089/1684.png"[39m
                  [33mstyle[39m=[32m"width: 256px; height: 256px; left: -19px;"[39m
                [36m/>[39m
              [36m</div>[39m
            [36m</div>[39m
          [36m</div>[39m
          [36m<div[39m
            [33mclass[39m=[32m"leaflet-pane leaflet-overlay-pane"[39m
          [36m/>[39m
          [36m<div[39m
            [33mclass[39m=[32m"leaflet-pane leaflet-shadow-pane"[39m
          [36m/>[39m
          [36m<div[39m
            [33mclass[39m=[32m"leaflet-pane leaflet-marker-pane"[39m
          [36m/>[39m
          [36m<div[39m
            [33mclass[39m=[32m"leaflet-pane leaflet-tooltip-pane"[39m
          [36m/>[39m
          [36m<div[39m
            [33mclass[39m=[32m"leaflet-pane leaflet-popup-pane"[39m
          [36m/>[39m
        [36m</div>[39m
        [36m<div[39m
          [33mclass[39m=[32m"leaflet-control-container"[39m
        [36m>[39m
          [36m<div[39m
            [33mclass[39m=[32m"leaflet-top leaflet-left"[39m
          [36m>[39m
            [36m<div[39m
              [33mclass[39m=[32m"leaflet-control-zoom leaflet-bar leaflet-control"[39m
            [36m>[39m
              [36m<a[39m
                [33maria-disabled[39m=[32m"false"[39m
                [33maria-label[39m=[32m"Zoom in"[39m
                [33mclass[39m=[32m"leaflet-control-zoom-in"[39m
                [33mhref[39m=[32m"#"[39m
                [33mrole[39m=[32m"button"[39m
                [33mtitle[39m=[32m"Zoom in"[39m
              [36m>[39m
                [36m<span[39m
                  [33maria-hidden[39m=[32m"true"[39m
                [36m>[39m
                  [0m+[0m
                [36m</span>[39m
              [36m</a>[39m
              [36m<a[39m
                [33maria-disabled[39m=[32m"false"[39m
                [33maria-label[39m=[32m"Zoom out"[39m
                [33mclass[39m=[32m"leaflet-control-zoom-out"[39m
                [33mhref[39m=[32m"#"[39m
                [33mrole[39m=[32m"button"[39m
                [33mtitle[39m=[32m"Zoom out"[39m
              [36m>[39m
                [36m<span[39m
                  [33maria-hidden[39m=[32m"true"[39m
                [36m>[39m
                  [0m−[0m
                [36m</span>[39m
              [36m</a>[39m
            [36m</div>[39m
          [36m</div>[39m
          [36m<div[39m
            [33mclass[39m=[32m"leaflet-top leaflet-right"[39m
          [36m/>[39m
          [36m<div[39m
            [33mclass[39m=[32m"leaflet-bottom leaflet-left"[39m
          [36m/>[39m
          [36m<div[39m
            [33mclass[39m=[32m"leaflet-bottom leaflet-right"[39m
          [36m>[39m
            [36m<div[39m
              [33mclass[39m=[32m"leaflet-control-attribution leaflet-control"[39m
            [36m>[39m
              [36m<a[39m
                [33mhref[39m=[32m"https://leafletjs.com"[39m
                [33mtitle[39m=[32m"A JavaScript library for interactive maps"[39m
              [36m>[39m
                [36m<svg[39m
                  [33maria-hidden[39m=[32m"true"[39m
                  [33mclass[39m=[32m"leaflet-attribution-flag"[39m
                  [33mheight[39m=[32m"8"[39m
                  [33mviewBox[39m=[32m"0 0 12 8"[39m
                  [33mwidth[39m=[32m"12"[39m
                  [33mxmlns[39m=[32m"http://www.w3.org/2000/svg"[39m
                [36m>[39m
                  [36m<path[39m
                    [33md[39m=[32m"M0 0h12v4H0z"[39m
                    [33mfill[39m=[32m"#4C7BE1"[39m
                  [36m/>[39m
                  [36m<path[39m
                    [33md[39m=[32m"M0 4h12v3H0z"[39m
                    [33mfill[39m=[32m"#FFD500"[39m
                  [36m/>[39m
                  [36m<path[39m
                    [33md[39m=[32m"M0 7h12v1H0z"[39m
                    [33mfill[39m=[32m"#E0BC00"[39m
                  [36m/>[39m
                [36m</svg>[39m
                [0m Leaflet[0m
              [36m</a>[39m
              [0m [0m
              [36m<span[39m
                [33maria-hidden[39m=[32m"true"[39m
              [36m>[39m
                [0m|[0m
              [36m</span>[39m
              [0m © [0m
              [36m<a[39m
                [33mhref[39m=[32m"https://www.openstreetmap.org/copyright"[39m
                [33mrel[39m=[32m"noopener noreferrer"[39m
                [33mtarget[39m=[32m"_blank"[39m
              [36m>[39m
                [0mOpenStreetMap[0m
              [36m</a>[39m
              [0m contributors[0m
            [36m</div>[39m
          [36m</div>[39m
        [36m</div>[39m
      [36m</div>[39m
    [36m</div>[39m
    [36m<div[39m
      [33maria-atomic[39m=[32m"true"[39m
      [33maria-live[39m=[32m"polite"[39m
      [33mid[39m=[32m"map-accessibility-live-region"[39m
      [33mrole[39m=[32m"status"[39m
      [33mstyle[39m=[32m"position: absolute; left: -10000px; width: 1px; height: 1px; overflow: hidden;"[39m
    [36m/>[39m
  [36m</body>[39m
[36m</html>[39m
[36m [2m❯[22m timeout src/components/__tests__/LeafletMap.test.tsx:[2m350:36[22m[39m
    [90m348| [39m
    [90m349| [39m      [35mawait[39m [34mwaitFor[39m(() [33m=>[39m {
    [90m350| [39m        [34mexpect[39m(mockLeaflet[33m.[39mmarker)[33m.[39m[34mtoHaveBeenCalledTimes[39m([34m3[39m)
    [90m   | [39m                                   [31m^[39m
    [90m351| [39m      }[33m,[39m { timeout[33m:[39m [34m3000[39m })
    [90m352| [39m    })
[90m [2m❯[22m runWithExpensiveErrorDiagnosticsDisabled node_modules/@testing-library/dom/dist/config.js:[2m47:12[22m[39m
[90m [2m❯[22m checkCallback node_modules/@testing-library/dom/dist/wait-for.js:[2m124:77[22m[39m
[90m [2m❯[22m MutationObserver.checkRealTimersCallback node_modules/@testing-library/dom/dist/wait-for.js:[2m118:16[22m[39m
[90m [2m❯[22m MutationObserver.invokeTheCallbackFunction node_modules/jsdom/lib/jsdom/living/generated/MutationCallback.js:[2m19:26[22m[39m
[90m [2m❯[22m notifyMutationObservers node_modules/jsdom/lib/jsdom/living/helpers/mutation-observers.js:[2m160:22[22m[39m
[90m [2m❯[22m node_modules/jsdom/lib/jsdom/living/helpers/mutation-observers.js:[2m133:5[22m[39m

[31m[2m⎯⎯⎯⎯⎯⎯⎯⎯⎯⎯⎯⎯⎯⎯⎯⎯⎯⎯⎯⎯⎯⎯[23/29]⎯[22m[39m

[41m[1m FAIL [22m[49m src/components/__tests__/LeafletMap.test.tsx[2m > [22mLeafletMap[2m > [22mFacility Markers[2m > [22mshould create custom icons for facilities
[31m[1mAssertionError[22m[39m: expected "vi.fn()" to be called at least once

Ignored nodes: comments, script, style
[36m<html>[39m
  [36m<head />[39m
  [36m<body>[39m
    [36m<div[39m
      [33mid[39m=[32m"map-container"[39m
      [33mstyle[39m=[32m"width: 800px; height: 600px;"[39m
    [36m/>[39m
    [36m<div>[39m
      [36m<div[39m
        [33maria-label[39m=[32m"Interactive fleet management map"[39m
        [33mclass[39m=[32m"leaflet-map-container leaflet-container leaflet-touch leaflet-grab leaflet-touch-drag leaflet-touch-zoom"[39m
        [33mrole[39m=[32m"region"[39m
        [33mstyle[39m=[32m"min-height: 500px; position: relative;"[39m
        [33mtabindex[39m=[32m"0"[39m
      [36m>[39m
        [36m<div[39m
          [33mclass[39m=[32m"leaflet-pane leaflet-map-pane"[39m
          [33mstyle[39m=[32m"left: 0px; top: 0px;"[39m
        [36m>[39m
          [36m<div[39m
            [33mclass[39m=[32m"leaflet-pane leaflet-tile-pane"[39m
          [36m>[39m
            [36m<div[39m
              [33mclass[39m=[32m"leaflet-layer "[39m
              [33mstyle[39m=[32m"z-index: 1;"[39m
            [36m>[39m
              [36m<div[39m
                [33mclass[39m=[32m"leaflet-tile-container leaflet-zoom-animated"[39m
                [33mstyle[39m=[32m"z-index: 19; left: 0px; top: 0px;"[39m
              [36m>[39m
                [36m<img[39m
                  [33malt[39m=[32m""[39m
                  [33mclass[39m=[32m"leaflet-tile"[39m
                  [33msrc[39m=[32m"https://b.tile.openstreetmap.org/12/1089/1684.png"[39m
                  [33mstyle[39m=[32m"width: 256px; height: 256px; left: -19px;"[39m
                [36m/>[39m
              [36m</div>[39m
            [36m</div>[39m
          [36m</div>[39m
          [36m<div[39m
            [33mclass[39m=[32m"leaflet-pane leaflet-overlay-pane"[39m
          [36m/>[39m
          [36m<div[39m
            [33mclass[39m=[32m"leaflet-pane leaflet-shadow-pane"[39m
          [36m/>[39m
          [36m<div[39m
            [33mclass[39m=[32m"leaflet-pane leaflet-marker-pane"[39m
          [36m/>[39m
          [36m<div[39m
            [33mclass[39m=[32m"leaflet-pane leaflet-tooltip-pane"[39m
          [36m/>[39m
          [36m<div[39m
            [33mclass[39m=[32m"leaflet-pane leaflet-popup-pane"[39m
          [36m/>[39m
        [36m</div>[39m
        [36m<div[39m
          [33mclass[39m=[32m"leaflet-control-container"[39m
        [36m>[39m
          [36m<div[39m
            [33mclass[39m=[32m"leaflet-top leaflet-left"[39m
          [36m>[39m
            [36m<div[39m
              [33mclass[39m=[32m"leaflet-control-zoom leaflet-bar leaflet-control"[39m
            [36m>[39m
              [36m<a[39m
                [33maria-disabled[39m=[32m"false"[39m
                [33maria-label[39m=[32m"Zoom in"[39m
                [33mclass[39m=[32m"leaflet-control-zoom-in"[39m
                [33mhref[39m=[32m"#"[39m
                [33mrole[39m=[32m"button"[39m
                [33mtitle[39m=[32m"Zoom in"[39m
              [36m>[39m
                [36m<span[39m
                  [33maria-hidden[39m=[32m"true"[39m
                [36m>[39m
                  [0m+[0m
                [36m</span>[39m
              [36m</a>[39m
              [36m<a[39m
                [33maria-disabled[39m=[32m"false"[39m
                [33maria-label[39m=[32m"Zoom out"[39m
                [33mclass[39m=[32m"leaflet-control-zoom-out"[39m
                [33mhref[39m=[32m"#"[39m
                [33mrole[39m=[32m"button"[39m
                [33mtitle[39m=[32m"Zoom out"[39m
              [36m>[39m
                [36m<span[39m
                  [33maria-hidden[39m=[32m"true"[39m
                [36m>[39m
                  [0m−[0m
                [36m</span>[39m
              [36m</a>[39m
            [36m</div>[39m
          [36m</div>[39m
          [36m<div[39m
            [33mclass[39m=[32m"leaflet-top leaflet-right"[39m
          [36m/>[39m
          [36m<div[39m
            [33mclass[39m=[32m"leaflet-bottom leaflet-left"[39m
          [36m/>[39m
          [36m<div[39m
            [33mclass[39m=[32m"leaflet-bottom leaflet-right"[39m
          [36m>[39m
            [36m<div[39m
              [33mclass[39m=[32m"leaflet-control-attribution leaflet-control"[39m
            [36m>[39m
              [36m<a[39m
                [33mhref[39m=[32m"https://leafletjs.com"[39m
                [33mtitle[39m=[32m"A JavaScript library for interactive maps"[39m
              [36m>[39m
                [36m<svg[39m
                  [33maria-hidden[39m=[32m"true"[39m
                  [33mclass[39m=[32m"leaflet-attribution-flag"[39m
                  [33mheight[39m=[32m"8"[39m
                  [33mviewBox[39m=[32m"0 0 12 8"[39m
                  [33mwidth[39m=[32m"12"[39m
                  [33mxmlns[39m=[32m"http://www.w3.org/2000/svg"[39m
                [36m>[39m
                  [36m<path[39m
                    [33md[39m=[32m"M0 0h12v4H0z"[39m
                    [33mfill[39m=[32m"#4C7BE1"[39m
                  [36m/>[39m
                  [36m<path[39m
                    [33md[39m=[32m"M0 4h12v3H0z"[39m
                    [33mfill[39m=[32m"#FFD500"[39m
                  [36m/>[39m
                  [36m<path[39m
                    [33md[39m=[32m"M0 7h12v1H0z"[39m
                    [33mfill[39m=[32m"#E0BC00"[39m
                  [36m/>[39m
                [36m</svg>[39m
                [0m Leaflet[0m
              [36m</a>[39m
              [0m [0m
              [36m<span[39m
                [33maria-hidden[39m=[32m"true"[39m
              [36m>[39m
                [0m|[0m
              [36m</span>[39m
              [0m © [0m
              [36m<a[39m
                [33mhref[39m=[32m"https://www.openstreetmap.org/copyright"[39m
                [33mrel[39m=[32m"noopener noreferrer"[39m
                [33mtarget[39m=[32m"_blank"[39m
              [36m>[39m
                [0mOpenStreetMap[0m
              [36m</a>[39m
              [0m contributors[0m
            [36m</div>[39m
          [36m</div>[39m
        [36m</div>[39m
      [36m</div>[39m
    [36m</div>[39m
    [36m<div[39m
      [33maria-atomic[39m=[32m"true"[39m
      [33maria-live[39m=[32m"polite"[39m
      [33mid[39m=[32m"map-accessibility-live-region"[39m
      [33mrole[39m=[32m"status"[39m
      [33mstyle[39m=[32m"position: absolute; left: -10000px; width: 1px; height: 1px; overflow: hidden;"[39m
    [36m/>[39m
  [36m</body>[39m
[36m</html>[39m
[36m [2m❯[22m src/components/__tests__/LeafletMap.test.tsx:[2m368:37[22m[39m
    [90m366| [39m
    [90m367| [39m      [35mawait[39m [34mwaitFor[39m(() [33m=>[39m {
    [90m368| [39m        [34mexpect[39m(mockLeaflet[33m.[39mdivIcon)[33m.[39m[34mtoHaveBeenCalled[39m()
    [90m   | [39m                                    [31m^[39m
    [90m369| [39m      })
    [90m370| [39m    })
[90m [2m❯[22m runWithExpensiveErrorDiagnosticsDisabled node_modules/@testing-library/dom/dist/config.js:[2m47:12[22m[39m
[90m [2m❯[22m checkCallback node_modules/@testing-library/dom/dist/wait-for.js:[2m124:77[22m[39m
[90m [2m❯[22m MutationObserver.checkRealTimersCallback node_modules/@testing-library/dom/dist/wait-for.js:[2m118:16[22m[39m
[90m [2m❯[22m MutationObserver.invokeTheCallbackFunction node_modules/jsdom/lib/jsdom/living/generated/MutationCallback.js:[2m19:26[22m[39m
[90m [2m❯[22m notifyMutationObservers node_modules/jsdom/lib/jsdom/living/helpers/mutation-observers.js:[2m160:22[22m[39m
[90m [2m❯[22m node_modules/jsdom/lib/jsdom/living/helpers/mutation-observers.js:[2m133:5[22m[39m

[31m[2m⎯⎯⎯⎯⎯⎯⎯⎯⎯⎯⎯⎯⎯⎯⎯⎯⎯⎯⎯⎯⎯⎯[24/29]⎯[22m[39m

[41m[1m FAIL [22m[49m src/components/__tests__/LeafletMap.test.tsx[2m > [22mLeafletMap[2m > [22mFacility Markers[2m > [22mshould handle facility marker click events
[31m[1mTypeError[22m[39m: undefined is not a spy or a call to a spy!

Ignored nodes: comments, script, style
[36m<html>[39m
  [36m<head />[39m
  [36m<body>[39m
    [36m<div[39m
      [33mid[39m=[32m"map-container"[39m
      [33mstyle[39m=[32m"width: 800px; height: 600px;"[39m
    [36m/>[39m
    [36m<div>[39m
      [36m<div[39m
        [33maria-label[39m=[32m"Interactive fleet management map"[39m
        [33mclass[39m=[32m"leaflet-map-container leaflet-container leaflet-touch leaflet-grab leaflet-touch-drag leaflet-touch-zoom"[39m
        [33mrole[39m=[32m"region"[39m
        [33mstyle[39m=[32m"min-height: 500px; position: relative;"[39m
        [33mtabindex[39m=[32m"0"[39m
      [36m>[39m
        [36m<div[39m
          [33mclass[39m=[32m"leaflet-pane leaflet-map-pane"[39m
          [33mstyle[39m=[32m"left: 0px; top: 0px;"[39m
        [36m>[39m
          [36m<div[39m
            [33mclass[39m=[32m"leaflet-pane leaflet-tile-pane"[39m
          [36m>[39m
            [36m<div[39m
              [33mclass[39m=[32m"leaflet-layer "[39m
              [33mstyle[39m=[32m"z-index: 1;"[39m
            [36m>[39m
              [36m<div[39m
                [33mclass[39m=[32m"leaflet-tile-container leaflet-zoom-animated"[39m
                [33mstyle[39m=[32m"z-index: 19; left: 0px; top: 0px;"[39m
              [36m>[39m
                [36m<img[39m
                  [33malt[39m=[32m""[39m
                  [33mclass[39m=[32m"leaflet-tile"[39m
                  [33msrc[39m=[32m"https://b.tile.openstreetmap.org/12/1089/1684.png"[39m
                  [33mstyle[39m=[32m"width: 256px; height: 256px; left: -19px;"[39m
                [36m/>[39m
              [36m</div>[39m
            [36m</div>[39m
          [36m</div>[39m
          [36m<div[39m
            [33mclass[39m=[32m"leaflet-pane leaflet-overlay-pane"[39m
          [36m/>[39m
          [36m<div[39m
            [33mclass[39m=[32m"leaflet-pane leaflet-shadow-pane"[39m
          [36m/>[39m
          [36m<div[39m
            [33mclass[39m=[32m"leaflet-pane leaflet-marker-pane"[39m
          [36m/>[39m
          [36m<div[39m
            [33mclass[39m=[32m"leaflet-pane leaflet-tooltip-pane"[39m
          [36m/>[39m
          [36m<div[39m
            [33mclass[39m=[32m"leaflet-pane leaflet-popup-pane"[39m
          [36m/>[39m
        [36m</div>[39m
        [36m<div[39m
          [33mclass[39m=[32m"leaflet-control-container"[39m
        [36m>[39m
          [36m<div[39m
            [33mclass[39m=[32m"leaflet-top leaflet-left"[39m
          [36m>[39m
            [36m<div[39m
              [33mclass[39m=[32m"leaflet-control-zoom leaflet-bar leaflet-control"[39m
            [36m>[39m
              [36m<a[39m
                [33maria-disabled[39m=[32m"false"[39m
                [33maria-label[39m=[32m"Zoom in"[39m
                [33mclass[39m=[32m"leaflet-control-zoom-in"[39m
                [33mhref[39m=[32m"#"[39m
                [33mrole[39m=[32m"button"[39m
                [33mtitle[39m=[32m"Zoom in"[39m
              [36m>[39m
                [36m<span[39m
                  [33maria-hidden[39m=[32m"true"[39m
                [36m>[39m
                  [0m+[0m
                [36m</span>[39m
              [36m</a>[39m
              [36m<a[39m
                [33maria-disabled[39m=[32m"false"[39m
                [33maria-label[39m=[32m"Zoom out"[39m
                [33mclass[39m=[32m"leaflet-control-zoom-out"[39m
                [33mhref[39m=[32m"#"[39m
                [33mrole[39m=[32m"button"[39m
                [33mtitle[39m=[32m"Zoom out"[39m
              [36m>[39m
                [36m<span[39m
                  [33maria-hidden[39m=[32m"true"[39m
                [36m>[39m
                  [0m−[0m
                [36m</span>[39m
              [36m</a>[39m
            [36m</div>[39m
          [36m</div>[39m
          [36m<div[39m
            [33mclass[39m=[32m"leaflet-top leaflet-right"[39m
          [36m/>[39m
          [36m<div[39m
            [33mclass[39m=[32m"leaflet-bottom leaflet-left"[39m
          [36m/>[39m
          [36m<div[39m
            [33mclass[39m=[32m"leaflet-bottom leaflet-right"[39m
          [36m>[39m
            [36m<div[39m
              [33mclass[39m=[32m"leaflet-control-attribution leaflet-control"[39m
            [36m>[39m
              [36m<a[39m
                [33mhref[39m=[32m"https://leafletjs.com"[39m
                [33mtitle[39m=[32m"A JavaScript library for interactive maps"[39m
              [36m>[39m
                [36m<svg[39m
                  [33maria-hidden[39m=[32m"true"[39m
                  [33mclass[39m=[32m"leaflet-attribution-flag"[39m
                  [33mheight[39m=[32m"8"[39m
                  [33mviewBox[39m=[32m"0 0 12 8"[39m
                  [33mwidth[39m=[32m"12"[39m
                  [33mxmlns[39m=[32m"http://www.w3.org/2000/svg"[39m
                [36m>[39m
                  [36m<path[39m
                    [33md[39m=[32m"M0 0h12v4H0z"[39m
                    [33mfill[39m=[32m"#4C7BE1"[39m
                  [36m/>[39m
                  [36m<path[39m
                    [33md[39m=[32m"M0 4h12v3H0z"[39m
                    [33mfill[39m=[32m"#FFD500"[39m
                  [36m/>[39m
                  [36m<path[39m
                    [33md[39m=[32m"M0 7h12v1H0z"[39m
                    [33mfill[39m=[32m"#E0BC00"[39m
                  [36m/>[39m
                [36m</svg>[39m
                [0m Leaflet[0m
              [36m</a>[39m
              [0m [0m
              [36m<span[39m
                [33maria-hidden[39m=[32m"true"[39m
              [36m>[39m
                [0m|[0m
              [36m</span>[39m
              [0m © [0m
              [36m<a[39m
                [33mhref[39m=[32m"https://www.openstreetmap.org/copyright"[39m
                [33mrel[39m=[32m"noopener noreferrer"[39m
                [33mtarget[39m=[32m"_blank"[39m
              [36m>[39m
                [0mOpenStreetMap[0m
              [36m</a>[39m
              [0m contributors[0m
            [36m</div>[39m
          [36m</div>[39m
        [36m</div>[39m
      [36m</div>[39m
    [36m</div>[39m
    [36m<div[39m
      [33maria-atomic[39m=[32m"true"[39m
      [33maria-live[39m=[32m"polite"[39m
      [33mid[39m=[32m"map-accessibility-live-region"[39m
      [33mrole[39m=[32m"status"[39m
      [33mstyle[39m=[32m"position: absolute; left: -10000px; width: 1px; height: 1px; overflow: hidden;"[39m
    [36m/>[39m
  [36m</body>[39m
[36m</html>[39m
[36m [2m❯[22m src/components/__tests__/LeafletMap.test.tsx:[2m386:36[22m[39m
    [90m384| [39m      [35mawait[39m [34mwaitFor[39m(() [33m=>[39m {
    [90m385| [39m        const markerInstance = vi.mocked(mockLeaflet.marker).mock.resu…
    [90m386| [39m        expect(markerInstance?.on).toHaveBeenCalledWith('click', expec…
    [90m   | [39m                                   [31m^[39m
    [90m387| [39m      })
    [90m388| [39m    })
[90m [2m❯[22m runWithExpensiveErrorDiagnosticsDisabled node_modules/@testing-library/dom/dist/config.js:[2m47:12[22m[39m
[90m [2m❯[22m checkCallback node_modules/@testing-library/dom/dist/wait-for.js:[2m124:77[22m[39m
[90m [2m❯[22m MutationObserver.checkRealTimersCallback node_modules/@testing-library/dom/dist/wait-for.js:[2m118:16[22m[39m
[90m [2m❯[22m MutationObserver.invokeTheCallbackFunction node_modules/jsdom/lib/jsdom/living/generated/MutationCallback.js:[2m19:26[22m[39m

[31m[2m⎯⎯⎯⎯⎯⎯⎯⎯⎯⎯⎯⎯⎯⎯⎯⎯⎯⎯⎯⎯⎯⎯[25/29]⎯[22m[39m

[41m[1m FAIL [22m[49m src/components/__tests__/LeafletMap.test.tsx[2m > [22mLeafletMap[2m > [22mCamera Markers[2m > [22mshould render camera markers when enabled
[31m[1mAssertionError[22m[39m: expected "vi.fn()" to be called 3 times, but got 0 times

Ignored nodes: comments, script, style
[36m<html>[39m
  [36m<head />[39m
  [36m<body>[39m
    [36m<div[39m
      [33mid[39m=[32m"map-container"[39m
      [33mstyle[39m=[32m"width: 800px; height: 600px;"[39m
    [36m/>[39m
    [36m<div>[39m
      [36m<div[39m
        [33maria-label[39m=[32m"Interactive fleet management map"[39m
        [33mclass[39m=[32m"leaflet-map-container leaflet-container leaflet-touch leaflet-grab leaflet-touch-drag leaflet-touch-zoom"[39m
        [33mrole[39m=[32m"region"[39m
        [33mstyle[39m=[32m"min-height: 500px; position: relative;"[39m
        [33mtabindex[39m=[32m"0"[39m
      [36m>[39m
        [36m<div[39m
          [33mclass[39m=[32m"leaflet-pane leaflet-map-pane"[39m
          [33mstyle[39m=[32m"left: 0px; top: 0px;"[39m
        [36m>[39m
          [36m<div[39m
            [33mclass[39m=[32m"leaflet-pane leaflet-tile-pane"[39m
          [36m>[39m
            [36m<div[39m
              [33mclass[39m=[32m"leaflet-layer "[39m
              [33mstyle[39m=[32m"z-index: 1;"[39m
            [36m>[39m
              [36m<div[39m
                [33mclass[39m=[32m"leaflet-tile-container leaflet-zoom-animated"[39m
                [33mstyle[39m=[32m"z-index: 19; left: 0px; top: 0px;"[39m
              [36m>[39m
                [36m<img[39m
                  [33malt[39m=[32m""[39m
                  [33mclass[39m=[32m"leaflet-tile"[39m
                  [33msrc[39m=[32m"https://b.tile.openstreetmap.org/12/1089/1684.png"[39m
                  [33mstyle[39m=[32m"width: 256px; height: 256px; left: -19px;"[39m
                [36m/>[39m
              [36m</div>[39m
            [36m</div>[39m
          [36m</div>[39m
          [36m<div[39m
            [33mclass[39m=[32m"leaflet-pane leaflet-overlay-pane"[39m
          [36m/>[39m
          [36m<div[39m
            [33mclass[39m=[32m"leaflet-pane leaflet-shadow-pane"[39m
          [36m/>[39m
          [36m<div[39m
            [33mclass[39m=[32m"leaflet-pane leaflet-marker-pane"[39m
          [36m/>[39m
          [36m<div[39m
            [33mclass[39m=[32m"leaflet-pane leaflet-tooltip-pane"[39m
          [36m/>[39m
          [36m<div[39m
            [33mclass[39m=[32m"leaflet-pane leaflet-popup-pane"[39m
          [36m/>[39m
        [36m</div>[39m
        [36m<div[39m
          [33mclass[39m=[32m"leaflet-control-container"[39m
        [36m>[39m
          [36m<div[39m
            [33mclass[39m=[32m"leaflet-top leaflet-left"[39m
          [36m>[39m
            [36m<div[39m
              [33mclass[39m=[32m"leaflet-control-zoom leaflet-bar leaflet-control"[39m
            [36m>[39m
              [36m<a[39m
                [33maria-disabled[39m=[32m"false"[39m
                [33maria-label[39m=[32m"Zoom in"[39m
                [33mclass[39m=[32m"leaflet-control-zoom-in"[39m
                [33mhref[39m=[32m"#"[39m
                [33mrole[39m=[32m"button"[39m
                [33mtitle[39m=[32m"Zoom in"[39m
              [36m>[39m
                [36m<span[39m
                  [33maria-hidden[39m=[32m"true"[39m
                [36m>[39m
                  [0m+[0m
                [36m</span>[39m
              [36m</a>[39m
              [36m<a[39m
                [33maria-disabled[39m=[32m"false"[39m
                [33maria-label[39m=[32m"Zoom out"[39m
                [33mclass[39m=[32m"leaflet-control-zoom-out"[39m
                [33mhref[39m=[32m"#"[39m
                [33mrole[39m=[32m"button"[39m
                [33mtitle[39m=[32m"Zoom out"[39m
              [36m>[39m
                [36m<span[39m
                  [33maria-hidden[39m=[32m"true"[39m
                [36m>[39m
                  [0m−[0m
                [36m</span>[39m
              [36m</a>[39m
            [36m</div>[39m
          [36m</div>[39m
          [36m<div[39m
            [33mclass[39m=[32m"leaflet-top leaflet-right"[39m
          [36m/>[39m
          [36m<div[39m
            [33mclass[39m=[32m"leaflet-bottom leaflet-left"[39m
          [36m/>[39m
          [36m<div[39m
            [33mclass[39m=[32m"leaflet-bottom leaflet-right"[39m
          [36m>[39m
            [36m<div[39m
              [33mclass[39m=[32m"leaflet-control-attribution leaflet-control"[39m
            [36m>[39m
              [36m<a[39m
                [33mhref[39m=[32m"https://leafletjs.com"[39m
                [33mtitle[39m=[32m"A JavaScript library for interactive maps"[39m
              [36m>[39m
                [36m<svg[39m
                  [33maria-hidden[39m=[32m"true"[39m
                  [33mclass[39m=[32m"leaflet-attribution-flag"[39m
                  [33mheight[39m=[32m"8"[39m
                  [33mviewBox[39m=[32m"0 0 12 8"[39m
                  [33mwidth[39m=[32m"12"[39m
                  [33mxmlns[39m=[32m"http://www.w3.org/2000/svg"[39m
                [36m>[39m
                  [36m<path[39m
                    [33md[39m=[32m"M0 0h12v4H0z"[39m
                    [33mfill[39m=[32m"#4C7BE1"[39m
                  [36m/>[39m
                  [36m<path[39m
                    [33md[39m=[32m"M0 4h12v3H0z"[39m
                    [33mfill[39m=[32m"#FFD500"[39m
                  [36m/>[39m
                  [36m<path[39m
                    [33md[39m=[32m"M0 7h12v1H0z"[39m
                    [33mfill[39m=[32m"#E0BC00"[39m
                  [36m/>[39m
                [36m</svg>[39m
                [0m Leaflet[0m
              [36m</a>[39m
              [0m [0m
              [36m<span[39m
                [33maria-hidden[39m=[32m"true"[39m
              [36m>[39m
                [0m|[0m
              [36m</span>[39m
              [0m © [0m
              [36m<a[39m
                [33mhref[39m=[32m"https://www.openstreetmap.org/copyright"[39m
                [33mrel[39m=[32m"noopener noreferrer"[39m
                [33mtarget[39m=[32m"_blank"[39m
              [36m>[39m
                [0mOpenStreetMap[0m
              [36m</a>[39m
              [0m contributors[0m
            [36m</div>[39m
          [36m</div>[39m
        [36m</div>[39m
      [36m</div>[39m
    [36m</div>[39m
    [36m<div[39m
      [33maria-atomic[39m=[32m"true"[39m
      [33maria-live[39m=[32m"polite"[39m
      [33mid[39m=[32m"map-accessibility-live-region"[39m
      [33mrole[39m=[32m"status"[39m
      [33mstyle[39m=[32m"position: absolute; left: -10000px; width: 1px; height: 1px; overflow: hidden;"[39m
    [36m/>[39m
  [36m</body>[39m
[36m</html>[39m
[36m [2m❯[22m timeout src/components/__tests__/LeafletMap.test.tsx:[2m401:36[22m[39m
    [90m399| [39m
    [90m400| [39m      [35mawait[39m [34mwaitFor[39m(() [33m=>[39m {
    [90m401| [39m        [34mexpect[39m(mockLeaflet[33m.[39mmarker)[33m.[39m[34mtoHaveBeenCalledTimes[39m([34m3[39m)
    [90m   | [39m                                   [31m^[39m
    [90m402| [39m      }[33m,[39m { timeout[33m:[39m [34m3000[39m })
    [90m403| [39m    })
[90m [2m❯[22m runWithExpensiveErrorDiagnosticsDisabled node_modules/@testing-library/dom/dist/config.js:[2m47:12[22m[39m
[90m [2m❯[22m checkCallback node_modules/@testing-library/dom/dist/wait-for.js:[2m124:77[22m[39m
[90m [2m❯[22m MutationObserver.checkRealTimersCallback node_modules/@testing-library/dom/dist/wait-for.js:[2m118:16[22m[39m
[90m [2m❯[22m MutationObserver.invokeTheCallbackFunction node_modules/jsdom/lib/jsdom/living/generated/MutationCallback.js:[2m19:26[22m[39m
[90m [2m❯[22m notifyMutationObservers node_modules/jsdom/lib/jsdom/living/helpers/mutation-observers.js:[2m160:22[22m[39m
[90m [2m❯[22m node_modules/jsdom/lib/jsdom/living/helpers/mutation-observers.js:[2m133:5[22m[39m

[31m[2m⎯⎯⎯⎯⎯⎯⎯⎯⎯⎯⎯⎯⎯⎯⎯⎯⎯⎯⎯⎯⎯⎯[26/29]⎯[22m[39m

[41m[1m FAIL [22m[49m src/components/__tests__/LeafletMap.test.tsx[2m > [22mLeafletMap[2m > [22mCamera Markers[2m > [22mshould differentiate operational and offline cameras
[31m[1mAssertionError[22m[39m: expected "vi.fn()" to be called 2 times, but got 0 times

Ignored nodes: comments, script, style
[36m<html>[39m
  [36m<head />[39m
  [36m<body>[39m
    [36m<div[39m
      [33mid[39m=[32m"map-container"[39m
      [33mstyle[39m=[32m"width: 800px; height: 600px;"[39m
    [36m/>[39m
    [36m<div>[39m
      [36m<div[39m
        [33maria-label[39m=[32m"Interactive fleet management map"[39m
        [33mclass[39m=[32m"leaflet-map-container leaflet-container leaflet-touch leaflet-grab leaflet-touch-drag leaflet-touch-zoom"[39m
        [33mrole[39m=[32m"region"[39m
        [33mstyle[39m=[32m"min-height: 500px; position: relative;"[39m
        [33mtabindex[39m=[32m"0"[39m
      [36m>[39m
        [36m<div[39m
          [33mclass[39m=[32m"leaflet-pane leaflet-map-pane"[39m
          [33mstyle[39m=[32m"left: 0px; top: 0px;"[39m
        [36m>[39m
          [36m<div[39m
            [33mclass[39m=[32m"leaflet-pane leaflet-tile-pane"[39m
          [36m>[39m
            [36m<div[39m
              [33mclass[39m=[32m"leaflet-layer "[39m
              [33mstyle[39m=[32m"z-index: 1;"[39m
            [36m>[39m
              [36m<div[39m
                [33mclass[39m=[32m"leaflet-tile-container leaflet-zoom-animated"[39m
                [33mstyle[39m=[32m"z-index: 19; left: 0px; top: 0px;"[39m
              [36m>[39m
                [36m<img[39m
                  [33malt[39m=[32m""[39m
                  [33mclass[39m=[32m"leaflet-tile"[39m
                  [33msrc[39m=[32m"https://b.tile.openstreetmap.org/12/1089/1684.png"[39m
                  [33mstyle[39m=[32m"width: 256px; height: 256px; left: -19px;"[39m
                [36m/>[39m
              [36m</div>[39m
            [36m</div>[39m
          [36m</div>[39m
          [36m<div[39m
            [33mclass[39m=[32m"leaflet-pane leaflet-overlay-pane"[39m
          [36m/>[39m
          [36m<div[39m
            [33mclass[39m=[32m"leaflet-pane leaflet-shadow-pane"[39m
          [36m/>[39m
          [36m<div[39m
            [33mclass[39m=[32m"leaflet-pane leaflet-marker-pane"[39m
          [36m/>[39m
          [36m<div[39m
            [33mclass[39m=[32m"leaflet-pane leaflet-tooltip-pane"[39m
          [36m/>[39m
          [36m<div[39m
            [33mclass[39m=[32m"leaflet-pane leaflet-popup-pane"[39m
          [36m/>[39m
        [36m</div>[39m
        [36m<div[39m
          [33mclass[39m=[32m"leaflet-control-container"[39m
        [36m>[39m
          [36m<div[39m
            [33mclass[39m=[32m"leaflet-top leaflet-left"[39m
          [36m>[39m
            [36m<div[39m
              [33mclass[39m=[32m"leaflet-control-zoom leaflet-bar leaflet-control"[39m
            [36m>[39m
              [36m<a[39m
                [33maria-disabled[39m=[32m"false"[39m
                [33maria-label[39m=[32m"Zoom in"[39m
                [33mclass[39m=[32m"leaflet-control-zoom-in"[39m
                [33mhref[39m=[32m"#"[39m
                [33mrole[39m=[32m"button"[39m
                [33mtitle[39m=[32m"Zoom in"[39m
              [36m>[39m
                [36m<span[39m
                  [33maria-hidden[39m=[32m"true"[39m
                [36m>[39m
                  [0m+[0m
                [36m</span>[39m
              [36m</a>[39m
              [36m<a[39m
                [33maria-disabled[39m=[32m"false"[39m
                [33maria-label[39m=[32m"Zoom out"[39m
                [33mclass[39m=[32m"leaflet-control-zoom-out"[39m
                [33mhref[39m=[32m"#"[39m
                [33mrole[39m=[32m"button"[39m
                [33mtitle[39m=[32m"Zoom out"[39m
              [36m>[39m
                [36m<span[39m
                  [33maria-hidden[39m=[32m"true"[39m
                [36m>[39m
                  [0m−[0m
                [36m</span>[39m
              [36m</a>[39m
            [36m</div>[39m
          [36m</div>[39m
          [36m<div[39m
            [33mclass[39m=[32m"leaflet-top leaflet-right"[39m
          [36m/>[39m
          [36m<div[39m
            [33mclass[39m=[32m"leaflet-bottom leaflet-left"[39m
          [36m/>[39m
          [36m<div[39m
            [33mclass[39m=[32m"leaflet-bottom leaflet-right"[39m
          [36m>[39m
            [36m<div[39m
              [33mclass[39m=[32m"leaflet-control-attribution leaflet-control"[39m
            [36m>[39m
              [36m<a[39m
                [33mhref[39m=[32m"https://leafletjs.com"[39m
                [33mtitle[39m=[32m"A JavaScript library for interactive maps"[39m
              [36m>[39m
                [36m<svg[39m
                  [33maria-hidden[39m=[32m"true"[39m
                  [33mclass[39m=[32m"leaflet-attribution-flag"[39m
                  [33mheight[39m=[32m"8"[39m
                  [33mviewBox[39m=[32m"0 0 12 8"[39m
                  [33mwidth[39m=[32m"12"[39m
                  [33mxmlns[39m=[32m"http://www.w3.org/2000/svg"[39m
                [36m>[39m
                  [36m<path[39m
                    [33md[39m=[32m"M0 0h12v4H0z"[39m
                    [33mfill[39m=[32m"#4C7BE1"[39m
                  [36m/>[39m
                  [36m<path[39m
                    [33md[39m=[32m"M0 4h12v3H0z"[39m
                    [33mfill[39m=[32m"#FFD500"[39m
                  [36m/>[39m
                  [36m<path[39m
                    [33md[39m=[32m"M0 7h12v1H0z"[39m
                    [33mfill[39m=[32m"#E0BC00"[39m
                  [36m/>[39m
                [36m</svg>[39m
                [0m Leaflet[0m
              [36m</a>[39m
              [0m [0m
              [36m<span[39m
                [33maria-hidden[39m=[32m"true"[39m
              [36m>[39m
                [0m|[0m
              [36m</span>[39m
              [0m © [0m
              [36m<a[39m
                [33mhref[39m=[32m"https://www.openstreetmap.org/copyright"[39m
                [33mrel[39m=[32m"noopener noreferrer"[39m
                [33mtarget[39m=[32m"_blank"[39m
              [36m>[39m
                [0mOpenStreetMap[0m
              [36m</a>[39m
              [0m contributors[0m
            [36m</div>[39m
          [36m</div>[39m
        [36m</div>[39m
      [36m</div>[39m
    [36m</div>[39m
    [36m<div[39m
      [33maria-atomic[39m=[32m"true"[39m
      [33maria-live[39m=[32m"polite"[39m
      [33mid[39m=[32m"map-accessibility-live-region"[39m
      [33mrole[39m=[32m"status"[39m
      [33mstyle[39m=[32m"position: absolute; left: -10000px; width: 1px; height: 1px; overflow: hidden;"[39m
    [36m/>[39m
  [36m</body>[39m
[36m</html>[39m
[36m [2m❯[22m src/components/__tests__/LeafletMap.test.tsx:[2m422:37[22m[39m
    [90m420| [39m
    [90m421| [39m      [35mawait[39m [34mwaitFor[39m(() [33m=>[39m {
    [90m422| [39m        [34mexpect[39m(mockLeaflet[33m.[39mdivIcon)[33m.[39m[34mtoHaveBeenCalledTimes[39m([34m2[39m)
    [90m   | [39m                                    [31m^[39m
    [90m423| [39m      })
    [90m424| [39m    })
[90m [2m❯[22m runWithExpensiveErrorDiagnosticsDisabled node_modules/@testing-library/dom/dist/config.js:[2m47:12[22m[39m
[90m [2m❯[22m checkCallback node_modules/@testing-library/dom/dist/wait-for.js:[2m124:77[22m[39m
[90m [2m❯[22m MutationObserver.checkRealTimersCallback node_modules/@testing-library/dom/dist/wait-for.js:[2m118:16[22m[39m
[90m [2m❯[22m MutationObserver.invokeTheCallbackFunction node_modules/jsdom/lib/jsdom/living/generated/MutationCallback.js:[2m19:26[22m[39m
[90m [2m❯[22m notifyMutationObservers node_modules/jsdom/lib/jsdom/living/helpers/mutation-observers.js:[2m160:22[22m[39m
[90m [2m❯[22m node_modules/jsdom/lib/jsdom/living/helpers/mutation-observers.js:[2m133:5[22m[39m

[31m[2m⎯⎯⎯⎯⎯⎯⎯⎯⎯⎯⎯⎯⎯⎯⎯⎯⎯⎯⎯⎯⎯⎯[27/29]⎯[22m[39m

[41m[1m FAIL [22m[49m src/components/__tests__/LeafletMap.test.tsx[2m > [22mLeafletMap[2m > [22mMarker Count Badge[2m > [22mshould display marker count badge
[31m[1mTestingLibraryElementError[22m[39m: Unable to find an element with the text: 5. This could be because the text is broken up by multiple elements. In this case, you can provide a function for your text matcher to make your matcher more flexible.

Ignored nodes: comments, script, style
[36m<body>[39m
  [36m<div[39m
    [33mid[39m=[32m"map-container"[39m
    [33mstyle[39m=[32m"width: 800px; height: 600px;"[39m
  [36m/>[39m
  [36m<div>[39m
    [36m<div[39m
      [33maria-label[39m=[32m"Interactive fleet management map"[39m
      [33mclass[39m=[32m"leaflet-map-container leaflet-container leaflet-touch leaflet-grab leaflet-touch-drag leaflet-touch-zoom"[39m
      [33mrole[39m=[32m"region"[39m
      [33mstyle[39m=[32m"min-height: 500px; position: relative;"[39m
      [33mtabindex[39m=[32m"0"[39m
    [36m>[39m
      [36m<div[39m
        [33mclass[39m=[32m"leaflet-pane leaflet-map-pane"[39m
        [33mstyle[39m=[32m"left: 0px; top: 0px;"[39m
      [36m>[39m
        [36m<div[39m
          [33mclass[39m=[32m"leaflet-pane leaflet-tile-pane"[39m
        [36m>[39m
          [36m<div[39m
            [33mclass[39m=[32m"leaflet-layer "[39m
            [33mstyle[39m=[32m"z-index: 1;"[39m
          [36m>[39m
            [36m<div[39m
              [33mclass[39m=[32m"leaflet-tile-container leaflet-zoom-animated"[39m
              [33mstyle[39m=[32m"z-index: 19; left: 0px; top: 0px;"[39m
            [36m>[39m
              [36m<img[39m
                [33malt[39m=[32m""[39m
                [33mclass[39m=[32m"leaflet-tile"[39m
                [33msrc[39m=[32m"https://b.tile.openstreetmap.org/12/1089/1684.png"[39m
                [33mstyle[39m=[32m"width: 256px; height: 256px; left: -19px;"[39m
              [36m/>[39m
            [36m</div>[39m
          [36m</div>[39m
        [36m</div>[39m
        [36m<div[39m
          [33mclass[39m=[32m"leaflet-pane leaflet-overlay-pane"[39m
        [36m/>[39m
        [36m<div[39m
          [33mclass[39m=[32m"leaflet-pane leaflet-shadow-pane"[39m
        [36m/>[39m
        [36m<div[39m
          [33mclass[39m=[32m"leaflet-pane leaflet-marker-pane"[39m
        [36m/>[39m
        [36m<div[39m
          [33mclass[39m=[32m"leaflet-pane leaflet-tooltip-pane"[39m
        [36m/>[39m
        [36m<div[39m
          [33mclass[39m=[32m"leaflet-pane leaflet-popup-pane"[39m
        [36m/>[39m
      [36m</div>[39m
      [36m<div[39m
        [33mclass[39m=[32m"leaflet-control-container"[39m
      [36m>[39m
        [36m<div[39m
          [33mclass[39m=[32m"leaflet-top leaflet-left"[39m
        [36m>[39m
          [36m<div[39m
            [33mclass[39m=[32m"leaflet-control-zoom leaflet-bar leaflet-control"[39m
          [36m>[39m
            [36m<a[39m
              [33maria-disabled[39m=[32m"false"[39m
              [33maria-label[39m=[32m"Zoom in"[39m
              [33mclass[39m=[32m"leaflet-control-zoom-in"[39m
              [33mhref[39m=[32m"#"[39m
              [33mrole[39m=[32m"button"[39m
              [33mtitle[39m=[32m"Zoom in"[39m
            [36m>[39m
              [36m<span[39m
                [33maria-hidden[39m=[32m"true"[39m
              [36m>[39m
                [0m+[0m
              [36m</span>[39m
            [36m</a>[39m
            [36m<a[39m
              [33maria-disabled[39m=[32m"false"[39m
              [33maria-label[39m=[32m"Zoom out"[39m
              [33mclass[39m=[32m"leaflet-control-zoom-out"[39m
              [33mhref[39m=[32m"#"[39m
              [33mrole[39m=[32m"button"[39m
              [33mtitle[39m=[32m"Zoom out"[39m
            [36m>[39m
              [36m<span[39m
                [33maria-hidden[39m=[32m"true"[39m
              [36m>[39m
                [0m−[0m
              [36m</span>[39m
            [36m</a>[39m
          [36m</div>[39m
        [36m</div>[39m
        [36m<div[39m
          [33mclass[39m=[32m"leaflet-top leaflet-right"[39m
        [36m/>[39m
        [36m<div[39m
          [33mclass[39m=[32m"leaflet-bottom leaflet-left"[39m
        [36m/>[39m
        [36m<div[39m
          [33mclass[39m=[32m"leaflet-bottom leaflet-right"[39m
        [36m>[39m
          [36m<div[39m
            [33mclass[39m=[32m"leaflet-control-attribution leaflet-control"[39m
          [36m>[39m
            [36m<a[39m
              [33mhref[39m=[32m"https://leafletjs.com"[39m
              [33mtitle[39m=[32m"A JavaScript library for interactive maps"[39m
            [36m>[39m
              [36m<svg[39m
                [33maria-hidden[39m=[32m"true"[39m
                [33mclass[39m=[32m"leaflet-attribution-flag"[39m
                [33mheight[39m=[32m"8"[39m
                [33mviewBox[39m=[32m"0 0 12 8"[39m
                [33mwidth[39m=[32m"12"[39m
                [33mxmlns[39m=[32m"http://www.w3.org/2000/svg"[39m
              [36m>[39m
                [36m<path[39m
                  [33md[39m=[32m"M0 0h12v4H0z"[39m
                  [33mfill[39m=[32m"#4C7BE1"[39m
                [36m/>[39m
                [36m<path[39m
                  [33md[39m=[32m"M0 4h12v3H0z"[39m
                  [33mfill[39m=[32m"#FFD500"[39m
                [36m/>[39m
                [36m<path[39m
                  [33md[39m=[32m"M0 7h12v1H0z"[39m
                  [33mfill[39m=[32m"#E0BC00"[39m
                [36m/>[39m
              [36m</svg>[39m
              [0m Leaflet[0m
            [36m</a>[39m
            [0m [0m
            [36m<span[39m
              [33maria-hidden[39m=[32m"true"[39m
            [36m>[39m
              [0m|[0m
            [36m</span>[39m
            [0m © [0m
            [36m<a[39m
              [33mhref[39m=[32m"https://www.openstreetmap.org/copyright"[39m
              [33mrel[39m=[32m"noopener noreferrer"[39m
              [33mtarget[39m=[32m"_blank"[39m
            [36m>[39m
              [0mOpenStreetMap[0m
            [36m</a>[39m
            [0m contributors[0m
          [36m</div>[39m
        [36m</div>[39m
      [36m</div>[39m
    [36m</div>[39m
  [36m</div>[39m
  [36m<div[39m
    [33maria-atomic[39m=[32m"true"[39m
    [33maria-live[39m=[32m"polite"[39m
    [33mid[39m=[32m"map-accessibility-live-region"[39m
    [33mrole[39m=[32m"status"[39m
    [33mstyle[39m=[32m"position: absolute; left: -10000px; width: 1px; height: 1px; overflow: hidden;"[39m
  [36m/>[39m
[36m</body>[39m

Ignored nodes: comments, script, style
[36m<html>[39m
  [36m<head />[39m
  [36m<body>[39m
    [36m<div[39m
      [33mid[39m=[32m"map-container"[39m
      [33mstyle[39m=[32m"width: 800px; height: 600px;"[39m
    [36m/>[39m
    [36m<div>[39m
      [36m<div[39m
        [33maria-label[39m=[32m"Interactive fleet management map"[39m
        [33mclass[39m=[32m"leaflet-map-container leaflet-container leaflet-touch leaflet-grab leaflet-touch-drag leaflet-touch-zoom"[39m
        [33mrole[39m=[32m"region"[39m
        [33mstyle[39m=[32m"min-height: 500px; position: relative;"[39m
        [33mtabindex[39m=[32m"0"[39m
      [36m>[39m
        [36m<div[39m
          [33mclass[39m=[32m"leaflet-pane leaflet-map-pane"[39m
          [33mstyle[39m=[32m"left: 0px; top: 0px;"[39m
        [36m>[39m
          [36m<div[39m
            [33mclass[39m=[32m"leaflet-pane leaflet-tile-pane"[39m
          [36m>[39m
            [36m<div[39m
              [33mclass[39m=[32m"leaflet-layer "[39m
              [33mstyle[39m=[32m"z-index: 1;"[39m
            [36m>[39m
              [36m<div[39m
                [33mclass[39m=[32m"leaflet-tile-container leaflet-zoom-animated"[39m
                [33mstyle[39m=[32m"z-index: 19; left: 0px; top: 0px;"[39m
              [36m>[39m
                [36m<img[39m
                  [33malt[39m=[32m""[39m
                  [33mclass[39m=[32m"leaflet-tile"[39m
                  [33msrc[39m=[32m"https://b.tile.openstreetmap.org/12/1089/1684.png"[39m
                  [33mstyle[39m=[32m"width: 256px; height: 256px; left: -19px;"[39m
                [36m/>[39m
              [36m</div>[39m
            [36m</div>[39m
          [36m</div>[39m
          [36m<div[39m
            [33mclass[39m=[32m"leaflet-pane leaflet-overlay-pane"[39m
          [36m/>[39m
          [36m<div[39m
            [33mclass[39m=[32m"leaflet-pane leaflet-shadow-pane"[39m
          [36m/>[39m
          [36m<div[39m
            [33mclass[39m=[32m"leaflet-pane leaflet-marker-pane"[39m
          [36m/>[39m
          [36m<div[39m
            [33mclass[39m=[32m"leaflet-pane leaflet-tooltip-pane"[39m
          [36m/>[39m
          [36m<div[39m
            [33mclass[39m=[32m"leaflet-pane leaflet-popup-pane"[39m
          [36m/>[39m
        [36m</div>[39m
        [36m<div[39m
          [33mclass[39m=[32m"leaflet-control-container"[39m
        [36m>[39m
          [36m<div[39m
            [33mclass[39m=[32m"leaflet-top leaflet-left"[39m
          [36m>[39m
            [36m<div[39m
              [33mclass[39m=[32m"leaflet-control-zoom leaflet-bar leaflet-control"[39m
            [36m>[39m
              [36m<a[39m
                [33maria-disabled[39m=[32m"false"[39m
                [33maria-label[39m=[32m"Zoom in"[39m
                [33mclass[39m=[32m"leaflet-control-zoom-in"[39m
                [33mhref[39m=[32m"#"[39m
                [33mrole[39m=[32m"button"[39m
                [33mtitle[39m=[32m"Zoom in"[39m
              [36m>[39m
                [36m<span[39m
                  [33maria-hidden[39m=[32m"true"[39m
                [36m>[39m
                  [0m+[0m
                [36m</span>[39m
              [36m</a>[39m
              [36m<a[39m
                [33maria-disabled[39m=[32m"false"[39m
                [33maria-label[39m=[32m"Zoom out"[39m
                [33mclass[39m=[32m"leaflet-control-zoom-out"[39m
                [33mhref[39m=[32m"#"[39m
                [33mrole[39m=[32m"button"[39m
                [33mtitle[39m=[32m"Zoom out"[39m
              [36m>[39m
                [36m<span[39m
                  [33maria-hidden[39m=[32m"true"[39m
                [36m>[39m
                  [0m−[0m
                [36m</span>[39m
              [36m</a>[39m
            [36m</div>[39m
          [36m</div>[39m
          [36m<div[39m
            [33mclass[39m=[32m"leaflet-top leaflet-right"[39m
          [36m/>[39m
          [36m<div[39m
            [33mclass[39m=[32m"leaflet-bottom leaflet-left"[39m
          [36m/>[39m
          [36m<div[39m
            [33mclass[39m=[32m"leaflet-bottom leaflet-right"[39m
          [36m>[39m
            [36m<div[39m
              [33mclass[39m=[32m"leaflet-control-attribution leaflet-control"[39m
            [36m>[39m
              [36m<a[39m
                [33mhref[39m=[32m"https://leafletjs.com"[39m
                [33mtitle[39m=[32m"A JavaScript library for interactive maps"[39m
              [36m>[39m
                [36m<svg[39m
                  [33maria-hidden[39m=[32m"true"[39m
                  [33mclass[39m=[32m"leaflet-attribution-flag"[39m
                  [33mheight[39m=[32m"8"[39m
                  [33mviewBox[39m=[32m"0 0 12 8"[39m
                  [33mwidth[39m=[32m"12"[39m
                  [33mxmlns[39m=[32m"http://www.w3.org/2000/svg"[39m
                [36m>[39m
                  [36m<path[39m
                    [33md[39m=[32m"M0 0h12v4H0z"[39m
                    [33mfill[39m=[32m"#4C7BE1"[39m
                  [36m/>[39m
                  [36m<path[39m
                    [33md[39m=[32m"M0 4h12v3H0z"[39m
                    [33mfill[39m=[32m"#FFD500"[39m
                  [36m/>[39m
                  [36m<path[39m
                    [33md[39m=[32m"M0 7h12v1H0z"[39m
                    [33mfill[39m=[32m"#E0BC00"[39m
                  [36m/>[39m
                [36m</svg>[39m
                [0m Leaflet[0m
              [36m</a>[39m
              [0m [0m
              [36m<span[39m
                [33maria-hidden[39m=[32m"true"[39m
              [36m>[39m
                [0m|[0m
              [36m</span>[39m
              [0m © [0m
              [36m<a[39m
                [33mhref[39m=[32m"https://www.openstreetmap.org/copyright"[39m
                [33mrel[39m=[32m"noopener noreferrer"[39m
                [33mtarget[39m=[32m"_blank"[39m
              [36m>[39m
                [0mOpenStreetMap[0m
              [36m</a>[39m
              [0m contributors[0m
            [36m</div>[39m
          [36m</div>[39m
        [36m</div>[39m
      [36m</div>[39m
    [36m</div>[39m
    [36m<div[39m
      [33maria-atomic[39m=[32m"true"[39m
      [33maria-live[39m=[32m"polite"[39m
      [33mid[39m=[32m"map-accessibility-live-region"[39m
      [33mrole[39m=[32m"status"[39m
      [33mstyle[39m=[32m"position: absolute; left: -10000px; width: 1px; height: 1px; overflow: hidden;"[39m
    [36m/>[39m
  [36m</body>[39m
[36m</html>[39m
[90m [2m❯[22m waitForWrapper node_modules/@testing-library/dom/dist/wait-for.js:[2m163:27[22m[39m
[36m [2m❯[22m src/components/__tests__/LeafletMap.test.tsx:[2m445:13[22m[39m
    [90m443| [39m      )
    [90m444| [39m
    [90m445| [39m      [35mawait[39m [34mwaitFor[39m(() [33m=>[39m {
    [90m   | [39m            [31m^[39m
    [90m446| [39m        [34mexpect[39m(screen[33m.[39m[34mgetByText[39m([32m'5'[39m))[33m.[39m[34mtoBeInTheDocument[39m() [90m// 5 vehicles[39m
    [90m447| [39m        expect(screen.getByText('3')).toBeInTheDocument() // 3 facilit…

[31m[2m⎯⎯⎯⎯⎯⎯⎯⎯⎯⎯⎯⎯⎯⎯⎯⎯⎯⎯⎯⎯⎯⎯[28/29]⎯[22m[39m

[41m[1m FAIL [22m[49m src/components/__tests__/LeafletMap.test.tsx[2m > [22mLeafletMap[2m > [22mAuto-Fit Bounds[2m > [22mshould fit bounds to show all markers by default
[31m[1mTypeError[22m[39m: undefined is not a spy or a call to a spy!

Ignored nodes: comments, script, style
[36m<html>[39m
  [36m<head />[39m
  [36m<body>[39m
    [36m<div[39m
      [33mid[39m=[32m"map-container"[39m
      [33mstyle[39m=[32m"width: 800px; height: 600px;"[39m
    [36m/>[39m
    [36m<div>[39m
      [36m<div[39m
        [33maria-label[39m=[32m"Interactive fleet management map"[39m
        [33mclass[39m=[32m"leaflet-map-container leaflet-container leaflet-touch leaflet-grab leaflet-touch-drag leaflet-touch-zoom"[39m
        [33mrole[39m=[32m"region"[39m
        [33mstyle[39m=[32m"min-height: 500px; position: relative;"[39m
        [33mtabindex[39m=[32m"0"[39m
      [36m>[39m
        [36m<div[39m
          [33mclass[39m=[32m"leaflet-pane leaflet-map-pane"[39m
          [33mstyle[39m=[32m"left: 0px; top: 0px;"[39m
        [36m>[39m
          [36m<div[39m
            [33mclass[39m=[32m"leaflet-pane leaflet-tile-pane"[39m
          [36m>[39m
            [36m<div[39m
              [33mclass[39m=[32m"leaflet-layer "[39m
              [33mstyle[39m=[32m"z-index: 1;"[39m
            [36m>[39m
              [36m<div[39m
                [33mclass[39m=[32m"leaflet-tile-container leaflet-zoom-animated"[39m
                [33mstyle[39m=[32m"z-index: 19; left: 0px; top: 0px;"[39m
              [36m>[39m
                [36m<img[39m
                  [33malt[39m=[32m""[39m
                  [33mclass[39m=[32m"leaflet-tile"[39m
                  [33msrc[39m=[32m"https://b.tile.openstreetmap.org/12/1089/1684.png"[39m
                  [33mstyle[39m=[32m"width: 256px; height: 256px; left: -19px;"[39m
                [36m/>[39m
              [36m</div>[39m
            [36m</div>[39m
          [36m</div>[39m
          [36m<div[39m
            [33mclass[39m=[32m"leaflet-pane leaflet-overlay-pane"[39m
          [36m/>[39m
          [36m<div[39m
            [33mclass[39m=[32m"leaflet-pane leaflet-shadow-pane"[39m
          [36m/>[39m
          [36m<div[39m
            [33mclass[39m=[32m"leaflet-pane leaflet-marker-pane"[39m
          [36m/>[39m
          [36m<div[39m
            [33mclass[39m=[32m"leaflet-pane leaflet-tooltip-pane"[39m
          [36m/>[39m
          [36m<div[39m
            [33mclass[39m=[32m"leaflet-pane leaflet-popup-pane"[39m
          [36m/>[39m
        [36m</div>[39m
        [36m<div[39m
          [33mclass[39m=[32m"leaflet-control-container"[39m
        [36m>[39m
          [36m<div[39m
            [33mclass[39m=[32m"leaflet-top leaflet-left"[39m
          [36m>[39m
            [36m<div[39m
              [33mclass[39m=[32m"leaflet-control-zoom leaflet-bar leaflet-control"[39m
            [36m>[39m
              [36m<a[39m
                [33maria-disabled[39m=[32m"false"[39m
                [33maria-label[39m=[32m"Zoom in"[39m
                [33mclass[39m=[32m"leaflet-control-zoom-in"[39m
                [33mhref[39m=[32m"#"[39m
                [33mrole[39m=[32m"button"[39m
                [33mtitle[39m=[32m"Zoom in"[39m
              [36m>[39m
                [36m<span[39m
                  [33maria-hidden[39m=[32m"true"[39m
                [36m>[39m
                  [0m+[0m
                [36m</span>[39m
              [36m</a>[39m
              [36m<a[39m
                [33maria-disabled[39m=[32m"false"[39m
                [33maria-label[39m=[32m"Zoom out"[39m
                [33mclass[39m=[32m"leaflet-control-zoom-out"[39m
                [33mhref[39m=[32m"#"[39m
                [33mrole[39m=[32m"button"[39m
                [33mtitle[39m=[32m"Zoom out"[39m
              [36m>[39m
                [36m<span[39m
                  [33maria-hidden[39m=[32m"true"[39m
                [36m>[39m
                  [0m−[0m
                [36m</span>[39m
              [36m</a>[39m
            [36m</div>[39m
          [36m</div>[39m
          [36m<div[39m
            [33mclass[39m=[32m"leaflet-top leaflet-right"[39m
          [36m/>[39m
          [36m<div[39m
            [33mclass[39m=[32m"leaflet-bottom leaflet-left"[39m
          [36m/>[39m
          [36m<div[39m
            [33mclass[39m=[32m"leaflet-bottom leaflet-right"[39m
          [36m>[39m
            [36m<div[39m
              [33mclass[39m=[32m"leaflet-control-attribution leaflet-control"[39m
            [36m>[39m
              [36m<a[39m
                [33mhref[39m=[32m"https://leafletjs.com"[39m
                [33mtitle[39m=[32m"A JavaScript library for interactive maps"[39m
              [36m>[39m
                [36m<svg[39m
                  [33maria-hidden[39m=[32m"true"[39m
                  [33mclass[39m=[32m"leaflet-attribution-flag"[39m
                  [33mheight[39m=[32m"8"[39m
                  [33mviewBox[39m=[32m"0 0 12 8"[39m
                  [33mwidth[39m=[32m"12"[39m
                  [33mxmlns[39m=[32m"http://www.w3.org/2000/svg"[39m
                [36m>[39m
                  [36m<path[39m
                    [33md[39m=[32m"M0 0h12v4H0z"[39m
                    [33mfill[39m=[32m"#4C7BE1"[39m
                  [36m/>[39m
                  [36m<path[39m
                    [33md[39m=[32m"M0 4h12v3H0z"[39m
                    [33mfill[39m=[32m"#FFD500"[39m
                  [36m/>[39m
                  [36m<path[39m
                    [33md[39m=[32m"M0 7h12v1H0z"[39m
                    [33mfill[39m=[32m"#E0BC00"[39m
                  [36m/>[39m
                [36m</svg>[39m
                [0m Leaflet[0m
              [36m</a>[39m
              [0m [0m
              [36m<span[39m
                [33maria-hidden[39m=[32m"true"[39m
              [36m>[39m
                [0m|[0m
              [36m</span>[39m
              [0m © [0m
              [36m<a[39m
                [33mhref[39m=[32m"https://www.openstreetmap.org/copyright"[39m
                [33mrel[39m=[32m"noopener noreferrer"[39m
                [33mtarget[39m=[32m"_blank"[39m
              [36m>[39m
                [0mOpenStreetMap[0m
              [36m</a>[39m
              [0m contributors[0m
            [36m</div>[39m
          [36m</div>[39m
        [36m</div>[39m
      [36m</div>[39m
    [36m</div>[39m
    [36m<div[39m
      [33maria-atomic[39m=[32m"true"[39m
      [33maria-live[39m=[32m"polite"[39m
      [33mid[39m=[32m"map-accessibility-live-region"[39m
      [33mrole[39m=[32m"status"[39m
      [33mstyle[39m=[32m"position: absolute; left: -10000px; width: 1px; height: 1px; overflow: hidden;"[39m
    [36m/>[39m
  [36m</body>[39m
[36m</html>[39m
[36m [2m❯[22m src/components/__tests__/LeafletMap.test.tsx:[2m479:40[22m[39m
    [90m477| [39m
    [90m478| [39m      [35mawait[39m [34mwaitFor[39m(() [33m=>[39m {
    [90m479| [39m        [34mexpect[39m(mapInstance[33m?.[39mfitBounds)[33m.[39m[34mtoHaveBeenCalled[39m()
    [90m   | [39m                                       [31m^[39m
    [90m480| [39m      })
    [90m481| [39m    })
[90m [2m❯[22m runWithExpensiveErrorDiagnosticsDisabled node_modules/@testing-library/dom/dist/config.js:[2m47:12[22m[39m
[90m [2m❯[22m checkCallback node_modules/@testing-library/dom/dist/wait-for.js:[2m124:77[22m[39m
[90m [2m❯[22m MutationObserver.checkRealTimersCallback node_modules/@testing-library/dom/dist/wait-for.js:[2m118:16[22m[39m
[90m [2m❯[22m MutationObserver.invokeTheCallbackFunction node_modules/jsdom/lib/jsdom/living/generated/MutationCallback.js:[2m19:26[22m[39m

[31m[2m⎯⎯⎯⎯⎯⎯⎯⎯⎯⎯⎯⎯⎯⎯⎯⎯⎯⎯⎯⎯⎯⎯[29/29]⎯[22m[39m


[2m Test Files [22m [1m[31m1 failed[39m[22m[90m (1)[39m
[2m      Tests [22m [1m[31m29 failed[39m[22m[2m | [22m[1m[32m7 passed[39m[22m[90m (36)[39m
[2m   Start at [22m 15:06:35
[2m   Duration [22m 51.76s[2m (transform 724ms, setup 1.77s, import 574ms, tests 47.24s, environment 1.33s)[22m

