
> fleet-api@1.0.0 build
> tsc --project tsconfig.build.json

src/app.ts(339,51): error TS2559: Type 'AuditService' has no properties in common with type 'AuditService'.
src/application/telematics/services/TelematicsIngestionService.ts(4,38): error TS2307: Cannot find module '../../../infrastructure/telematics/repositories/TelematicsRepository' or its corresponding type declarations.
src/config/container-setup.example.ts(5,42): error TS2307: Cannot find module '../application/safety/services/DriverSafetyScoreService' or its corresponding type declarations.
src/config/container-setup.example.ts(6,44): error TS2307: Cannot find module '../application/safety/services/DriverBehaviorEventService' or its corresponding type declarations.
src/config/container-setup.example.ts(8,38): error TS2307: Cannot find module '../application/analytics/services/CostAnalyticsService' or its corresponding type declarations.
src/db/seeds/factories/BaseFactory.ts(160,35): error TS2353: Object literal may only specify known properties, and 'days' does not exist in type '{ years?: number; refDate?: string | number | Date; }'.
src/db/seeds/factories/BaseFactory.ts(167,37): error TS2353: Object literal may only specify known properties, and 'days' does not exist in type '{ years?: number; refDate?: string | number | Date; }'.
src/db/seeds/seed-orchestrator.ts(22,11): error TS2300: Duplicate identifier 'seed'.
src/db/seeds/seed-orchestrator.ts(70,9): error TS2300: Duplicate identifier 'seed'.
src/db/seeds/seed-orchestrator.ts(448,11): error TS2345: Argument of type 'string' is not assignable to parameter of type 'FuelType'.
src/db/seeds/seed-orchestrator.ts(766,8): error TS2341: Property 'seed' is private and only accessible within class 'SeedOrchestrator'.
src/db/seeds/seed-orchestrator.ts(766,8): error TS2349: This expression is not callable.
  Type 'String' has no call signatures.
src/emulators/EmulatorOrchestrator.ts(698,9): error TS2739: Type 'Location' is missing the following properties from type '{ latitude: number; longitude: number; }': latitude, longitude
src/emulators/gps/RealisticGPSEmulator.ts(333,7): error TS2322: Type 'string[]' is not assignable to type '("city" | "highway" | "residential")[]'.
  Type 'string' is not assignable to type '"city" | "highway" | "residential"'.
src/emulators/obd2/RealisticOBD2Emulator.ts(444,26): error TS2367: This comparison appears to be unintentional because the types '"sedan" | "suv" | "truck" | "van" | "ev"' and '"excavator"' have no overlap.
src/emulators/obd2/RealisticOBD2Emulator.ts(444,63): error TS2367: This comparison appears to be unintentional because the types '"sedan" | "suv" | "truck" | "van" | "ev"' and '"dump_truck"' have no overlap.
src/emulators/TaskEmulator.ts(691,102): error TS2353: Object literal may only specify known properties, and 'precision' does not exist in type '{ min?: number; max?: number; fractionDigits?: number; multipleOf?: number; }'.
src/endpoints/userProfile.ts(8,26): error TS2304: Cannot find name 'vehicleService'.
src/endpoints/vehicleStatus.ts(8,26): error TS2304: Cannot find name 'vehicleService'.
src/infrastructure/safety/jobs/DriverSafetyScoreAggregationJob.ts(5,16): error TS2503: Cannot find namespace 'cron'.
src/infrastructure/telematics/jobs/TelematicsIngestionWorker.ts(5,16): error TS2503: Cannot find namespace 'cron'.
src/interfaces/IMaintenanceService.ts(2,53): error TS2304: Cannot find name 'MaintenanceRecord'.
src/interfaces/IVehicleService.ts(2,35): error TS2304: Cannot find name 'Vehicle'.
src/jobs/alert-checker.job.ts(78,27): error TS2339: Property 'runAlertChecks' does not exist on type 'typeof AlertEngineService'.
src/jobs/alert-checker.job.ts(185,25): error TS2339: Property 'createAlert' does not exist on type 'typeof AlertEngineService'.
src/jobs/maintenance-scheduler.ts(65,61): error TS2554: Expected 0 arguments, but got 1.
src/jobs/maintenance-scheduler.ts(72,57): error TS2554: Expected 0 arguments, but got 2.
src/jobs/maintenance-scheduler.ts(88,60): error TS2554: Expected 0 arguments, but got 1.
src/jobs/processors/notification.processor.ts(263,44): error TS2339: Property 'subscribeToTopic' does not exist on type 'Messaging'.
src/jobs/processors/notification.processor.ts(292,44): error TS2339: Property 'unsubscribeFromTopic' does not exist on type 'Messaging'.
src/jobs/push-notification-scheduler.job.ts(11,20): error TS2503: Cannot find namespace 'cron'.
src/jobs/queue-processors.ts(14,8): error TS1141: String literal expected.
src/jobs/queue-processors.ts(14,8): error TS2307: Cannot find module '../types/queue.types' or its corresponding type declarations.
src/jobs/report-scheduler.job.ts(77,79): error TS2339: Property 'executeReport' does not exist on type 'typeof CustomReportService'.
src/jobs/report-scheduler.job.ts(92,37): error TS2339: Property 'sendReportEmail' does not exist on type 'typeof CustomReportService'.
src/jobs/scheduling-reminders.job.ts(124,67): error TS2339: Property 'isReminderSent' does not exist on type 'typeof SchedulingNotificationService'.
src/jobs/scheduling-reminders.job.ts(159,47): error TS2339: Property 'sendReservationReminder' does not exist on type 'typeof SchedulingNotificationService'.
src/jobs/scheduling-reminders.job.ts(231,67): error TS2339: Property 'isReminderSent' does not exist on type 'typeof SchedulingNotificationService'.
src/jobs/scheduling-reminders.job.ts(266,47): error TS2339: Property 'sendMaintenanceReminder' does not exist on type 'typeof SchedulingNotificationService'.
src/jobs/scheduling-reminders.job.ts(367,45): error TS2339: Property 'sendConflictDetected' does not exist on type 'typeof SchedulingNotificationService'.
src/jobs/webhook-renewal.job.ts(50,26): error TS2339: Property 'cleanupExpiredSubscriptions' does not exist on type 'typeof WebhookService'.
src/jobs/webhook-renewal.job.ts(81,30): error TS2339: Property 'renewSubscription' does not exist on type 'typeof WebhookService'.
src/jobs/webhook-renewal.job.ts(117,38): error TS2339: Property 'subscribeToTeamsMessages' does not exist on type 'typeof WebhookService'.
src/jobs/webhook-renewal.job.ts(139,38): error TS2339: Property 'subscribeToOutlookEmails' does not exist on type 'typeof WebhookService'.
src/lib/logger.ts(368,5): error TS2740: Type 'ApplicationInsightsTransport' is missing the following properties from type 'TransportStream': writable, writableAborted, writableEnded, writableFinished, and 34 more.
src/lib/telemetry.ts(82,62): error TS2694: Namespace '"/Users/andrewmorton/Documents/GitHub/Fleet-AzureDevOps/api/node_modules/applicationinsights/out/src/declarations/contracts/index"' has no exported member 'Envelope'.
src/lib/telemetry.ts(137,58): error TS2694: Namespace '"/Users/andrewmorton/Documents/GitHub/Fleet-AzureDevOps/api/node_modules/applicationinsights/out/src/declarations/contracts/index"' has no exported member 'Envelope'.
src/lib/telemetry.ts(217,37): error TS2554: Expected 0 arguments, but got 1.
src/main.ts(21,7): error TS2717: Subsequent property declarations must have the same type.  Property 'user' must be of type 'TokenPayload', but here has type 'any'.
src/middleware/auth.middleware.ts(98,7): error TS2741: Property 'id' is missing in type 'TokenPayload' but required in type '{ [key: string]: any; id: string; email: string; username?: string; role?: string; roles?: string[]; tenant_id?: string; tenantId?: string; permissions?: string[]; name?: string; sessionId?: string; }'.
src/middleware/auth.middleware.ts(171,9): error TS2741: Property 'id' is missing in type 'TokenPayload' but required in type '{ [key: string]: any; id: string; email: string; username?: string; role?: string; roles?: string[]; tenant_id?: string; tenantId?: string; permissions?: string[]; name?: string; sessionId?: string; }'.
src/middleware/azure-ad-auth.ts(14,7): error TS2717: Subsequent property declarations must have the same type.  Property 'user' must be of type 'TokenPayload', but here has type 'UserPayload'.
src/middleware/azure-ad-auth.ts(42,5): error TS2741: Property 'email' is missing in type 'UserPayload' but required in type '{ [key: string]: any; id: string; email: string; username?: string; role?: string; roles?: string[]; tenant_id?: string; tenantId?: string; permissions?: string[]; name?: string; sessionId?: string; }'.
src/middleware/cors.ts(88,5): error TS2322: Type 'Response<any, Record<string, any>>' is not assignable to type 'void'.
src/middleware/csrf.ts(14,3): error TS2353: Object literal may only specify known properties, and 'getTokenFromRequest' does not exist in type 'DoubleCsrfConfig'.
src/middleware/csrf.ts(19,50): error TS2339: Property 'invalidCsrfTokenError' does not exist on type 'DoubleCsrfProtection'.
src/middleware/csrf.ts(20,42): error TS2551: Property 'generateCsrfToken' does not exist on type 'DoubleCsrfProtection'. Did you mean 'generateToken'?
src/middleware/csrf.ts(21,44): error TS2339: Property 'validateRequest' does not exist on type 'DoubleCsrfProtection'.
src/middleware/csrf.ts(30,29): error TS2551: Property 'generateCsrfToken' does not exist on type 'DoubleCsrfProtection'. Did you mean 'generateToken'?
src/middleware/errorHandler.ts(93,5): error TS2322: Type 'Response<any, Record<string, any>>' is not assignable to type 'void'.
src/middleware/modulePermissions.ts(11,10): error TS2724: '"../services/auditService"' has no exported member named 'auditService'. Did you mean 'AuditService'?
src/middleware/performance.ts(3,8): error TS2613: Module '"/Users/andrewmorton/Documents/GitHub/Fleet-AzureDevOps/api/src/middleware/logger"' has no default export. Did you mean to use 'import { logger } from "/Users/andrewmorton/Documents/GitHub/Fleet-AzureDevOps/api/src/middleware/logger"' instead?
src/middleware/policy-enforcement.ts(186,57): error TS2345: Argument of type '{ user_id: string; tenant_id: string; resource_type: string; operation: string; data: any; }' is not assignable to parameter of type '{ user_id?: number; tenant_id?: number; resource_type?: string; operation?: string; data?: any; }'.
  Types of property 'user_id' are incompatible.
    Type 'string' is not assignable to type 'number'.
src/middleware/rate-limit.ts(178,24): error TS2339: Property 'incident' does not exist on type 'Logger'.
src/middleware/rate-limit.ts(355,22): error TS2339: Property 'incident' does not exist on type 'Logger'.
src/middleware/rate-limit.ts(412,22): error TS2339: Property 'incident' does not exist on type 'Logger'.
src/middleware/rate-limit.ts(488,22): error TS2339: Property 'incident' does not exist on type 'Logger'.
src/middleware/rate-limit.ts(624,24): error TS2339: Property 'incident' does not exist on type 'Logger'.
src/middleware/sanitization.ts(213,20): error TS2339: Property 'incident' does not exist on type 'Logger'.
src/middleware/sanitization.ts(307,22): error TS2339: Property 'incident' does not exist on type 'Logger'.
src/middleware/security.ts(65,20): error TS2304: Cannot find name 'JSDOM'.
src/middleware/security.ts(66,16): error TS2686: 'DOMPurify' refers to a UMD global, but the current file is a module. Consider adding an import instead.
src/middleware/security.ts(102,18): error TS2322: Type 'SanitizableValue' is not assignable to type 'ParsedQs'.
  Type 'string' is not assignable to type 'ParsedQs'.
src/middleware/security.ts(103,19): error TS2322: Type 'SanitizableValue' is not assignable to type 'ParamsDictionary'.
  Type 'string' is not assignable to type 'ParamsDictionary'.
src/middleware/security.ts(285,25): error TS2304: Cannot find name 'timingSafeEqual'.
src/middleware/sentryErrorHandler.ts(65,39): error TS2339: Property 'location' does not exist on type 'ValidationError'.
  Property 'location' does not exist on type 'AlternativeValidationError'.
src/middleware/sentryErrorHandler.ts(74,15): error TS2339: Property 'Handlers' does not exist on type 'typeof import("/Users/andrewmorton/Documents/GitHub/Fleet-AzureDevOps/api/node_modules/@sentry/node/build/types/index")'.
src/middleware/sentryErrorHandler.ts(74,35): error TS2339: Property 'Handlers' does not exist on type 'typeof import("/Users/andrewmorton/Documents/GitHub/Fleet-AzureDevOps/api/node_modules/@sentry/node/build/types/index")'.
src/middleware/sentryErrorHandler.ts(79,17): error TS2339: Property 'Handlers' does not exist on type 'typeof import("/Users/andrewmorton/Documents/GitHub/Fleet-AzureDevOps/api/node_modules/@sentry/node/build/types/index")'.
src/middleware/sentryErrorHandler.ts(108,15): error TS2339: Property 'Handlers' does not exist on type 'typeof import("/Users/andrewmorton/Documents/GitHub/Fleet-AzureDevOps/api/node_modules/@sentry/node/build/types/index")'.
src/middleware/sentryErrorHandler.ts(108,35): error TS2339: Property 'Handlers' does not exist on type 'typeof import("/Users/andrewmorton/Documents/GitHub/Fleet-AzureDevOps/api/node_modules/@sentry/node/build/types/index")'.
src/middleware/sentryErrorHandler.ts(113,17): error TS2339: Property 'Handlers' does not exist on type 'typeof import("/Users/andrewmorton/Documents/GitHub/Fleet-AzureDevOps/api/node_modules/@sentry/node/build/types/index")'.
src/middleware/validate.ts(2,10): error TS2724: '"zod"' has no exported member named 'AnyZodObject'. Did you mean 'ZodObject'?
src/middleware/validate.ts(185,62): error TS2698: Spread types may only be created from object types.
src/middleware/validateResource.ts(2,10): error TS2724: '"zod"' has no exported member named 'AnyZodObject'. Did you mean 'ZodObject'?
src/middleware/validation.ts(87,35): error TS2339: Property 'partial' does not exist on type 'ZodType<unknown, unknown, $ZodTypeInternals<unknown, unknown>>'.
src/middleware/validation.ts(98,41): error TS2698: Spread types may only be created from object types.
src/middleware/validation.ts(105,24): error TS2339: Property 'incident' does not exist on type 'Logger'.
src/middleware/validation.ts(125,55): error TS2554: Expected 1 arguments, but got 2.
src/middleware/validation.ts(144,9): error TS2322: Type 'unknown' is not assignable to type 'ParamsDictionary'.
  Index signature for type 'string' is missing in type '{}'.
src/middleware/validation.ts(148,9): error TS2322: Type 'unknown' is not assignable to type 'ParsedQs'.
  Index signature for type 'string' is missing in type '{}'.
src/middleware/validation.ts(164,55): error TS2554: Expected 1 arguments, but got 2.
src/modules/compliance/services/violation-export.service.ts(1,24): error TS2307: Cannot find module 'json2csv' or its corresponding type declarations.
src/modules/compliance/services/violation-export.service.ts(2,25): error TS2307: Cannot find module 'pdfkit' or its corresponding type declarations.
src/modules/compliance/services/violation-notifications.service.ts(30,42): error TS2551: Property 'createTransporter' does not exist on type 'typeof import("/Users/andrewmorton/Documents/GitHub/Fleet-AzureDevOps/api/node_modules/@types/nodemailer/index")'. Did you mean 'createTransport'?
src/modules/facilities/repositories/facility.repository.ts(13,31): error TS2339: Property 'pool' does not exist on type 'FacilityRepository'.
src/modules/facilities/repositories/facility.repository.ts(21,31): error TS2339: Property 'pool' does not exist on type 'FacilityRepository'.
src/modules/facilities/repositories/facility.repository.ts(29,31): error TS2339: Property 'pool' does not exist on type 'FacilityRepository'.
src/modules/fleet/repositories/vehicle.repository.ts(13,31): error TS2339: Property 'pool' does not exist on type 'VehicleRepository'.
src/modules/fleet/repositories/vehicle.repository.ts(21,31): error TS2339: Property 'pool' does not exist on type 'VehicleRepository'.
src/modules/fleet/vehicles/vehicles.repository.ts(21,17): error TS2345: Argument of type 'string' is not assignable to parameter of type 'Pool | PoolClient'.
src/modules/fleet/vehicles/vehicles.repository.ts(25,31): error TS2551: Property 'pool' does not exist on type 'VehiclesRepository'. Did you mean '_pool'?
src/modules/fleet/vehicles/vehicles.repository.ts(33,31): error TS2551: Property 'pool' does not exist on type 'VehiclesRepository'. Did you mean '_pool'?
src/modules/fleet/vehicles/vehicles.routes.ts(3,22): error TS2459: Module '"../../../container"' declares 'TYPES' locally, but it is not exported.
src/modules/fleet/vehicles/vehicles.service.ts(3,10): error TS2459: Module '"../../../container"' declares 'TYPES' locally, but it is not exported.
src/modules/fleet/vehicles/vehicles.service.ts(4,10): error TS2305: Module '"../../../repositories/BaseRepository"' has no exported member 'PaginationParams'.
src/modules/fleet/vehicles/vehicles.service.ts(15,42): error TS2339: Property 'findByTenant' does not exist on type 'VehiclesRepository'.
src/modules/fleet/vehicles/vehicles.service.ts(19,51): error TS2551: Property 'findById' does not exist on type 'VehiclesRepository'. Did you mean 'findByVin'?
src/modules/fleet/vehicles/vehicles.service.ts(34,42): error TS2339: Property 'create' does not exist on type 'VehiclesRepository'.
src/modules/fleet/vehicles/vehicles.service.ts(38,42): error TS2339: Property 'update' does not exist on type 'VehiclesRepository'.
src/modules/fleet/vehicles/vehicles.service.ts(42,42): error TS2339: Property 'delete' does not exist on type 'VehiclesRepository'.
src/modules/incidents/repositories/incident-action.repository.ts(5,32): error TS2307: Cannot find module '../../repositories/BaseRepository' or its corresponding type declarations.
src/modules/incidents/repositories/incident-action.repository.ts(41,21): error TS2304: Cannot find name 'Pool'.
src/modules/incidents/repositories/incident-timeline.repository.ts(5,32): error TS2307: Cannot find module '../../repositories/BaseRepository' or its corresponding type declarations.
src/modules/incidents/repositories/incident-timeline.repository.ts(25,21): error TS2304: Cannot find name 'Pool'.
src/modules/incidents/repositories/incident-witness.repository.ts(5,32): error TS2307: Cannot find module '../../repositories/BaseRepository' or its corresponding type declarations.
src/modules/incidents/repositories/incident-witness.repository.ts(25,21): error TS2304: Cannot find name 'Pool'.
src/modules/incidents/services/containment.ts(50,14): error TS2515: Non-abstract class 'ContainmentService' does not implement inherited abstract member validate from class 'BaseService'.
src/modules/incidents/services/incident-responder.ts(52,14): error TS2515: Non-abstract class 'IncidentResponderService' does not implement inherited abstract member validate from class 'BaseService'.
src/modules/incidents/services/incident-responder.ts(76,11): error TS2739: Type '{ incidentId: number; status: "initiated"; priority: PriorityLevel.LOW; startTime: Date; timeline: undefined[]; summary: string; }' is missing the following properties from type 'IncidentResponse': triage, playbook, containment, remediation, postIncident
src/modules/incidents/services/incident-triage.ts(47,14): error TS2515: Non-abstract class 'IncidentTriageService' does not implement inherited abstract member validate from class 'BaseService'.
src/modules/incidents/services/playbooks.ts(82,14): error TS2515: Non-abstract class 'PlaybooksService' does not implement inherited abstract member validate from class 'BaseService'.
src/modules/incidents/services/post-incident.ts(114,14): error TS2515: Non-abstract class 'PostIncidentService' does not implement inherited abstract member validate from class 'BaseService'.
src/modules/incidents/services/remediation.ts(60,14): error TS2515: Non-abstract class 'RemediationService' does not implement inherited abstract member validate from class 'BaseService'.
src/modules/maintenance/repositories/maintenance.repository.ts(13,31): error TS2339: Property 'pool' does not exist on type 'MaintenanceRepository'.
src/modules/maintenance/repositories/maintenance.repository.ts(21,31): error TS2339: Property 'pool' does not exist on type 'MaintenanceRepository'.
src/modules/maintenance/repositories/maintenance.repository.ts(29,31): error TS2339: Property 'pool' does not exist on type 'MaintenanceRepository'.
src/modules/maintenance/routes/index.ts(2,15): error TS2307: Cannot find module './maintenance.routes' or its corresponding type declarations.
src/modules/telemetry/repositories/index.ts(2,15): error TS2307: Cannot find module './telemetry.repository' or its corresponding type declarations.
src/modules/telemetry/routes/index.ts(2,15): error TS2307: Cannot find module './telemetry.routes' or its corresponding type declarations.
src/modules/telemetry/services/index.ts(2,15): error TS2307: Cannot find module './telemetry.service' or its corresponding type declarations.
src/monitoring/applicationInsights.ts(73,65): error TS2694: Namespace '"/Users/andrewmorton/Documents/GitHub/Fleet-AzureDevOps/api/node_modules/applicationinsights/out/src/declarations/contracts/index"' has no exported member 'Envelope'.
src/monitoring/applicationInsights.ts(264,46): error TS2345: Argument of type '{ name: string; url: string; properties: any; }' is not assignable to parameter of type 'PageViewTelemetry'.
  Property 'id' is missing in type '{ name: string; url: string; properties: any; }' but required in type 'PageViewTelemetry'.
src/monitoring/applicationInsights.ts(283,40): error TS2554: Expected 0 arguments, but got 1.
src/monitoring/memory.ts(1,8): error TS2613: Module '"/Users/andrewmorton/Documents/GitHub/Fleet-AzureDevOps/api/src/middleware/logger"' has no default export. Did you mean to use 'import { logger } from "/Users/andrewmorton/Documents/GitHub/Fleet-AzureDevOps/api/src/middleware/logger"' instead?
src/monitoring/sentry.ts(98,22): error TS2551: Property 'Integrations' does not exist on type 'typeof import("/Users/andrewmorton/Documents/GitHub/Fleet-AzureDevOps/api/node_modules/@sentry/node/build/types/index")'. Did you mean 'fsIntegration'?
src/monitoring/sentry.ts(100,22): error TS2551: Property 'Integrations' does not exist on type 'typeof import("/Users/andrewmorton/Documents/GitHub/Fleet-AzureDevOps/api/node_modules/@sentry/node/build/types/index")'. Did you mean 'fsIntegration'?
src/monitoring/sentry.ts(106,22): error TS2551: Property 'Integrations' does not exist on type 'typeof import("/Users/andrewmorton/Documents/GitHub/Fleet-AzureDevOps/api/node_modules/@sentry/node/build/types/index")'. Did you mean 'fsIntegration'?
src/monitoring/sentry.ts(110,22): error TS2551: Property 'Integrations' does not exist on type 'typeof import("/Users/andrewmorton/Documents/GitHub/Fleet-AzureDevOps/api/node_modules/@sentry/node/build/types/index")'. Did you mean 'fsIntegration'?
src/monitoring/sentry.ts(112,22): error TS2551: Property 'Integrations' does not exist on type 'typeof import("/Users/andrewmorton/Documents/GitHub/Fleet-AzureDevOps/api/node_modules/@sentry/node/build/types/index")'. Did you mean 'fsIntegration'?
src/monitoring/sentry.ts(114,22): error TS2551: Property 'Integrations' does not exist on type 'typeof import("/Users/andrewmorton/Documents/GitHub/Fleet-AzureDevOps/api/node_modules/@sentry/node/build/types/index")'. Did you mean 'fsIntegration'?
src/monitoring/sentry.ts(170,9): error TS2353: Object literal may only specify known properties, and 'autoSessionTracking' does not exist in type 'NodeOptions'.
src/monitoring/sentry.ts(303,19): error TS2339: Property 'startTransaction' does not exist on type 'typeof import("/Users/andrewmorton/Documents/GitHub/Fleet-AzureDevOps/api/node_modules/@sentry/node/build/types/index")'.
src/repositories/aichat.repository.ts(6,5): error TS2335: 'super' can only be referenced in a derived class.
src/repositories/aichat.repository.ts(16,44): error TS2339: Property 'pool' does not exist on type 'AiChatRepository'.
src/repositories/aichat.repository.ts(26,44): error TS2339: Property 'pool' does not exist on type 'AiChatRepository'.
src/repositories/aichat.repository.ts(37,44): error TS2339: Property 'pool' does not exist on type 'AiChatRepository'.
src/repositories/aichat.repository.ts(48,16): error TS2339: Property 'pool' does not exist on type 'AiChatRepository'.
src/repositories/aichat.repository.ts(57,16): error TS2339: Property 'pool' does not exist on type 'AiChatRepository'.
src/repositories/analyticsservice.repository.ts(6,5): error TS2335: 'super' can only be referenced in a derived class.
src/repositories/analyticsservice.repository.ts(16,23): error TS2339: Property 'pool' does not exist on type 'AnalyticsServiceRepository'.
src/repositories/analyticsservice.repository.ts(26,23): error TS2339: Property 'pool' does not exist on type 'AnalyticsServiceRepository'.
src/repositories/analyticsservice.repository.ts(36,23): error TS2339: Property 'pool' does not exist on type 'AnalyticsServiceRepository'.
src/repositories/analyticsservice.repository.ts(47,23): error TS2339: Property 'pool' does not exist on type 'AnalyticsServiceRepository'.
src/repositories/analyticsservice.repository.ts(57,23): error TS2339: Property 'pool' does not exist on type 'AnalyticsServiceRepository'.
src/repositories/asset-management.repository.ts(543,38): error TS2345: Argument of type 'number' is not assignable to parameter of type 'string'.
src/repositories/asset-management.repository.ts(544,41): error TS2345: Argument of type 'number' is not assignable to parameter of type 'string'.
src/repositories/bulkoperations.repository.ts(151,55): error TS2339: Property 'tenantId' does not exist on type 'BulkOperationsRepository'.
src/repositories/certifications.repository.ts(6,5): error TS2335: 'super' can only be referenced in a derived class.
src/repositories/certifications.repository.ts(11,17): error TS2339: Property 'pool' does not exist on type 'CertificationsRepository'.
src/repositories/certifications.repository.ts(16,17): error TS2339: Property 'pool' does not exist on type 'CertificationsRepository'.
src/repositories/certifications.repository.ts(22,17): error TS2339: Property 'pool' does not exist on type 'CertificationsRepository'.
src/repositories/certifications.repository.ts(43,17): error TS2339: Property 'pool' does not exist on type 'CertificationsRepository'.
src/repositories/certifications.repository.ts(48,17): error TS2339: Property 'pool' does not exist on type 'CertificationsRepository'.
src/repositories/drivers.repository.ts(209,9): error TS2416: Property 'count' in type 'DriversRepository' is not assignable to the same property in base type 'BaseRepository<any, Partial<any>, Partial<any>>'.
  Type '(tenantId: number) => Promise<number>' is not assignable to type '(filters: Record<string, unknown>, tenantId: string | number) => Promise<number>'.
    Types of parameters 'tenantId' and 'filters' are incompatible.
      Type 'Record<string, unknown>' is not assignable to type 'number'.
src/repositories/enhanced/DriversRepository.ts(15,10): error TS2305: Module '"../../errors/AppError"' has no exported member 'DatabaseError'.
src/repositories/enhanced/DriversRepository.ts(16,10): error TS2305: Module '"../base"' has no exported member 'GenericRepository'.
src/repositories/enhanced/DriversRepository.ts(104,32): error TS2339: Property 'executeQuery' does not exist on type 'DriversRepository'.
src/repositories/enhanced/DriversRepository.ts(115,32): error TS2339: Property 'executeQuery' does not exist on type 'DriversRepository'.
src/repositories/enhanced/DriversRepository.ts(126,32): error TS2339: Property 'executeQuery' does not exist on type 'DriversRepository'.
src/repositories/enhanced/DriversRepository.ts(137,17): error TS2339: Property 'executeQuery' does not exist on type 'DriversRepository'.
src/repositories/enhanced/DriversRepository.ts(149,17): error TS2339: Property 'executeQuery' does not exist on type 'DriversRepository'.
src/repositories/enhanced/DriversRepository.ts(161,17): error TS2339: Property 'executeQuery' does not exist on type 'DriversRepository'.
src/repositories/enhanced/DriversRepository.ts(173,17): error TS2339: Property 'executeQuery' does not exist on type 'DriversRepository'.
src/repositories/enhanced/DriversRepository.ts(187,17): error TS2339: Property 'executeQuery' does not exist on type 'DriversRepository'.
src/repositories/enhanced/DriversRepository.ts(201,17): error TS2339: Property 'executeQuery' does not exist on type 'DriversRepository'.
src/repositories/enhanced/DriversRepository.ts(215,17): error TS2339: Property 'executeQuery' does not exist on type 'DriversRepository'.
src/repositories/enhanced/DriversRepository.ts(232,17): error TS2339: Property 'executeQuery' does not exist on type 'DriversRepository'.
src/repositories/enhanced/DriversRepository.ts(246,17): error TS2339: Property 'executeQuery' does not exist on type 'DriversRepository'.
src/repositories/enhanced/DriversRepository.ts(260,17): error TS2339: Property 'executeQuery' does not exist on type 'DriversRepository'.
src/repositories/enhanced/DriversRepository.ts(284,17): error TS2339: Property 'update' does not exist on type 'DriversRepository'.
src/repositories/enhanced/DriversRepository.ts(295,32): error TS2339: Property 'executeQuery' does not exist on type 'DriversRepository'.
src/repositories/enhanced/DriversRepository.ts(320,32): error TS2339: Property 'executeQuery' does not exist on type 'DriversRepository'.
src/repositories/enhanced/DriversRepository.ts(368,31): error TS2339: Property 'executeQuery' does not exist on type 'DriversRepository'.
src/repositories/enhanced/DriversRepository.ts(390,17): error TS2339: Property 'executeQuery' does not exist on type 'DriversRepository'.
src/repositories/enhanced/DriversRepository.ts(421,31): error TS2339: Property 'executeQuery' does not exist on type 'DriversRepository'.
src/repositories/enhanced/TelemetryRepository.ts(12,10): error TS2305: Module '"../base"' has no exported member 'GenericRepository'.
src/repositories/enhanced/TelemetryRepository.ts(100,17): error TS2339: Property 'executeQuery' does not exist on type 'TelemetryRepository'.
src/repositories/enhanced/TelemetryRepository.ts(116,32): error TS2339: Property 'executeQuery' does not exist on type 'TelemetryRepository'.
src/repositories/enhanced/TelemetryRepository.ts(148,17): error TS2339: Property 'executeQuery' does not exist on type 'TelemetryRepository'.
src/repositories/enhanced/TelemetryRepository.ts(195,17): error TS2339: Property 'executeQuery' does not exist on type 'TelemetryRepository'.
src/repositories/enhanced/TelemetryRepository.ts(237,17): error TS2339: Property 'executeQuery' does not exist on type 'TelemetryRepository'.
src/repositories/enhanced/TelemetryRepository.ts(295,31): error TS2339: Property 'executeQuery' does not exist on type 'TelemetryRepository'.
src/repositories/enhanced/TelemetryRepository.ts(323,23): error TS2339: Property 'getPool' does not exist on type 'TelemetryRepository'.
src/repositories/enhanced/TelemetryRepository.ts(384,23): error TS2339: Property 'getPool' does not exist on type 'TelemetryRepository'.
src/repositories/enhanced/TelemetryRepository.ts(417,17): error TS2339: Property 'executeQuery' does not exist on type 'TelemetryRepository'.
src/repositories/enhanced/VehiclesRepository.ts(16,10): error TS2305: Module '"../../errors/AppError"' has no exported member 'DatabaseError'.
src/repositories/enhanced/VehiclesRepository.ts(18,10): error TS2305: Module '"../base"' has no exported member 'GenericRepository'.
src/repositories/enhanced/VehiclesRepository.ts(100,32): error TS2339: Property 'executeQuery' does not exist on type 'VehiclesRepository'.
src/repositories/enhanced/VehiclesRepository.ts(111,32): error TS2339: Property 'executeQuery' does not exist on type 'VehiclesRepository'.
src/repositories/enhanced/VehiclesRepository.ts(122,17): error TS2339: Property 'executeQuery' does not exist on type 'VehiclesRepository'.
src/repositories/enhanced/VehiclesRepository.ts(132,17): error TS2339: Property 'executeQuery' does not exist on type 'VehiclesRepository'.
src/repositories/enhanced/VehiclesRepository.ts(142,17): error TS2339: Property 'executeQuery' does not exist on type 'VehiclesRepository'.
src/repositories/enhanced/VehiclesRepository.ts(152,17): error TS2339: Property 'executeQuery' does not exist on type 'VehiclesRepository'.
src/repositories/enhanced/VehiclesRepository.ts(162,17): error TS2339: Property 'executeQuery' does not exist on type 'VehiclesRepository'.
src/repositories/enhanced/VehiclesRepository.ts(172,17): error TS2339: Property 'executeQuery' does not exist on type 'VehiclesRepository'.
src/repositories/enhanced/VehiclesRepository.ts(252,36): error TS2339: Property 'executeQuery' does not exist on type 'VehiclesRepository'.
src/repositories/enhanced/VehiclesRepository.ts(259,35): error TS2339: Property 'executeQuery' does not exist on type 'VehiclesRepository'.
src/repositories/enhanced/VehiclesRepository.ts(282,31): error TS2339: Property 'executeQuery' does not exist on type 'VehiclesRepository'.
src/repositories/enhanced/VehiclesRepository.ts(335,31): error TS2339: Property 'executeQuery' does not exist on type 'VehiclesRepository'.
src/repositories/enhanced/VehiclesRepository.ts(352,17): error TS2339: Property 'executeQuery' does not exist on type 'VehiclesRepository'.
src/repositories/enhanced/VehiclesRepository.ts(366,17): error TS2339: Property 'executeQuery' does not exist on type 'VehiclesRepository'.
src/repositories/enhanced/VehiclesRepository.ts(380,17): error TS2339: Property 'executeQuery' does not exist on type 'VehiclesRepository'.
src/repositories/enhanced/VehiclesRepository.ts(399,17): error TS2339: Property 'update' does not exist on type 'VehiclesRepository'.
src/repositories/enhanced/VehiclesRepository.ts(411,17): error TS2339: Property 'update' does not exist on type 'VehiclesRepository'.
src/repositories/enhanced/VehiclesRepository.ts(430,31): error TS2339: Property 'executeQuery' does not exist on type 'VehiclesRepository'.
src/repositories/environmentalcompliance.repository.ts(7,5): error TS2335: 'super' can only be referenced in a derived class.
src/repositories/environmentalcompliance.repository.ts(29,31): error TS2339: Property 'query' does not exist on type 'EnvironmentalComplianceRepository'.
src/repositories/environmentalcompliance.repository.ts(39,31): error TS2339: Property 'query' does not exist on type 'EnvironmentalComplianceRepository'.
src/repositories/environmentalcompliance.repository.ts(49,31): error TS2339: Property 'query' does not exist on type 'EnvironmentalComplianceRepository'.
src/repositories/environmentalcompliance.repository.ts(73,16): error TS2339: Property 'query' does not exist on type 'EnvironmentalComplianceRepository'.
src/repositories/environmentalcompliance.repository.ts(82,16): error TS2339: Property 'query' does not exist on type 'EnvironmentalComplianceRepository'.
src/repositories/fleetanalytics.repository.ts(6,5): error TS2335: 'super' can only be referenced in a derived class.
src/repositories/fleetanalytics.repository.ts(14,17): error TS2339: Property 'pool' does not exist on type 'FleetAnalyticsRepository'.
src/repositories/fleetanalytics.repository.ts(22,17): error TS2339: Property 'pool' does not exist on type 'FleetAnalyticsRepository'.
src/repositories/fleetanalytics.repository.ts(31,17): error TS2339: Property 'pool' does not exist on type 'FleetAnalyticsRepository'.
src/repositories/fleetanalytics.repository.ts(41,17): error TS2339: Property 'pool' does not exist on type 'FleetAnalyticsRepository'.
src/repositories/fleetanalytics.repository.ts(50,17): error TS2339: Property 'pool' does not exist on type 'FleetAnalyticsRepository'.
src/repositories/fuel-transactions.repository.ts(29,19): error TS2339: Property 'rows' does not exist on type 'any[] & { rowCount: number; }'.
src/repositories/fuel-transactions.repository.ts(48,19): error TS2339: Property 'rows' does not exist on type 'any[] & { rowCount: number; }'.
src/repositories/fuel.repository.ts(42,21): error TS2304: Cannot find name 'Pool'.
src/repositories/fuel.repository.ts(336,9): error TS2416: Property 'count' in type 'FuelRepository' is not assignable to the same property in base type 'BaseRepository<any, Partial<any>, Partial<any>>'.
  Type '(tenantId: string) => Promise<number>' is not assignable to type '(filters: Record<string, unknown>, tenantId: string | number) => Promise<number>'.
    Types of parameters 'tenantId' and 'filters' are incompatible.
      Type 'Record<string, unknown>' is not assignable to type 'string'.
src/repositories/fuel.repository.ts(345,31): error TS2554: Expected 1 arguments, but got 0.
src/repositories/fuelcardintegration.repository.ts(2,28): error TS2307: Cannot find module '@nestjs/common' or its corresponding type declarations.
src/repositories/fuelcardintegration.repository.ts(3,34): error TS2307: Cannot find module '@nestjs/typeorm' or its corresponding type declarations.
src/repositories/fuelcardintegration.repository.ts(4,28): error TS2307: Cannot find module 'typeorm' or its corresponding type declarations.
src/repositories/fuelcardintegration.repository.ts(6,37): error TS2307: Cannot find module '../entities/fuel-card-integration.entity' or its corresponding type declarations.
src/repositories/HealthCheckRepository.ts(36,10): error TS2339: Property 'pool' does not exist on type 'HealthCheckRepository'.
src/repositories/HealthCheckRepository.ts(44,33): error TS2339: Property 'pool' does not exist on type 'HealthCheckRepository'.
src/repositories/HealthCheckRepository.ts(57,33): error TS2339: Property 'pool' does not exist on type 'HealthCheckRepository'.
src/repositories/HealthCheckRepository.ts(78,33): error TS2339: Property 'pool' does not exist on type 'HealthCheckRepository'.
src/repositories/HealthCheckRepository.ts(100,33): error TS2339: Property 'pool' does not exist on type 'HealthCheckRepository'.
src/repositories/HealthCheckRepository.ts(146,19): error TS2339: Property 'tableName' does not exist on type 'HealthCheckRepository'.
src/repositories/HealthCheckRepository.ts(151,31): error TS2339: Property 'pool' does not exist on type 'HealthCheckRepository'.
src/repositories/HealthCheckRepository.ts(151,55): error TS2339: Property 'tenantId' does not exist on type 'HealthCheckRepository'.
src/repositories/incidents.repository.ts(53,21): error TS2304: Cannot find name 'Pool'.
src/repositories/incidents.repository.ts(394,9): error TS2416: Property 'count' in type 'IncidentsRepository' is not assignable to the same property in base type 'BaseRepository<any, Partial<any>, Partial<any>>'.
  Type '(tenantId: string) => Promise<number>' is not assignable to type '(filters: Record<string, unknown>, tenantId: string | number) => Promise<number>'.
    Types of parameters 'tenantId' and 'filters' are incompatible.
      Type 'Record<string, unknown>' is not assignable to type 'string'.
src/repositories/incidents.repository.ts(438,36): error TS2554: Expected 1 arguments, but got 0.
src/repositories/index.ts(17,15): error TS2307: Cannot find module './workorders.repository' or its corresponding type declarations.
src/repositories/inspection.repository.ts(2,24): error TS2307: Cannot find module '../lib/prisma' or its corresponding type declarations.
src/repositories/inspections.repository.ts(40,21): error TS2304: Cannot find name 'Pool'.
src/repositories/inspections.repository.ts(387,9): error TS2416: Property 'count' in type 'InspectionsRepository' is not assignable to the same property in base type 'BaseRepository<any, Partial<any>, Partial<any>>'.
  Type '(tenantId: string) => Promise<number>' is not assignable to type '(filters: Record<string, unknown>, tenantId: string | number) => Promise<number>'.
    Types of parameters 'tenantId' and 'filters' are incompatible.
      Type 'Record<string, unknown>' is not assignable to type 'string'.
src/repositories/inspections.repository.ts(437,38): error TS2554: Expected 1 arguments, but got 0.
src/repositories/insurancepolicies.repository.ts(4,33): error TS2307: Cannot find module '../models/insurance-policy.model' or its corresponding type declarations.
src/repositories/inventorymanagement.repository.ts(4,31): error TS2307: Cannot find module '../models/inventory-item.model' or its corresponding type declarations.
src/repositories/leasetracking.repository.ts(2,28): error TS2307: Cannot find module '@nestjs/common' or its corresponding type declarations.
src/repositories/leasetracking.repository.ts(3,34): error TS2307: Cannot find module '@nestjs/typeorm' or its corresponding type declarations.
src/repositories/leasetracking.repository.ts(4,28): error TS2307: Cannot find module 'typeorm' or its corresponding type declarations.
src/repositories/leasetracking.repository.ts(6,31): error TS2307: Cannot find module '../entities/lease-tracking.entity' or its corresponding type declarations.
src/repositories/locationhistory.repository.ts(4,33): error TS2307: Cannot find module '../models/location-history.model' or its corresponding type declarations.
src/repositories/maintenance-schedules.repository.ts(90,19): error TS2339: Property 'rows' does not exist on type 'MaintenanceSchedule[] & { rowCount: number; }'.
src/repositories/maintenance-schedules.repository.ts(109,19): error TS2339: Property 'rows' does not exist on type 'MaintenanceSchedule[] & { rowCount: number; }'.
src/repositories/maintenance.repository.ts(37,21): error TS2304: Cannot find name 'Pool'.
src/repositories/maintenance.repository.ts(256,9): error TS2416: Property 'count' in type 'MaintenanceRepository' is not assignable to the same property in base type 'BaseRepository<any, Partial<any>, Partial<any>>'.
  Type '(tenantId: string) => Promise<number>' is not assignable to type '(filters: Record<string, unknown>, tenantId: string | number) => Promise<number>'.
    Types of parameters 'tenantId' and 'filters' are incompatible.
      Type 'Record<string, unknown>' is not assignable to type 'string'.
src/repositories/maintenance.repository.ts(289,55): error TS2339: Property 'tenantId' does not exist on type 'MaintenanceRepository'.
src/repositories/maintenance.repository.ts(295,38): error TS2554: Expected 1 arguments, but got 0.
src/repositories/model3d.repository.ts(48,20): error TS2345: Argument of type 'number' is not assignable to parameter of type 'string'.
src/repositories/notificationpreferences.repository.ts(4,41): error TS2307: Cannot find module '../models/notification-preferences.model' or its corresponding type declarations.
src/repositories/oncallmanagement.repository.ts(6,5): error TS2335: 'super' can only be referenced in a derived class.
src/repositories/oncallmanagement.repository.ts(23,31): error TS2339: Property 'pool' does not exist on type 'OnCallManagementRepository'.
src/repositories/oncallmanagement.repository.ts(33,31): error TS2339: Property 'pool' does not exist on type 'OnCallManagementRepository'.
src/repositories/oncallmanagement.repository.ts(43,31): error TS2339: Property 'pool' does not exist on type 'OnCallManagementRepository'.
src/repositories/oncallmanagement.repository.ts(63,31): error TS2339: Property 'pool' does not exist on type 'OnCallManagementRepository'.
src/repositories/oncallmanagement.repository.ts(72,31): error TS2339: Property 'pool' does not exist on type 'OnCallManagementRepository'.
src/repositories/osha-compliance.repository.ts(131,21): error TS2304: Cannot find name 'Pool'.
src/repositories/osha-compliance.repository.ts(327,18): error TS2345: Argument of type 'number' is not assignable to parameter of type 'string'.
src/repositories/osha-compliance.repository.ts(330,18): error TS2345: Argument of type 'number' is not assignable to parameter of type 'string'.
src/repositories/osha-compliance.repository.ts(417,18): error TS2345: Argument of type 'number' is not assignable to parameter of type 'string'.
src/repositories/osha-compliance.repository.ts(600,16): error TS2554: Expected 1 arguments, but got 0.
src/repositories/partsinventory.repository.ts(4,32): error TS2307: Cannot find module '../models/parts-inventory.model' or its corresponding type declarations.
src/repositories/performancemetrics.repository.ts(4,35): error TS2307: Cannot find module '../models/PerformanceMetric' or its corresponding type declarations.
src/repositories/PermissionsRepository.ts(58,33): error TS2339: Property 'pool' does not exist on type 'PermissionsRepository'.
src/repositories/PermissionsRepository.ts(79,33): error TS2339: Property 'pool' does not exist on type 'PermissionsRepository'.
src/repositories/PermissionsRepository.ts(99,33): error TS2339: Property 'pool' does not exist on type 'PermissionsRepository'.
src/repositories/PermissionsRepository.ts(122,33): error TS2339: Property 'pool' does not exist on type 'PermissionsRepository'.
src/repositories/PermissionsRepository.ts(202,18): error TS2339: Property 'pool' does not exist on type 'PermissionsRepository'.
src/repositories/PermissionsRepository.ts(218,17): error TS2339: Property 'pool' does not exist on type 'PermissionsRepository'.
src/repositories/personalusepolicies.repository.ts(6,5): error TS2335: 'super' can only be referenced in a derived class.
src/repositories/personalusepolicies.repository.ts(22,17): error TS2339: Property 'pool' does not exist on type 'PersonalUsePoliciesRepository'.
src/repositories/personalusepolicies.repository.ts(32,17): error TS2339: Property 'pool' does not exist on type 'PersonalUsePoliciesRepository'.
src/repositories/personalusepolicies.repository.ts(42,17): error TS2339: Property 'pool' does not exist on type 'PersonalUsePoliciesRepository'.
src/repositories/personalusepolicies.repository.ts(59,17): error TS2339: Property 'pool' does not exist on type 'PersonalUsePoliciesRepository'.
src/repositories/personalusepolicies.repository.ts(69,17): error TS2339: Property 'pool' does not exist on type 'PersonalUsePoliciesRepository'.
src/repositories/PersonalUsePoliciesRepository.ts(83,5): error TS2554: Expected 2-3 arguments, but got 0.
src/repositories/PersonalUsePoliciesRepository.ts(87,33): error TS2554: Expected 0 arguments, but got 1.
src/repositories/PersonalUsePoliciesRepository.ts(96,33): error TS2554: Expected 0 arguments, but got 1.
src/repositories/PersonalUsePoliciesRepository.ts(105,33): error TS2554: Expected 0 arguments, but got 1.
src/repositories/PersonalUsePoliciesRepository.ts(114,33): error TS2554: Expected 0 arguments, but got 1.
src/repositories/PersonalUsePoliciesRepository.ts(123,33): error TS2554: Expected 0 arguments, but got 1.
src/repositories/PersonalUsePoliciesRepository.ts(132,33): error TS2554: Expected 0 arguments, but got 1.
src/repositories/PersonalUsePoliciesRepository.ts(141,33): error TS2554: Expected 0 arguments, but got 1.
src/repositories/PersonalUsePoliciesRepository.ts(150,33): error TS2554: Expected 0 arguments, but got 1.
src/repositories/PersonalUsePoliciesRepository.ts(159,33): error TS2554: Expected 0 arguments, but got 1.
src/repositories/PersonalUsePoliciesRepository.ts(168,33): error TS2554: Expected 0 arguments, but got 1.
src/repositories/pushnotification.repository.ts(92,55): error TS2339: Property 'tenantId' does not exist on type 'PushNotificationRepository'.
src/repositories/reimbursement-requests.repository.ts(264,24): error TS2345: Argument of type 'string' is not assignable to parameter of type 'number'.
src/repositories/replacementplanning.repository.ts(4,37): error TS2307: Cannot find module '../models/replacement-planning.model' or its corresponding type declarations.
src/repositories/ReservationsRepository.ts(96,33): error TS2554: Expected 0 arguments, but got 1.
src/repositories/ReservationsRepository.ts(184,75): error TS2345: Argument of type '{ filters: ReservationFilters; error: any; }' is not assignable to parameter of type 'string'.
src/repositories/ReservationsRepository.ts(197,33): error TS2554: Expected 0 arguments, but got 1.
src/repositories/ReservationsRepository.ts(232,80): error TS2345: Argument of type '{ id: string; error: any; }' is not assignable to parameter of type 'string'.
src/repositories/ReservationsRepository.ts(247,33): error TS2554: Expected 0 arguments, but got 1.
src/repositories/ReservationsRepository.ts(254,65): error TS2345: Argument of type '{ vehicleId: string; error: any; }' is not assignable to parameter of type 'string'.
src/repositories/ReservationsRepository.ts(268,33): error TS2554: Expected 0 arguments, but got 1.
src/repositories/ReservationsRepository.ts(281,71): error TS2345: Argument of type '{ vehicleId: string; error: any; }' is not assignable to parameter of type 'string'.
src/repositories/ReservationsRepository.ts(290,33): error TS2554: Expected 0 arguments, but got 1.
src/repositories/ReservationsRepository.ts(317,33): error TS2554: Expected 0 arguments, but got 1.
src/repositories/ReservationsRepository.ts(356,63): error TS2345: Argument of type '{ data: CreateReservationData; error: any; }' is not assignable to parameter of type 'string'.
src/repositories/ReservationsRepository.ts(369,33): error TS2554: Expected 0 arguments, but got 1.
src/repositories/ReservationsRepository.ts(410,63): error TS2345: Argument of type '{ id: string; data: UpdateReservationData; error: any; }' is not assignable to parameter of type 'string'.
src/repositories/ReservationsRepository.ts(423,33): error TS2554: Expected 0 arguments, but got 1.
src/repositories/ReservationsRepository.ts(429,69): error TS2345: Argument of type '{ id: string; eventId: string; error: any; }' is not assignable to parameter of type 'string'.
src/repositories/ReservationsRepository.ts(438,33): error TS2554: Expected 0 arguments, but got 1.
src/repositories/ReservationsRepository.ts(444,63): error TS2345: Argument of type '{ id: string; error: any; }' is not assignable to parameter of type 'string'.
src/repositories/ReservationsRepository.ts(457,33): error TS2554: Expected 0 arguments, but got 1.
src/repositories/ReservationsRepository.ts(483,71): error TS2345: Argument of type '{ id: string; error: any; }' is not assignable to parameter of type 'string'.
src/repositories/ReservationsRepository.ts(497,33): error TS2554: Expected 0 arguments, but got 1.
src/repositories/ReservationsRepository.ts(502,69): error TS2345: Argument of type '{ vehicleId: string; error: any; }' is not assignable to parameter of type 'string'.
src/repositories/ReservationsRepository.ts(515,33): error TS2554: Expected 0 arguments, but got 1.
src/repositories/ReservationsRepository.ts(550,69): error TS2345: Argument of type '{ vehicleId: string; error: any; }' is not assignable to parameter of type 'string'.
src/repositories/ReservationsRepository.ts(559,33): error TS2554: Expected 0 arguments, but got 1.
src/repositories/ReservationsRepository.ts(564,66): error TS2345: Argument of type '{ error: any; }' is not assignable to parameter of type 'string'.
src/repositories/safetyincidents.repository.ts(4,32): error TS2307: Cannot find module '../models/safety-incident.model' or its corresponding type declarations.
src/repositories/subscriptionmanagement.repository.ts(20,5): error TS2335: 'super' can only be referenced in a derived class.
src/repositories/subscriptionmanagement.repository.ts(39,58): error TS2339: Property 'pool' does not exist on type 'SubscriptionManagementRepository'.
src/repositories/subscriptionmanagement.repository.ts(51,58): error TS2339: Property 'pool' does not exist on type 'SubscriptionManagementRepository'.
src/repositories/subscriptionmanagement.repository.ts(66,58): error TS2339: Property 'pool' does not exist on type 'SubscriptionManagementRepository'.
src/repositories/subscriptionmanagement.repository.ts(79,60): error TS2339: Property 'pool' does not exist on type 'SubscriptionManagementRepository'.
src/repositories/subscriptionmanagement.repository.ts(92,58): error TS2339: Property 'pool' does not exist on type 'SubscriptionManagementRepository'.
src/repositories/task-management.repository.ts(81,21): error TS2304: Cannot find name 'Pool'.
src/repositories/task-management.repository.ts(431,9): error TS2416: Property 'count' in type 'TaskManagementRepository' is not assignable to the same property in base type 'BaseRepository<any, Partial<any>, Partial<any>>'.
  Type '(tenantId: string, filters?: TaskFilters) => Promise<number>' is not assignable to type '(filters: Record<string, unknown>, tenantId: string | number) => Promise<number>'.
    Types of parameters 'tenantId' and 'filters' are incompatible.
      Type 'Record<string, unknown>' is not assignable to type 'string'.
src/repositories/task-management.repository.ts(462,41): error TS2554: Expected 1 arguments, but got 0.
src/repositories/taskmanagement.repository.ts(6,5): error TS2335: 'super' can only be referenced in a derived class.
src/repositories/taskmanagement.repository.ts(23,23): error TS2339: Property 'pool' does not exist on type 'TaskManagementRepository'.
src/repositories/taskmanagement.repository.ts(32,23): error TS2339: Property 'pool' does not exist on type 'TaskManagementRepository'.
src/repositories/taskmanagement.repository.ts(41,23): error TS2339: Property 'pool' does not exist on type 'TaskManagementRepository'.
src/repositories/taskmanagement.repository.ts(60,23): error TS2339: Property 'pool' does not exist on type 'TaskManagementRepository'.
src/repositories/taskmanagement.repository.ts(70,23): error TS2339: Property 'pool' does not exist on type 'TaskManagementRepository'.
src/repositories/teams.repository.ts(182,9): error TS2416: Property 'count' in type 'TeamsRepository' is not assignable to the same property in base type 'BaseRepository<any, Partial<any>, Partial<any>>'.
  Type '(tenantId: string) => Promise<number>' is not assignable to type '(filters: Record<string, unknown>, tenantId: string | number) => Promise<number>'.
    Types of parameters 'tenantId' and 'filters' are incompatible.
      Type 'Record<string, unknown>' is not assignable to type 'string'.
src/repositories/teams.repository.ts(225,55): error TS2339: Property 'tenantId' does not exist on type 'TeamsRepository'.
src/repositories/TelematicsRepository.ts(183,5): error TS2335: 'super' can only be referenced in a derived class.
src/repositories/TelematicsRepository.ts(194,31): error TS2339: Property 'pool' does not exist on type 'TelematicsRepository'.
src/repositories/TelematicsRepository.ts(207,31): error TS2339: Property 'pool' does not exist on type 'TelematicsRepository'.
src/repositories/TelematicsRepository.ts(222,31): error TS2339: Property 'pool' does not exist on type 'TelematicsRepository'.
src/repositories/TelematicsRepository.ts(240,31): error TS2339: Property 'pool' does not exist on type 'TelematicsRepository'.
src/repositories/TelematicsRepository.ts(262,31): error TS2339: Property 'pool' does not exist on type 'TelematicsRepository'.
src/repositories/TelematicsRepository.ts(286,31): error TS2339: Property 'pool' does not exist on type 'TelematicsRepository'.
src/repositories/TelematicsRepository.ts(307,31): error TS2339: Property 'pool' does not exist on type 'TelematicsRepository'.
src/repositories/TelematicsRepository.ts(327,31): error TS2339: Property 'pool' does not exist on type 'TelematicsRepository'.
src/repositories/TelematicsRepository.ts(380,31): error TS2339: Property 'pool' does not exist on type 'TelematicsRepository'.
src/repositories/TelematicsRepository.ts(451,31): error TS2339: Property 'pool' does not exist on type 'TelematicsRepository'.
src/repositories/TelematicsRepository.ts(506,31): error TS2339: Property 'pool' does not exist on type 'TelematicsRepository'.
src/repositories/TelematicsRepository.ts(518,31): error TS2339: Property 'pool' does not exist on type 'TelematicsRepository'.
src/repositories/TelematicsRepository.ts(536,31): error TS2339: Property 'pool' does not exist on type 'TelematicsRepository'.
src/repositories/TelematicsRepository.ts(552,31): error TS2339: Property 'pool' does not exist on type 'TelematicsRepository'.
src/repositories/TelematicsRepository.ts(576,31): error TS2339: Property 'pool' does not exist on type 'TelematicsRepository'.
src/repositories/trip-marking.repository.ts(88,21): error TS2304: Cannot find name 'Pool'.
src/repositories/trip-marking.repository.ts(449,38): error TS2554: Expected 1 arguments, but got 0.
src/repositories/trip-usage.repository.ts(60,21): error TS2304: Cannot find name 'Pool'.
src/repositories/trip-usage.repository.ts(514,36): error TS2554: Expected 1 arguments, but got 0.
src/repositories/TripUsageRepository.ts(1,56): error TS2307: Cannot find module '../../utils/sql-safety' or its corresponding type declarations.
src/repositories/UserRepository.ts(1,10): error TS2305: Module '"../database"' has no exported member 'pool'.
src/repositories/users.repository.ts(385,9): error TS2416: Property 'count' in type 'UsersRepository' is not assignable to the same property in base type 'BaseRepository<any, Partial<any>, Partial<any>>'.
  Type '(tenantId: string) => Promise<number>' is not assignable to type '(filters: Record<string, unknown>, tenantId: string | number) => Promise<number>'.
    Types of parameters 'tenantId' and 'filters' are incompatible.
      Type 'Record<string, unknown>' is not assignable to type 'string'.
src/routes/adaptive-cards.routes.ts(8,10): error TS2614: Module '"../services/actionable-messages.service"' has no exported member 'handleCardAction'. Did you mean to use 'import handleCardAction from "../services/actionable-messages.service"' instead?
src/routes/admin-jobs.routes.ts(313,18): error TS2339: Property 'delay' does not exist on type 'Job<any>'.
src/routes/ai-chat.ts(301,57): error TS2339: Property 'search' does not exist on type 'typeof VectorSearchService'.
src/routes/ai-chat.ts(472,55): error TS2339: Property 'search' does not exist on type 'typeof VectorSearchService'.
src/routes/ai-insights.routes.ts(138,52): error TS2339: Property 'generateFleetInsights' does not exist on type 'typeof FleetCognitionService'.
src/routes/ai-insights.routes.ts(168,55): error TS2339: Property 'getFleetHealthScore' does not exist on type 'typeof FleetCognitionService'.
src/routes/ai-insights.routes.ts(194,59): error TS2339: Property 'getRecommendations' does not exist on type 'typeof FleetCognitionService'.
src/routes/ai-insights.routes.ts(320,56): error TS2339: Property 'predictMaintenance' does not exist on type 'typeof MLDecisionEngineService'.
src/routes/ai-insights.routes.ts(358,51): error TS2339: Property 'scoreDriverBehavior' does not exist on type 'typeof MLDecisionEngineService'.
src/routes/ai-insights.routes.ts(397,56): error TS2339: Property 'predictIncidentRisk' does not exist on type 'typeof MLDecisionEngineService'.
src/routes/ai-insights.routes.ts(435,54): error TS2339: Property 'forecastCosts' does not exist on type 'typeof MLDecisionEngineService'.
src/routes/ai-insights.routes.ts(468,37): error TS2339: Property 'recordActualOutcome' does not exist on type 'typeof MLDecisionEngineService'.
src/routes/ai-insights.routes.ts(512,47): error TS2339: Property 'query' does not exist on type 'typeof RAGEngineService'.
src/routes/ai-insights.routes.ts(534,15): error TS2554: Expected 2-3 arguments, but got 1.
src/routes/ai-insights.routes.ts(555,45): error TS2339: Property 'indexDocument' does not exist on type 'typeof RAGEngineService'.
src/routes/ai-insights.routes.ts(588,30): error TS2339: Property 'provideFeedback' does not exist on type 'typeof RAGEngineService'.
src/routes/ai-insights.routes.ts(618,44): error TS2339: Property 'getStatistics' does not exist on type 'typeof RAGEngineService'.
src/routes/ai-insights.routes.ts(694,51): error TS2339: Property 'getModelPerformanceHistory' does not exist on type 'typeof MLTrainingService'.
src/routes/ai-insights.routes.ts(725,31): error TS2339: Property 'deployModel' does not exist on type 'typeof MLTrainingService'.
src/routes/ai-search.ts(36,13): error TS2554: Expected 2-3 arguments, but got 1.
src/routes/ai-search.ts(81,49): error TS2339: Property 'search' does not exist on type 'typeof VectorSearchService'.
src/routes/ai-search.ts(131,13): error TS2554: Expected 2-3 arguments, but got 1.
src/routes/ai-search.ts(156,49): error TS2339: Property 'hybridSearch' does not exist on type 'typeof VectorSearchService'.
src/routes/ai-search.ts(233,48): error TS2339: Property 'askQuestion' does not exist on type 'typeof DocumentAiService'.
src/routes/ai-search.ts(331,15): error TS2554: Expected 2-3 arguments, but got 1.
src/routes/ai-search.ts(359,39): error TS2339: Property 'chunkText' does not exist on type 'typeof EmbeddingService'.
src/routes/ai-search.ts(370,56): error TS2339: Property 'generateEmbedding' does not exist on type 'typeof EmbeddingService'.
src/routes/ai-search.ts(372,35): error TS2339: Property 'indexDocument' does not exist on type 'typeof VectorSearchService'.
src/routes/ai-search.ts(417,19): error TS2554: Expected 2-3 arguments, but got 1.
src/routes/ai-search.ts(447,43): error TS2339: Property 'chunkText' does not exist on type 'typeof EmbeddingService'.
src/routes/ai-search.ts(454,60): error TS2339: Property 'generateEmbedding' does not exist on type 'typeof EmbeddingService'.
src/routes/ai-search.ts(456,39): error TS2339: Property 'indexDocument' does not exist on type 'typeof VectorSearchService'.
src/routes/ai-task-asset.routes.ts(13,3): error TS2614: Module '"../services/ai/task-asset-ai.service"' has no exported member 'analyzeTaskAndSuggest'. Did you mean to use 'import analyzeTaskAndSuggest from "../services/ai/task-asset-ai.service"' instead?
src/routes/ai-task-asset.routes.ts(14,3): error TS2614: Module '"../services/ai/task-asset-ai.service"' has no exported member 'suggestTaskAssignee'. Did you mean to use 'import suggestTaskAssignee from "../services/ai/task-asset-ai.service"' instead?
src/routes/ai-task-asset.routes.ts(15,3): error TS2614: Module '"../services/ai/task-asset-ai.service"' has no exported member 'predictAssetMaintenance'. Did you mean to use 'import predictAssetMaintenance from "../services/ai/task-asset-ai.service"' instead?
src/routes/ai-task-asset.routes.ts(16,3): error TS2614: Module '"../services/ai/task-asset-ai.service"' has no exported member 'suggestWorkflow'. Did you mean to use 'import suggestWorkflow from "../services/ai/task-asset-ai.service"' instead?
src/routes/ai-task-asset.routes.ts(17,3): error TS2614: Module '"../services/ai/task-asset-ai.service"' has no exported member 'parseNaturalLanguageTask'. Did you mean to use 'import parseNaturalLanguageTask from "../services/ai/task-asset-ai.service"' instead?
src/routes/ai-task-asset.routes.ts(18,3): error TS2614: Module '"../services/ai/task-asset-ai.service"' has no exported member 'answerQuestionAboutAssetOrTask'. Did you mean to use 'import answerQuestionAboutAssetOrTask from "../services/ai/task-asset-ai.service"' instead?
src/routes/ai-task-asset.routes.ts(248,27): error TS2554: Expected 2 arguments, but got 1.
src/routes/ai-task-asset.routes.ts(269,27): error TS2554: Expected 2 arguments, but got 1.
src/routes/ai-task-asset.routes.ts(291,27): error TS2554: Expected 2 arguments, but got 1.
src/routes/ai-task-asset.routes.ts(312,27): error TS2554: Expected 2 arguments, but got 1.
src/routes/ai-task-asset.routes.ts(334,27): error TS2554: Expected 2 arguments, but got 1.
src/routes/ai-task-prioritization.routes.ts(67,15): error TS2554: Expected 2-3 arguments, but got 1.
src/routes/ai-task-prioritization.routes.ts(136,25): error TS2339: Property 'id' does not exist on type '{ task_title: string; task_type: string; description?: string; priority?: "critical" | "medium" | "high" | "low"; due_date?: string; estimated_hours?: number; vehicle_id?: string; assigned_to?: string; parent_task_id?: string; metadata?: Record<...>; }'.
src/routes/alerts.routes.ts(27,17): error TS2554: Expected 2-3 arguments, but got 1.
src/routes/analytics.ts(9,10): error TS2305: Module '"../db"' has no exported member 'query'.
src/routes/analytics.ts(37,41): error TS2345: Argument of type 'string | Buffer<ArrayBufferLike>' is not assignable to parameter of type 'string'.
  Type 'Buffer<ArrayBufferLike>' is not assignable to type 'string'.
src/routes/annual-reauthorization.routes.ts(49,24): error TS2554: Expected 2-3 arguments, but got 1.
src/routes/arcgis-layers.ts(46,15): error TS2554: Expected 2-3 arguments, but got 1.
src/routes/asset-analytics.routes.ts(13,32): error TS2554: Expected 1 arguments, but got 0.
src/routes/asset-analytics.routes.ts(14,30): error TS2554: Expected 1 arguments, but got 0.
src/routes/asset-analytics.routes.ts(38,61): error TS2339: Property 'getDailyUtilization' does not exist on type 'UtilizationCalcService'.
src/routes/asset-analytics.routes.ts(60,44): error TS2551: Property 'calculateROI' does not exist on type 'ROICalculatorService'. Did you mean 'calculateTCO'?
src/routes/asset-analytics.routes.ts(78,57): error TS2339: Property 'getIdleAssets' does not exist on type 'UtilizationCalcService'.
src/routes/asset-analytics.routes.ts(96,60): error TS2339: Property 'getCostPerMile' does not exist on type 'ROICalculatorService'.
src/routes/asset-relationships.routes.ts(224,19): error TS2304: Cannot find name 'NotFoundError'.
src/routes/asset-relationships.routes.ts(317,19): error TS2304: Cannot find name 'ValidationError'.
src/routes/asset-relationships.routes.ts(356,19): error TS2304: Cannot find name 'NotFoundError'.
src/routes/assignment-reporting.routes.ts(17,10): error TS2440: Import declaration conflicts with local declaration of 'pool'.
src/routes/attachments.routes.ts(41,25): error TS2339: Property 'validateFileType' does not exist on type 'typeof AttachmentService'.
src/routes/attachments.routes.ts(92,46): error TS2339: Property 'uploadToAzure' does not exist on type 'typeof AttachmentService'.
src/routes/attachments.routes.ts(103,25): error TS2339: Property 'scanFileForVirus' does not exist on type 'typeof AttachmentService'.
src/routes/attachments.routes.ts(153,27): error TS2339: Property 'uploadToAzure' does not exist on type 'typeof AttachmentService'.
src/routes/attachments.routes.ts(200,9): error TS2345: Argument of type 'string' is not assignable to parameter of type 'number'.
src/routes/attachments.routes.ts(208,50): error TS2339: Property 'downloadFromAzure' does not exist on type 'typeof AttachmentService'.
src/routes/attachments.routes.ts(250,9): error TS2345: Argument of type 'string' is not assignable to parameter of type 'number'.
src/routes/attachments.routes.ts(257,46): error TS2339: Property 'getFileSasUrl' does not exist on type 'typeof AttachmentService'.
src/routes/attachments.routes.ts(297,9): error TS2345: Argument of type 'string' is not assignable to parameter of type 'number'.
src/routes/attachments.routes.ts(305,31): error TS2339: Property 'deleteFromAzure' does not exist on type 'typeof AttachmentService'.
src/routes/attachments.routes.ts(308,63): error TS2345: Argument of type 'string' is not assignable to parameter of type 'number'.
src/routes/attachments.routes.ts(349,46): error TS2339: Property 'uploadToTeams' does not exist on type 'typeof AttachmentService'.
src/routes/attachments.routes.ts(387,50): error TS2339: Property 'downloadFromTeams' does not exist on type 'typeof AttachmentService'.
src/routes/attachments.routes.ts(436,46): error TS2339: Property 'uploadToOutlook' does not exist on type 'typeof AttachmentService'.
src/routes/attachments.routes.ts(484,31): error TS2339: Property 'sendEmailWithAttachment' does not exist on type 'typeof AttachmentService'.
src/routes/attachments.routes.ts(518,50): error TS2339: Property 'downloadEmailAttachment' does not exist on type 'typeof AttachmentService'.
src/routes/attachments.routes.ts(565,9): error TS2345: Argument of type 'string' is not assignable to parameter of type 'number'.
src/routes/attachments.routes.ts(575,61): error TS2345: Argument of type 'string' is not assignable to parameter of type 'number'.
src/routes/attachments.routes.ts(616,9): error TS2345: Argument of type 'string' is not assignable to parameter of type 'number'.
src/routes/attachments.routes.ts(652,52): error TS2339: Property 'cleanupOrphanedFiles' does not exist on type 'typeof AttachmentService'.
src/routes/auth.routes.ts(12,10): error TS2305: Module '"../middleware/error.middleware"' has no exported member 'ApiError'.
src/routes/auth/azure-ad.ts(2,21): error TS2307: Cannot find module 'express-session' or its corresponding type declarations.
src/routes/auth/azure-ad.ts(4,22): error TS2307: Cannot find module 'passport' or its corresponding type declarations.
src/routes/auth/azure-ad.ts(5,43): error TS2307: Cannot find module 'passport-azure-ad-oauth2' or its corresponding type declarations.
src/routes/auth/azure-ad.ts(78,7): error TS2339: Property 'logout' does not exist on type 'Request<ParamsDictionary, any, any, ParsedQs, Record<string, any>>'.
src/routes/batch.ts(34,18): error TS2554: Expected 2-3 arguments, but got 1.
src/routes/batch.ts(221,30): error TS2339: Property 'MANAGER' does not exist on type 'typeof Role'.
src/routes/batch.ts(221,44): error TS2339: Property 'USER' does not exist on type 'typeof Role'.
src/routes/billing-reports.ts(7,10): error TS2724: '"../services/billing-reports"' has no exported member named 'billingReportsService'. Did you mean 'BillingReportsService'?
src/routes/calendar.routes.ts(8,3): error TS2614: Module '"../services/calendar.service"' has no exported member 'createEvent'. Did you mean to use 'import createEvent from "../services/calendar.service"' instead?
src/routes/calendar.routes.ts(9,3): error TS2614: Module '"../services/calendar.service"' has no exported member 'getEvents'. Did you mean to use 'import getEvents from "../services/calendar.service"' instead?
src/routes/calendar.routes.ts(10,3): error TS2614: Module '"../services/calendar.service"' has no exported member 'getEventById'. Did you mean to use 'import getEventById from "../services/calendar.service"' instead?
src/routes/calendar.routes.ts(11,3): error TS2614: Module '"../services/calendar.service"' has no exported member 'updateEvent'. Did you mean to use 'import updateEvent from "../services/calendar.service"' instead?
src/routes/calendar.routes.ts(12,3): error TS2614: Module '"../services/calendar.service"' has no exported member 'deleteEvent'. Did you mean to use 'import deleteEvent from "../services/calendar.service"' instead?
src/routes/calendar.routes.ts(13,3): error TS2614: Module '"../services/calendar.service"' has no exported member 'acceptEvent'. Did you mean to use 'import acceptEvent from "../services/calendar.service"' instead?
src/routes/calendar.routes.ts(14,3): error TS2614: Module '"../services/calendar.service"' has no exported member 'declineEvent'. Did you mean to use 'import declineEvent from "../services/calendar.service"' instead?
src/routes/calendar.routes.ts(15,3): error TS2614: Module '"../services/calendar.service"' has no exported member 'tentativelyAcceptEvent'. Did you mean to use 'import tentativelyAcceptEvent from "../services/calendar.service"' instead?
src/routes/calendar.routes.ts(16,3): error TS2614: Module '"../services/calendar.service"' has no exported member 'findMeetingTimes'. Did you mean to use 'import findMeetingTimes from "../services/calendar.service"' instead?
src/routes/calendar.routes.ts(17,3): error TS2614: Module '"../services/calendar.service"' has no exported member 'getAvailability'. Did you mean to use 'import getAvailability from "../services/calendar.service"' instead?
src/routes/calendar.routes.ts(18,3): error TS2614: Module '"../services/calendar.service"' has no exported member 'scheduleMaintenance'. Did you mean to use 'import scheduleMaintenance from "../services/calendar.service"' instead?
src/routes/calendar.routes.ts(19,3): error TS2614: Module '"../services/calendar.service"' has no exported member 'scheduleDriverTraining'. Did you mean to use 'import scheduleDriverTraining from "../services/calendar.service"' instead?
src/routes/compliance.ts(8,10): error TS2724: '"../middleware/auth"' has no exported member named 'authenticate'. Did you mean 'authenticateJWT'?
src/routes/compliance.ts(9,10): error TS2614: Module '"../middleware/rbac"' has no exported member 'authorize'. Did you mean to use 'import authorize from "../middleware/rbac"' instead?
src/routes/compliance.ts(24,8): error TS2307: Cannot find module '../../src/lib/policy-engine/nist-800-53-controls' or its corresponding type declarations.
src/routes/cost-analysis.routes.ts(28,49): error TS2339: Property 'getCostSummary' does not exist on type 'typeof CostAnalysisService'.
src/routes/cost-analysis.routes.ts(55,47): error TS2339: Property 'getCostsByCategory' does not exist on type 'typeof CostAnalysisService'.
src/routes/cost-analysis.routes.ts(82,47): error TS2339: Property 'getCostsByVehicle' does not exist on type 'typeof CostAnalysisService'.
src/routes/cost-analysis.routes.ts(105,50): error TS2339: Property 'forecastCosts' does not exist on type 'typeof CostAnalysisService'.
src/routes/cost-analysis.routes.ts(128,48): error TS2339: Property 'getCostTrends' does not exist on type 'typeof CostAnalysisService'.
src/routes/cost-analysis.routes.ts(155,51): error TS2339: Property 'getAnomalies' does not exist on type 'typeof CostAnalysisService'.
src/routes/cost-analysis.routes.ts(178,48): error TS2339: Property 'getBudgetStatus' does not exist on type 'typeof CostAnalysisService'.
src/routes/cost-analysis.routes.ts(199,46): error TS2339: Property 'trackCost' does not exist on type 'typeof CostAnalysisService'.
src/routes/cost-analysis.routes.ts(224,33): error TS2339: Property 'setBudgetAllocation' does not exist on type 'typeof CostAnalysisService'.
src/routes/cost-analysis.routes.ts(253,45): error TS2339: Property 'exportCostData' does not exist on type 'typeof CostAnalysisService'.
src/routes/cost-benefit-analysis.routes.ts(18,10): error TS2440: Import declaration conflicts with local declaration of 'pool'.
src/routes/crash-detection.routes.ts(31,16): error TS2554: Expected 2-3 arguments, but got 1.
src/routes/crash-detection.routes.ts(77,28): error TS2345: Argument of type 'string' is not assignable to parameter of type 'AuditOptions'.
src/routes/custom-reports.routes.ts(26,53): error TS2339: Property 'getDataSources' does not exist on type 'typeof CustomReportService'.
src/routes/custom-reports.routes.ts(41,51): error TS2339: Property 'getTemplates' does not exist on type 'typeof CustomReportService'.
src/routes/custom-reports.routes.ts(64,48): error TS2339: Property 'createFromTemplate' does not exist on type 'typeof CustomReportService'.
src/routes/custom-reports.routes.ts(85,49): error TS2339: Property 'listReports' does not exist on type 'typeof CustomReportService'.
src/routes/custom-reports.routes.ts(105,48): error TS2339: Property 'getReportById' does not exist on type 'typeof CustomReportService'.
src/routes/custom-reports.routes.ts(137,48): error TS2339: Property 'createReport' does not exist on type 'typeof CustomReportService'.
src/routes/custom-reports.routes.ts(161,48): error TS2339: Property 'updateReport' does not exist on type 'typeof CustomReportService'.
src/routes/custom-reports.routes.ts(185,33): error TS2339: Property 'deleteReport' does not exist on type 'typeof CustomReportService'.
src/routes/custom-reports.routes.ts(209,48): error TS2339: Property 'executeReport' does not exist on type 'typeof CustomReportService'.
src/routes/custom-reports.routes.ts(232,49): error TS2339: Property 'getExecutionHistory' does not exist on type 'typeof CustomReportService'.
src/routes/custom-reports.routes.ts(254,51): error TS2339: Property 'getExecutionHistory' does not exist on type 'typeof CustomReportService'.
src/routes/dispatch.routes.ts(75,44): error TS2339: Property 'getChannels' does not exist on type 'typeof DispatchService'.
src/routes/dispatch.routes.ts(246,43): error TS2339: Property 'getChannelHistory' does not exist on type 'typeof DispatchService'.
src/routes/dispatch.routes.ts(284,45): error TS2339: Property 'getActiveListeners' does not exist on type 'typeof DispatchService'.
src/routes/dispatch.routes.ts(348,41): error TS2339: Property 'createEmergencyAlert' does not exist on type 'typeof DispatchService'.
src/routes/document-geo.routes.ts(91,48): error TS2339: Property 'findDocumentsNearby' does not exist on type 'typeof DocumentGeoService'.
src/routes/document-geo.routes.ts(158,48): error TS2339: Property 'findDocumentsInPolygon' does not exist on type 'typeof DocumentGeoService'.
src/routes/document-geo.routes.ts(237,48): error TS2339: Property 'findDocumentsAlongRoute' does not exist on type 'typeof DocumentGeoService'.
src/routes/document-geo.routes.ts(283,46): error TS2339: Property 'getDocumentHeatmap' does not exist on type 'typeof DocumentGeoService'.
src/routes/document-geo.routes.ts(324,47): error TS2339: Property 'clusterDocuments' does not exist on type 'typeof DocumentGeoService'.
src/routes/document-geo.routes.ts(368,45): error TS2339: Property 'geocode' does not exist on type 'typeof DocumentGeoService'.
src/routes/document-geo.routes.ts(419,45): error TS2339: Property 'reverseGeocode' does not exist on type 'typeof DocumentGeoService'.
src/routes/document-geo.routes.ts(477,30): error TS2339: Property 'setDocumentLocation' does not exist on type 'typeof DocumentGeoService'.
src/routes/document-geo.routes.ts(507,48): error TS2339: Property 'getGeolocatedDocuments' does not exist on type 'typeof DocumentGeoService'.
src/routes/document-search.example.ts(39,17): error TS2304: Cannot find name 'csrfProtection'.
src/routes/document-search.example.ts(57,49): error TS2339: Property 'searchDocuments' does not exist on type 'typeof DocumentSearchService'.
src/routes/document-search.example.ts(92,51): error TS2339: Property 'searchByVehicle' does not exist on type 'typeof DocumentSearchService'.
src/routes/document-search.example.ts(133,53): error TS2339: Property 'getSuggestions' does not exist on type 'typeof DocumentSearchService'.
src/routes/document-search.example.ts(171,47): error TS2339: Property 'getSearchStatistics' does not exist on type 'typeof DocumentSearchService'.
src/routes/document-search.example.ts(196,34): error TS2304: Cannot find name 'csrfProtection'.
src/routes/document-search.example.ts(200,33): error TS2339: Property 'indexDocument' does not exist on type 'typeof DocumentSearchService'.
src/routes/document-search.example.ts(227,28): error TS2304: Cannot find name 'csrfProtection'.
src/routes/document-search.example.ts(237,33): error TS2339: Property 'batchIndexDocuments' does not exist on type 'typeof DocumentSearchService'.
src/routes/documents.routes.ts(108,56): error TS2339: Property 'uploadDocument' does not exist on type 'typeof DocumentManagementService'.
src/routes/documents.routes.ts(172,54): error TS2339: Property 'getDocuments' does not exist on type 'typeof DocumentManagementService'.
src/routes/documents.routes.ts(208,56): error TS2339: Property 'getDocumentById' does not exist on type 'typeof DocumentManagementService'.
src/routes/documents.routes.ts(241,56): error TS2339: Property 'updateDocument' does not exist on type 'typeof DocumentManagementService'.
src/routes/documents.routes.ts(281,39): error TS2339: Property 'deleteDocument' does not exist on type 'typeof DocumentManagementService'.
src/routes/documents.routes.ts(313,56): error TS2339: Property 'getDocumentById' does not exist on type 'typeof DocumentManagementService'.
src/routes/documents.routes.ts(349,58): error TS2339: Property 'getCategories' does not exist on type 'typeof DocumentManagementService'.
src/routes/documents.routes.ts(376,56): error TS2339: Property 'createCategory' does not exist on type 'typeof DocumentManagementService'.
src/routes/documents.routes.ts(426,48): error TS2339: Property 'semanticSearch' does not exist on type 'typeof DocumentRAGService'.
src/routes/documents.routes.ts(482,47): error TS2339: Property 'askQuestion' does not exist on type 'typeof DocumentRAGService'.
src/routes/documents.routes.ts(517,48): error TS2339: Property 'getQueryHistory' does not exist on type 'typeof DocumentRAGService'.
src/routes/documents.routes.ts(547,32): error TS2339: Property 'provideFeedback' does not exist on type 'typeof DocumentRAGService'.
src/routes/documents.routes.ts(577,57): error TS2339: Property 'getAccessLog' does not exist on type 'typeof DocumentManagementService'.
src/routes/documents.routes.ts(604,35): error TS2339: Property 'getStatistics' does not exist on type 'typeof DocumentManagementService'.
src/routes/documents.routes.ts(605,28): error TS2339: Property 'getAnalytics' does not exist on type 'typeof DocumentRAGService'.
src/routes/drill-through/drill-through.routes.enhanced.ts(9,31): error TS2307: Cannot find module './utils/generateExcel' or its corresponding type declarations.
src/routes/drill-through/drill-through.routes.enhanced.ts(10,29): error TS2307: Cannot find module './utils/generatePDF' or its corresponding type declarations.
src/routes/drill-through/drill-through.routes.enhanced.ts(11,40): error TS2307: Cannot find module './utils/queryBuilder' or its corresponding type declarations.
src/routes/drill-through/drill-through.routes.enhanced.ts(12,69): error TS2307: Cannot find module './validators' or its corresponding type declarations.
src/routes/drill-through/drill-through.routes.enhanced.ts(44,30): error TS2345: Argument of type 'string | ParsedQs | (string | ParsedQs)[]' is not assignable to parameter of type 'string'.
  Type 'ParsedQs' is not assignable to type 'string'.
src/routes/drill-through/drill-through.routes.enhanced.ts(45,34): error TS2345: Argument of type 'string | ParsedQs | (string | ParsedQs)[]' is not assignable to parameter of type 'string'.
  Type 'ParsedQs' is not assignable to type 'string'.
src/routes/drill-through/drill-through.routes.enhanced.ts(59,53): error TS2339: Property 'count' does not exist on type 'any[]'.
src/routes/drill-through/drill-through.routes.ts(3,49): error TS2307: Cannot find module 'pdf-lib' or its corresponding type declarations.
src/routes/driver-scorecard.routes.ts(44,56): error TS2339: Property 'getLeaderboard' does not exist on type 'typeof DriverScorecardService'.
src/routes/driver-scorecard.routes.ts(71,52): error TS2339: Property 'calculateDriverScore' does not exist on type 'typeof DriverScorecardService'.
src/routes/driver-scorecard.routes.ts(99,52): error TS2339: Property 'getDriverScoreHistory' does not exist on type 'typeof DriverScorecardService'.
src/routes/driver-scorecard.routes.ts(122,57): error TS2339: Property 'getDriverAchievements' does not exist on type 'typeof DriverScorecardService'.
src/routes/driver-scorecard.routes.ts(148,36): error TS2339: Property 'calculateAllDriverScores' does not exist on type 'typeof DriverScorecardService'.
src/routes/example-di.routes.ts(16,10): error TS2724: '"../container"' has no exported member named 'DIContainer'. Did you mean 'container'?
src/routes/executive-dashboard.routes.ts(52,52): error TS2339: Property 'getKPIs' does not exist on type 'typeof ExecutiveDashboardService'.
src/routes/executive-dashboard.routes.ts(94,54): error TS2339: Property 'getTrends' does not exist on type 'typeof ExecutiveDashboardService'.
src/routes/executive-dashboard.routes.ts(147,56): error TS2339: Property 'getAIInsights' does not exist on type 'typeof ExecutiveDashboardService'.
src/routes/executive-dashboard.routes.ts(180,55): error TS2339: Property 'getAlertsSummary' does not exist on type 'typeof ExecutiveDashboardService'.
src/routes/executive-dashboard.routes.ts(228,54): error TS2339: Property 'getFleetHealth' does not exist on type 'typeof ExecutiveDashboardService'.
src/routes/executive-dashboard.routes.ts(261,53): error TS2339: Property 'getCostAnalysis' does not exist on type 'typeof ExecutiveDashboardService'.
src/routes/facilities.ts(47,30): error TS2339: Property 'MANAGER' does not exist on type 'typeof Role'.
src/routes/facilities.ts(47,44): error TS2339: Property 'USER' does not exist on type 'typeof Role'.
src/routes/facilities.ts(48,31): error TS2339: Property 'FACILITY_READ' does not exist on type '{ readonly VEHICLE_CREATE: "vehicle:create"; readonly VEHICLE_READ: "vehicle:read"; readonly VEHICLE_UPDATE: "vehicle:update"; readonly VEHICLE_DELETE: "vehicle:delete"; readonly DRIVER_CREATE: "driver:create"; ... 26 more ...; readonly DOCUMENT_DELETE: "document:delete"; }'.
src/routes/facilities.ts(60,30): error TS2339: Property 'MANAGER' does not exist on type 'typeof Role'.
src/routes/facilities.ts(60,44): error TS2339: Property 'USER' does not exist on type 'typeof Role'.
src/routes/facilities.ts(61,31): error TS2339: Property 'FACILITY_READ' does not exist on type '{ readonly VEHICLE_CREATE: "vehicle:create"; readonly VEHICLE_READ: "vehicle:read"; readonly VEHICLE_UPDATE: "vehicle:update"; readonly VEHICLE_DELETE: "vehicle:delete"; readonly DRIVER_CREATE: "driver:create"; ... 26 more ...; readonly DOCUMENT_DELETE: "document:delete"; }'.
src/routes/facilities.ts(74,30): error TS2339: Property 'MANAGER' does not exist on type 'typeof Role'.
src/routes/facilities.ts(75,31): error TS2339: Property 'FACILITY_CREATE' does not exist on type '{ readonly VEHICLE_CREATE: "vehicle:create"; readonly VEHICLE_READ: "vehicle:read"; readonly VEHICLE_UPDATE: "vehicle:update"; readonly VEHICLE_DELETE: "vehicle:delete"; readonly DRIVER_CREATE: "driver:create"; ... 26 more ...; readonly DOCUMENT_DELETE: "document:delete"; }'.
src/routes/facilities.ts(88,30): error TS2339: Property 'MANAGER' does not exist on type 'typeof Role'.
src/routes/facilities.ts(89,31): error TS2339: Property 'FACILITY_UPDATE' does not exist on type '{ readonly VEHICLE_CREATE: "vehicle:create"; readonly VEHICLE_READ: "vehicle:read"; readonly VEHICLE_UPDATE: "vehicle:update"; readonly VEHICLE_DELETE: "vehicle:delete"; readonly DRIVER_CREATE: "driver:create"; ... 26 more ...; readonly DOCUMENT_DELETE: "document:delete"; }'.
src/routes/facilities.ts(103,30): error TS2339: Property 'MANAGER' does not exist on type 'typeof Role'.
src/routes/facilities.ts(104,31): error TS2339: Property 'FACILITY_DELETE' does not exist on type '{ readonly VEHICLE_CREATE: "vehicle:create"; readonly VEHICLE_READ: "vehicle:read"; readonly VEHICLE_UPDATE: "vehicle:update"; readonly VEHICLE_DELETE: "vehicle:delete"; readonly DRIVER_CREATE: "driver:create"; ... 26 more ...; readonly DOCUMENT_DELETE: "document:delete"; }'.
src/routes/facilities.ts(117,30): error TS2339: Property 'MANAGER' does not exist on type 'typeof Role'.
src/routes/facilities.ts(117,44): error TS2339: Property 'USER' does not exist on type 'typeof Role'.
src/routes/facilities.ts(118,31): error TS2339: Property 'FACILITY_READ' does not exist on type '{ readonly VEHICLE_CREATE: "vehicle:create"; readonly VEHICLE_READ: "vehicle:read"; readonly VEHICLE_UPDATE: "vehicle:update"; readonly VEHICLE_DELETE: "vehicle:delete"; readonly DRIVER_CREATE: "driver:create"; ... 26 more ...; readonly DOCUMENT_DELETE: "document:delete"; }'.
src/routes/fleet-optimizer.routes.ts(24,51): error TS2339: Property 'getUtilizationHeatmap' does not exist on type 'typeof FleetOptimizerService'.
src/routes/fleet-optimizer.routes.ts(52,55): error TS2339: Property 'analyzeVehicleUtilization' does not exist on type 'typeof FleetOptimizerService'.
src/routes/fleet-optimizer.routes.ts(77,52): error TS2339: Property 'predictUtilization' does not exist on type 'typeof FleetOptimizerService'.
src/routes/fleet-optimizer.routes.ts(100,59): error TS2339: Property 'getRecommendations' does not exist on type 'typeof FleetOptimizerService'.
src/routes/fleet-optimizer.routes.ts(126,59): error TS2339: Property 'generateRecommendations' does not exist on type 'typeof FleetOptimizerService'.
src/routes/fleet-optimizer.routes.ts(149,50): error TS2339: Property 'calculateOptimalFleetSize' does not exist on type 'typeof FleetOptimizerService'.
src/routes/fleet-optimizer.routes.ts(175,35): error TS2339: Property 'analyzeAllVehicles' does not exist on type 'typeof FleetOptimizerService'.
src/routes/fuel-purchasing.routes.ts(70,52): error TS2339: Property 'getNearbyStations' does not exist on type 'typeof FuelPurchasingService'.
src/routes/fuel-purchasing.routes.ts(99,50): error TS2339: Property 'findCheapestFuel' does not exist on type 'typeof FuelPurchasingService'.
src/routes/fuel-purchasing.routes.ts(140,58): error TS2339: Property 'getOptimalFuelingRecommendation' does not exist on type 'typeof FuelPurchasingService'.
src/routes/fuel-purchasing.routes.ts(261,49): error TS2339: Property 'createPurchaseOrder' does not exist on type 'typeof FuelPurchasingService'.
src/routes/fuel-purchasing.routes.ts(284,53): error TS2339: Property 'getContracts' does not exist on type 'typeof FuelPurchasingService'.
src/routes/fuel-purchasing.routes.ts(305,49): error TS2339: Property 'createPriceAlert' does not exist on type 'typeof FuelPurchasingService'.
src/routes/fuel-purchasing.routes.ts(332,51): error TS2339: Property 'calculateSavings' does not exist on type 'typeof FuelPurchasingService'.
src/routes/fuel-purchasing.routes.ts(355,61): error TS2339: Property 'calculateOptimalRefuelingLocations' does not exist on type 'typeof FuelOptimizationService'.
src/routes/fuel-purchasing.routes.ts(381,54): error TS2339: Property 'analyzeBulkVsRetail' does not exist on type 'typeof FuelOptimizationService'.
src/routes/fuel-purchasing.routes.ts(407,58): error TS2339: Property 'optimizeFleetCardUsage' does not exist on type 'typeof FuelOptimizationService'.
src/routes/fuel-purchasing.routes.ts(433,54): error TS2339: Property 'analyzeCrossBorderArbitrage' does not exist on type 'typeof FuelOptimizationService'.
src/routes/fuel-purchasing.routes.ts(459,61): error TS2339: Property 'generateHedgingRecommendations' does not exist on type 'typeof FuelOptimizationService'.
src/routes/fuel-purchasing.routes.ts(480,52): error TS2339: Property 'generateOptimizationReport' does not exist on type 'typeof FuelOptimizationService'.
src/routes/garage-bays.ts(569,26): error TS2339: Property 'errors' does not exist on type 'ZodError<unknown>'.
src/routes/garage-bays.ts(667,26): error TS2339: Property 'errors' does not exist on type 'ZodError<unknown>'.
src/routes/gps.ts(63,62): error TS2554: Expected 0 arguments, but got 1.
src/routes/gps.ts(127,50): error TS2554: Expected 0 arguments, but got 1.
src/routes/gps.ts(158,53): error TS2554: Expected 0 arguments, but got 1.
src/routes/gps.ts(195,51): error TS2554: Expected 0 arguments, but got 1.
src/routes/health-detailed.ts(271,29): error TS2339: Property 'match' does not exist on type 'string | Buffer<ArrayBufferLike> | { readonly [x: number]: string; format: string; toString: {}; charAt: {}; charCodeAt: {}; concat: {}; indexOf: {}; lastIndexOf: {}; localeCompare: {}; ... 41 more ...; at: {}; }'.
  Property 'match' does not exist on type 'Buffer<ArrayBufferLike>'.
src/routes/health-detailed.ts(272,35): error TS2339: Property 'match' does not exist on type 'string | Buffer<ArrayBufferLike> | { readonly [x: number]: string; format: string; toString: {}; charAt: {}; charCodeAt: {}; concat: {}; indexOf: {}; lastIndexOf: {}; localeCompare: {}; ... 41 more ...; at: {}; }'.
  Property 'match' does not exist on type 'Buffer<ArrayBufferLike>'.
src/routes/health-microsoft.routes.ts(3,43): error TS2307: Cannot find module '../repositories/microsoft-health.repository' or its corresponding type declarations.
src/routes/health-microsoft.routes.ts(46,54): error TS2339: Property 'checkConfiguration' does not exist on type 'MicrosoftGraphService'.
src/routes/health-microsoft.routes.ts(112,48): error TS2339: Property 'webhookService' does not exist on type 'typeof import("/Users/andrewmorton/Documents/GitHub/Fleet-AzureDevOps/api/src/services/webhook.service")'.
src/routes/health-microsoft.routes.ts(132,44): error TS2339: Property 'checkHealth' does not exist on type 'QueueService'.
src/routes/health-microsoft.routes.ts(148,42): error TS2339: Property 'syncService' does not exist on type 'typeof import("/Users/andrewmorton/Documents/GitHub/Fleet-AzureDevOps/api/src/services/sync.service")'.
src/routes/health.routes.ts(59,54): error TS2339: Property 'checkConfiguration' does not exist on type 'MicrosoftGraphService'.
src/routes/health.routes.ts(126,48): error TS2339: Property 'webhookService' does not exist on type 'typeof import("/Users/andrewmorton/Documents/GitHub/Fleet-AzureDevOps/api/src/services/webhook.service")'.
src/routes/health.routes.ts(191,7): error TS2322: Type 'any[]' is not assignable to type 'Record<string, unknown>'.
  Index signature for type 'string' is missing in type 'any[]'.
src/routes/health.routes.ts(293,48): error TS2339: Property 'webhookService' does not exist on type 'typeof import("/Users/andrewmorton/Documents/GitHub/Fleet-AzureDevOps/api/src/services/webhook.service")'.
src/routes/heavy-equipment.routes.ts(64,51): error TS2339: Property 'getAllEquipment' does not exist on type 'typeof HeavyEquipmentService'.
src/routes/heavy-equipment.routes.ts(88,51): error TS2339: Property 'getEquipmentById' does not exist on type 'typeof HeavyEquipmentService'.
src/routes/heavy-equipment.routes.ts(118,51): error TS2339: Property 'createEquipment' does not exist on type 'typeof HeavyEquipmentService'.
src/routes/heavy-equipment.routes.ts(143,51): error TS2339: Property 'updateEquipment' does not exist on type 'typeof HeavyEquipmentService'.
src/routes/heavy-equipment.routes.ts(177,49): error TS2339: Property 'recordHourMeterReading' does not exist on type 'typeof HeavyEquipmentService'.
src/routes/heavy-equipment.routes.ts(201,50): error TS2339: Property 'getHourMeterReadings' does not exist on type 'typeof HeavyEquipmentService'.
src/routes/heavy-equipment.routes.ts(231,56): error TS2339: Property 'getOperatorCertifications' does not exist on type 'typeof HeavyEquipmentService'.
src/routes/heavy-equipment.routes.ts(255,48): error TS2339: Property 'getCertificationExpiringAlerts' does not exist on type 'typeof HeavyEquipmentService'.
src/routes/heavy-equipment.routes.ts(278,48): error TS2339: Property 'getOperatorCertificationMatrix' does not exist on type 'typeof HeavyEquipmentService'.
src/routes/heavy-equipment.routes.ts(303,55): error TS2339: Property 'createOperatorCertification' does not exist on type 'typeof HeavyEquipmentService'.
src/routes/heavy-equipment.routes.ts(326,53): error TS2339: Property 'getEquipmentAttachments' does not exist on type 'typeof HeavyEquipmentService'.
src/routes/heavy-equipment.routes.ts(347,52): error TS2339: Property 'addAttachment' does not exist on type 'typeof HeavyEquipmentService'.
src/routes/heavy-equipment.routes.ts(371,52): error TS2339: Property 'updateAttachmentStatus' does not exist on type 'typeof HeavyEquipmentService'.
src/routes/heavy-equipment.routes.ts(401,51): error TS2339: Property 'completeMaintenanceChecklist' does not exist on type 'typeof HeavyEquipmentService'.
src/routes/heavy-equipment.routes.ts(425,52): error TS2339: Property 'getMaintenanceChecklists' does not exist on type 'typeof HeavyEquipmentService'.
src/routes/heavy-equipment.routes.ts(450,53): error TS2339: Property 'getEquipmentUtilization' does not exist on type 'typeof HeavyEquipmentService'.
src/routes/heavy-equipment.routes.ts(472,50): error TS2339: Property 'getEquipmentCostAnalysis' does not exist on type 'typeof HeavyEquipmentService'.
src/routes/heavy-equipment.routes.ts(493,51): error TS2339: Property 'getMaintenanceSchedules' does not exist on type 'typeof HeavyEquipmentService'.
src/routes/incident-management.routes.ts(380,17): error TS2304: Cannot find name 'NotFoundError'.
src/routes/incidents.ts(53,30): error TS2339: Property 'MANAGER' does not exist on type 'typeof Role'.
src/routes/incidents.ts(53,44): error TS2339: Property 'USER' does not exist on type 'typeof Role'.
src/routes/incidents.ts(54,31): error TS2339: Property 'INCIDENT_READ' does not exist on type '{ readonly VEHICLE_CREATE: "vehicle:create"; readonly VEHICLE_READ: "vehicle:read"; readonly VEHICLE_UPDATE: "vehicle:update"; readonly VEHICLE_DELETE: "vehicle:delete"; readonly DRIVER_CREATE: "driver:create"; ... 26 more ...; readonly DOCUMENT_DELETE: "document:delete"; }'.
src/routes/incidents.ts(64,30): error TS2339: Property 'MANAGER' does not exist on type 'typeof Role'.
src/routes/incidents.ts(64,44): error TS2339: Property 'USER' does not exist on type 'typeof Role'.
src/routes/incidents.ts(65,31): error TS2339: Property 'INCIDENT_READ' does not exist on type '{ readonly VEHICLE_CREATE: "vehicle:create"; readonly VEHICLE_READ: "vehicle:read"; readonly VEHICLE_UPDATE: "vehicle:update"; readonly VEHICLE_DELETE: "vehicle:delete"; readonly DRIVER_CREATE: "driver:create"; ... 26 more ...; readonly DOCUMENT_DELETE: "document:delete"; }'.
src/routes/incidents.ts(76,30): error TS2339: Property 'MANAGER' does not exist on type 'typeof Role'.
src/routes/incidents.ts(76,44): error TS2339: Property 'USER' does not exist on type 'typeof Role'.
src/routes/incidents.ts(77,31): error TS2339: Property 'INCIDENT_CREATE' does not exist on type '{ readonly VEHICLE_CREATE: "vehicle:create"; readonly VEHICLE_READ: "vehicle:read"; readonly VEHICLE_UPDATE: "vehicle:update"; readonly VEHICLE_DELETE: "vehicle:delete"; readonly DRIVER_CREATE: "driver:create"; ... 26 more ...; readonly DOCUMENT_DELETE: "document:delete"; }'.
src/routes/incidents.ts(88,30): error TS2339: Property 'MANAGER' does not exist on type 'typeof Role'.
src/routes/incidents.ts(89,31): error TS2339: Property 'INCIDENT_UPDATE' does not exist on type '{ readonly VEHICLE_CREATE: "vehicle:create"; readonly VEHICLE_READ: "vehicle:read"; readonly VEHICLE_UPDATE: "vehicle:update"; readonly VEHICLE_DELETE: "vehicle:delete"; readonly DRIVER_CREATE: "driver:create"; ... 26 more ...; readonly DOCUMENT_DELETE: "document:delete"; }'.
src/routes/incidents.ts(101,30): error TS2339: Property 'MANAGER' does not exist on type 'typeof Role'.
src/routes/incidents.ts(102,31): error TS2339: Property 'INCIDENT_DELETE' does not exist on type '{ readonly VEHICLE_CREATE: "vehicle:create"; readonly VEHICLE_READ: "vehicle:read"; readonly VEHICLE_UPDATE: "vehicle:update"; readonly VEHICLE_DELETE: "vehicle:delete"; readonly DRIVER_CREATE: "driver:create"; ... 26 more ...; readonly DOCUMENT_DELETE: "document:delete"; }'.
src/routes/inspections.dal-example.ts(35,24): error TS2554: Expected 1 arguments, but got 0.
src/routes/inspections.dal-example.ts(69,67): error TS2345: Argument of type 'string' is not assignable to parameter of type 'number'.
src/routes/inspections.dal-example.ts(93,61): error TS2345: Argument of type 'string' is not assignable to parameter of type 'number'.
src/routes/inspections.dal-example.ts(112,60): error TS2345: Argument of type 'string' is not assignable to parameter of type 'number'.
src/routes/inspections.dal-example.ts(131,60): error TS2345: Argument of type 'string' is not assignable to parameter of type 'number'.
src/routes/inspections.dal-example.ts(151,60): error TS2345: Argument of type 'string' is not assignable to parameter of type 'number'.
src/routes/inspections.dal-example.ts(171,9): error TS2345: Argument of type 'string' is not assignable to parameter of type 'number'.
src/routes/inspections.dal-example.ts(195,9): error TS2345: Argument of type 'string' is not assignable to parameter of type 'number'.
src/routes/inspections.dal-example.ts(218,9): error TS2345: Argument of type 'string' is not assignable to parameter of type 'number'.
src/routes/inspections.dal-example.ts(246,9): error TS2345: Argument of type 'string' is not assignable to parameter of type 'number'.
src/routes/inspections.dal-example.ts(269,9): error TS2345: Argument of type 'string' is not assignable to parameter of type 'number'.
src/routes/inspections.dal-example.ts(300,9): error TS2345: Argument of type 'string' is not assignable to parameter of type 'number'.
src/routes/inspections.dal-example.ts(331,9): error TS2345: Argument of type 'string' is not assignable to parameter of type 'number'.
src/routes/inspections.dal-example.ts(372,13): error TS2554: Expected 3 arguments, but got 4.
src/routes/inspections.dal-example.ts(419,61): error TS2345: Argument of type 'string' is not assignable to parameter of type 'number'.
src/routes/inspections.dal-example.ts(463,15): error TS2345: Argument of type 'string' is not assignable to parameter of type 'number'.
src/routes/inspections.ts(30,21): error TS2554: Expected 2-3 arguments, but got 1.
src/routes/inspections.ts(46,30): error TS2339: Property 'MANAGER' does not exist on type 'typeof Role'.
src/routes/inspections.ts(46,44): error TS2339: Property 'USER' does not exist on type 'typeof Role'.
src/routes/inspections.ts(47,31): error TS2339: Property 'INSPECTION_READ' does not exist on type '{ readonly VEHICLE_CREATE: "vehicle:create"; readonly VEHICLE_READ: "vehicle:read"; readonly VEHICLE_UPDATE: "vehicle:update"; readonly VEHICLE_DELETE: "vehicle:delete"; readonly DRIVER_CREATE: "driver:create"; ... 26 more ...; readonly DOCUMENT_DELETE: "document:delete"; }'.
src/routes/inspections.ts(57,30): error TS2339: Property 'MANAGER' does not exist on type 'typeof Role'.
src/routes/inspections.ts(57,44): error TS2339: Property 'USER' does not exist on type 'typeof Role'.
src/routes/inspections.ts(58,31): error TS2339: Property 'INSPECTION_READ' does not exist on type '{ readonly VEHICLE_CREATE: "vehicle:create"; readonly VEHICLE_READ: "vehicle:read"; readonly VEHICLE_UPDATE: "vehicle:update"; readonly VEHICLE_DELETE: "vehicle:delete"; readonly DRIVER_CREATE: "driver:create"; ... 26 more ...; readonly DOCUMENT_DELETE: "document:delete"; }'.
src/routes/inspections.ts(69,30): error TS2339: Property 'MANAGER' does not exist on type 'typeof Role'.
src/routes/inspections.ts(69,44): error TS2339: Property 'USER' does not exist on type 'typeof Role'.
src/routes/inspections.ts(70,31): error TS2339: Property 'INSPECTION_CREATE' does not exist on type '{ readonly VEHICLE_CREATE: "vehicle:create"; readonly VEHICLE_READ: "vehicle:read"; readonly VEHICLE_UPDATE: "vehicle:update"; readonly VEHICLE_DELETE: "vehicle:delete"; readonly DRIVER_CREATE: "driver:create"; ... 26 more ...; readonly DOCUMENT_DELETE: "document:delete"; }'.
src/routes/inspections.ts(81,30): error TS2339: Property 'MANAGER' does not exist on type 'typeof Role'.
src/routes/inspections.ts(82,31): error TS2339: Property 'INSPECTION_UPDATE' does not exist on type '{ readonly VEHICLE_CREATE: "vehicle:create"; readonly VEHICLE_READ: "vehicle:read"; readonly VEHICLE_UPDATE: "vehicle:update"; readonly VEHICLE_DELETE: "vehicle:delete"; readonly DRIVER_CREATE: "driver:create"; ... 26 more ...; readonly DOCUMENT_DELETE: "document:delete"; }'.
src/routes/inspections.ts(94,30): error TS2339: Property 'MANAGER' does not exist on type 'typeof Role'.
src/routes/inspections.ts(95,31): error TS2339: Property 'INSPECTION_DELETE' does not exist on type '{ readonly VEHICLE_CREATE: "vehicle:create"; readonly VEHICLE_READ: "vehicle:read"; readonly VEHICLE_UPDATE: "vehicle:update"; readonly VEHICLE_DELETE: "vehicle:delete"; readonly DRIVER_CREATE: "driver:create"; ... 26 more ...; readonly DOCUMENT_DELETE: "document:delete"; }'.
src/routes/langchain.routes.ts(59,53): error TS2339: Property 'executeMaintenancePlanningChain' does not exist on type 'typeof LangChainOrchestratorService'.
src/routes/langchain.routes.ts(63,53): error TS2339: Property 'executeIncidentInvestigationChain' does not exist on type 'typeof LangChainOrchestratorService'.
src/routes/langchain.routes.ts(67,53): error TS2339: Property 'executeRouteOptimizationChain' does not exist on type 'typeof LangChainOrchestratorService'.
src/routes/langchain.routes.ts(71,53): error TS2339: Property 'executeCostOptimizationChain' does not exist on type 'typeof LangChainOrchestratorService'.
src/routes/langchain.routes.ts(127,63): error TS2339: Property 'processQuery' does not exist on type 'typeof AIAgentSupervisorService'.
src/routes/langchain.routes.ts(148,61): error TS2339: Property 'chat' does not exist on type 'typeof LangChainOrchestratorService'.
src/routes/langchain.routes.ts(192,51): error TS2339: Property 'processQuery' does not exist on type 'typeof AIAgentSupervisorService'.
src/routes/langchain.routes.ts(223,45): error TS2339: Property 'getAvailableAgents' does not exist on type 'typeof AIAgentSupervisorService'.
src/routes/langchain.routes.ts(250,44): error TS2339: Property 'getAgent' does not exist on type 'typeof AIAgentSupervisorService'.
src/routes/langchain.routes.ts(572,34): error TS2339: Property 'clearSession' does not exist on type 'typeof LangChainOrchestratorService'.
src/routes/langchain.routes.ts(593,51): error TS2339: Property 'getActiveSessions' does not exist on type 'typeof LangChainOrchestratorService'.
src/routes/lidar.routes.ts(101,13): error TS2322: Type '{ vehicleId: number; metadata: { scannerId: string; scannerType: "iphone_lidar" | "ipad_pro" | "standalone" | "industrial"; scanDurationMs: number; pointCount: number; resolution: number; ... 5 more ...; damageReportId?: string; }; ... 4 more ...; meshOptions?: { ...; }; }' is not assignable to type 'ProcessLiDARScanRequest'.
  Property 'pointCloudData' is optional in type '{ vehicleId: number; metadata: { scannerId: string; scannerType: "iphone_lidar" | "ipad_pro" | "standalone" | "industrial"; scanDurationMs: number; pointCount: number; resolution: number; ... 5 more ...; damageReportId?: string; }; ... 4 more ...; meshOptions?: { ...; }; }' but required in type 'ProcessLiDARScanRequest'.
src/routes/lidar.routes.ts(514,9): error TS18004: No value exists in scope for the shorthand property 'scansBy'. Either declare one or provide an initializer.
src/routes/lidar.routes.ts(514,17): error TS1005: ',' expected.
src/routes/maintenance.ts(33,30): error TS2339: Property 'MANAGER' does not exist on type 'typeof Role'.
src/routes/maintenance.ts(33,44): error TS2339: Property 'USER' does not exist on type 'typeof Role'.
src/routes/maintenance.ts(44,30): error TS2339: Property 'MANAGER' does not exist on type 'typeof Role'.
src/routes/maintenance.ts(44,44): error TS2339: Property 'USER' does not exist on type 'typeof Role'.
src/routes/maintenance.ts(56,30): error TS2339: Property 'MANAGER' does not exist on type 'typeof Role'.
src/routes/maintenance.ts(56,44): error TS2339: Property 'USER' does not exist on type 'typeof Role'.
src/routes/maintenance.ts(70,30): error TS2339: Property 'MANAGER' does not exist on type 'typeof Role'.
src/routes/maintenance.ts(82,30): error TS2339: Property 'MANAGER' does not exist on type 'typeof Role'.
src/routes/maintenance.ts(95,30): error TS2339: Property 'MANAGER' does not exist on type 'typeof Role'.
src/routes/maintenance.ts(107,30): error TS2339: Property 'MANAGER' does not exist on type 'typeof Role'.
src/routes/maintenance.ts(107,44): error TS2339: Property 'USER' does not exist on type 'typeof Role'.
src/routes/maintenance.ts(140,30): error TS2339: Property 'MANAGER' does not exist on type 'typeof Role'.
src/routes/maintenance.ts(140,44): error TS2339: Property 'USER' does not exist on type 'typeof Role'.
src/routes/maintenance.ts(165,30): error TS2339: Property 'MANAGER' does not exist on type 'typeof Role'.
src/routes/maintenance.ts(165,44): error TS2339: Property 'USER' does not exist on type 'typeof Role'.
src/routes/maintenance.ts(195,30): error TS2339: Property 'MANAGER' does not exist on type 'typeof Role'.
src/routes/maintenance.ts(195,44): error TS2339: Property 'USER' does not exist on type 'typeof Role'.
src/routes/mobile-assignment.routes.ts(20,10): error TS2440: Import declaration conflicts with local declaration of 'pool'.
src/routes/mobile-assignment.routes.ts(353,41): error TS2339: Property 'team_driver_ids' does not exist on type '{ id: string; email: string; role?: string; tenant_id?: string; }'.
src/routes/mobile-assignment.routes.ts(377,19): error TS2339: Property 'scope_level' does not exist on type '{ id: string; email: string; role?: string; tenant_id?: string; }'.
src/routes/mobile-assignment.routes.ts(401,19): error TS2339: Property 'scope_level' does not exist on type '{ id: string; email: string; role?: string; tenant_id?: string; }'.
src/routes/mobile-assignment.routes.ts(428,19): error TS2339: Property 'scope_level' does not exist on type '{ id: string; email: string; role?: string; tenant_id?: string; }'.
src/routes/mobile-integration.routes.ts(128,51): error TS2339: Property 'registerDevice' does not exist on type 'typeof MobileIntegrationService'.
src/routes/mobile-integration.routes.ts(195,51): error TS2339: Property 'syncMobileData' does not exist on type 'typeof MobileIntegrationService'.
src/routes/mobile-integration.routes.ts(232,50): error TS2339: Property 'getMobileRoute' does not exist on type 'typeof MobileIntegrationService'.
src/routes/mobile-integration.routes.ts(291,49): error TS2339: Property 'getARNavigationData' does not exist on type 'typeof MobileIntegrationService'.
src/routes/mobile-integration.routes.ts(340,51): error TS2339: Property 'executeKeylessEntry' does not exist on type 'typeof MobileIntegrationService'.
src/routes/mobile-integration.routes.ts(389,51): error TS2339: Property 'submitDamageDetection' does not exist on type 'typeof MobileIntegrationService'.
src/routes/mobile-integration.routes.ts(431,53): error TS2339: Property 'getDispatchMessagesForMobile' does not exist on type 'typeof MobileIntegrationService'.
src/routes/mobile-integration.routes.ts(484,53): error TS2339: Property 'getNearbyChargingStations' does not exist on type 'typeof MobileIntegrationService'.
src/routes/mobile-integration.routes.ts(542,52): error TS2339: Property 'sendPushNotification' does not exist on type 'typeof MobileIntegrationService'.
src/routes/mobile-messaging.routes.ts(350,9): error TS2345: Argument of type '{ entity_type: string; entity_id: string; link_type?: string; }[]' is not assignable to parameter of type 'Partial<CommunicationEntityLink>[]'.
  Type '{ entity_type: string; entity_id: string; link_type?: string; }' is not assignable to type 'Partial<CommunicationEntityLink>'.
    Types of property 'entity_type' are incompatible.
      Type 'string' is not assignable to type '"driver" | "maintenance" | "vehicle" | "work_order" | "incident" | "invoice"'.
src/routes/mobile-notifications.routes.ts(13,10): error TS2614: Module '"../services/sms.service"' has no exported member 'smsService'. Did you mean to use 'import smsService from "../services/sms.service"' instead?
src/routes/mobile-obd2.routes.ts(177,39): error TS2339: Property 'registerAdapter' does not exist on type 'typeof OBD2ServiceBackend'.
src/routes/mobile-obd2.routes.ts(205,40): error TS2339: Property 'getUserAdapters' does not exist on type 'typeof OBD2ServiceBackend'.
src/routes/mobile-obd2.routes.ts(239,39): error TS2339: Property 'getAdapterById' does not exist on type 'typeof OBD2ServiceBackend'.
src/routes/mobile-obd2.routes.ts(309,36): error TS2339: Property 'reportDiagnosticCodes' does not exist on type 'typeof OBD2ServiceBackend'.
src/routes/mobile-obd2.routes.ts(356,36): error TS2339: Property 'getVehicleDiagnosticCodes' does not exist on type 'typeof OBD2ServiceBackend'.
src/routes/mobile-obd2.routes.ts(391,37): error TS2339: Property 'clearDiagnosticCodes' does not exist on type 'typeof OBD2ServiceBackend'.
src/routes/mobile-obd2.routes.ts(467,40): error TS2339: Property 'storeLiveData' does not exist on type 'typeof OBD2ServiceBackend'.
src/routes/mobile-obd2.routes.ts(512,40): error TS2339: Property 'getRecentLiveData' does not exist on type 'typeof OBD2ServiceBackend'.
src/routes/mobile-obd2.routes.ts(572,35): error TS2339: Property 'logConnection' does not exist on type 'typeof OBD2ServiceBackend'.
src/routes/mobile-obd2.routes.ts(621,38): error TS2339: Property 'getVehicleHealthSummary' does not exist on type 'typeof OBD2ServiceBackend'.
src/routes/mobile-obd2.routes.ts(668,38): error TS2339: Property 'getFuelEconomyTrends' does not exist on type 'typeof OBD2ServiceBackend'.
src/routes/mobile-obd2.routes.ts(701,36): error TS2339: Property 'getDTCInfo' does not exist on type 'typeof OBD2ServiceBackend'.
src/routes/mobile-ocr.routes.ts(66,27): error TS2554: Expected 2-3 arguments, but got 1.
src/routes/mobile-ocr.routes.ts(87,11): error TS2554: Expected 2-3 arguments, but got 1.
src/routes/mobile-ocr.routes.ts(106,15): error TS2339: Property 'tenantId' does not exist on type '{ id: string; email: string; role?: string; tenant_id?: string; }'.
src/routes/mobile-ocr.routes.ts(106,25): error TS2339: Property 'userId' does not exist on type '{ id: string; email: string; role?: string; tenant_id?: string; }'.
src/routes/mobile-ocr.routes.ts(124,41): error TS2339: Property 'processDocument' does not exist on type 'typeof OcrService'.
src/routes/mobile-ocr.routes.ts(243,15): error TS2339: Property 'tenantId' does not exist on type '{ id: string; email: string; role?: string; tenant_id?: string; }'.
src/routes/mobile-ocr.routes.ts(243,25): error TS2339: Property 'userId' does not exist on type '{ id: string; email: string; role?: string; tenant_id?: string; }'.
src/routes/mobile-ocr.routes.ts(262,41): error TS2339: Property 'processDocument' does not exist on type 'typeof OcrService'.
src/routes/mobile-ocr.routes.ts(455,15): error TS2365: Operator '<' cannot be applied to types 'unknown' and 'number'.
src/routes/mobile-ocr.routes.ts(457,35): error TS2362: The left-hand side of an arithmetic operation must be of type 'any', 'number', 'bigint' or an enum type.
src/routes/mobile-ocr.routes.ts(500,15): error TS2339: Property 'tenantId' does not exist on type '{ id: string; email: string; role?: string; tenant_id?: string; }'.
src/routes/mobile-ocr.routes.ts(500,25): error TS2339: Property 'userId' does not exist on type '{ id: string; email: string; role?: string; tenant_id?: string; }'.
src/routes/mobile-trips.routes.ts(723,11): error TS2367: This comparison appears to be unintentional because the types '"personal" | "mixed"' and '"business"' have no overlap.
src/routes/monitoring.ts(90,55): error TS2339: Property 'getInstance' does not exist on type 'typeof EmulatorOrchestrator'.
src/routes/monitoring.ts(230,47): error TS2339: Property 'getInstance' does not exist on type 'typeof EmulatorOrchestrator'.
src/routes/monitoring/query-performance.ts(13,32): error TS2307: Cannot find module '../middleware/csrf' or its corresponding type declarations.
src/routes/ocr.routes.ts(81,43): error TS2339: Property 'enqueueOcrJob' does not exist on type 'typeof OcrQueueService'.
src/routes/ocr.routes.ts(100,39): error TS2339: Property 'processDocument' does not exist on type 'typeof OcrService'.
src/routes/ocr.routes.ts(152,43): error TS2339: Property 'enqueueBatchOcrJob' does not exist on type 'typeof OcrQueueService'.
src/routes/ocr.routes.ts(178,39): error TS2339: Property 'getJobStatus' does not exist on type 'typeof OcrQueueService'.
src/routes/ocr.routes.ts(203,41): error TS2339: Property 'getBatchStatus' does not exist on type 'typeof OcrQueueService'.
src/routes/ocr.routes.ts(228,37): error TS2339: Property 'getOcrResult' does not exist on type 'typeof OcrService'.
src/routes/ocr.routes.ts(258,38): error TS2339: Property 'searchOcrResults' does not exist on type 'typeof OcrService'.
src/routes/ocr.routes.ts(283,27): error TS2339: Property 'cancelJob' does not exist on type 'typeof OcrQueueService'.
src/routes/ocr.routes.ts(307,44): error TS2339: Property 'retryJob' does not exist on type 'typeof OcrQueueService'.
src/routes/ocr.routes.ts(332,41): error TS2339: Property 'getStatistics' does not exist on type 'typeof OcrQueueService'.
src/routes/ocr.routes.ts(460,48): error TS2339: Property 'cleanupOldJobs' does not exist on type 'typeof OcrQueueService'.
src/routes/on-call-management.routes.ts(19,10): error TS2440: Import declaration conflicts with local declaration of 'pool'.
src/routes/on-call-management.routes.ts(47,28): error TS2554: Expected 2-3 arguments, but got 1.
src/routes/on-call-management.routes.ts(97,36): error TS2339: Property 'scope_level' does not exist on type '{ id: string; email: string; role?: string; tenant_id?: string; }'.
src/routes/on-call-management.routes.ts(107,53): error TS2339: Property 'team_driver_ids' does not exist on type '{ id: string; email: string; role?: string; tenant_id?: string; }'.
src/routes/on-call-management.routes.ts(109,31): error TS2339: Property 'team_driver_ids' does not exist on type '{ id: string; email: string; role?: string; tenant_id?: string; }'.
src/routes/permissions.routes.ts(18,10): error TS2724: '"../services/auditService"' has no exported member named 'auditService'. Did you mean 'AuditService'?
src/routes/permissions.routes.ts(48,59): error TS2551: Property 'tenant_id' does not exist on type 'User'. Did you mean 'tenantId'?
src/routes/permissions.routes.ts(242,16): error TS2551: Property 'tenant_id' does not exist on type 'User'. Did you mean 'tenantId'?
src/routes/personal-use-policies.ts(228,9): error TS2741: Property 'payment_method' is missing in type '{ allow_personal_use: any; require_approval: any; charge_personal_use: any; }' but required in type '{ allow_personal_use: boolean; require_approval: boolean; charge_personal_use: boolean; payment_method: PaymentMethod; }'.
src/routes/queue.routes.ts(13,21): error TS2305: Module '"../types/queue.types"' has no exported member 'JobStatus'.
src/routes/reimbursement-requests.ts(55,37): error TS2339: Property 'errors' does not exist on type 'ZodError<{ charge_id: string; request_amount: number; expense_date: string; description?: string; category?: string; receipt_file_path?: string; }>'.
src/routes/reimbursement-requests.ts(555,37): error TS2339: Property 'errors' does not exist on type 'ZodError<{ payment_date: string; payment_method: string; payment_reference: string; }>'.
src/routes/reports.routes.ts(23,10): error TS2305: Module '"../middleware/auth.middleware"' has no exported member 'authenticateJWT'.
src/routes/reservations.routes.ts(53,14): error TS2769: No overload matches this call.
  Overload 1 of 2, '(values: readonly ["business", "personal"], params?: string | { error?: string | $ZodErrorMap<$ZodIssueInvalidValue<unknown>>; message?: string; }): ZodEnum<...>', gave the following error.
    Object literal may only specify known properties, and 'errorMap' does not exist in type '{ error?: string | $ZodErrorMap<$ZodIssueInvalidValue<unknown>>; message?: string; }'.
  Overload 2 of 2, '(entries: Readonly<Record<string, EnumValue>>, params?: string | { error?: string | $ZodErrorMap<$ZodIssueInvalidValue<unknown>>; message?: string; }): ZodEnum<...>', gave the following error.
    Argument of type 'string[]' is not assignable to parameter of type 'Readonly<Record<string, EnumValue>>'.
      Index signature for type 'string' is missing in type 'string[]'.
src/routes/reservations.routes.ts(79,13): error TS2769: No overload matches this call.
  Overload 1 of 2, '(values: readonly ["approve", "reject"], params?: string | { error?: string | $ZodErrorMap<$ZodIssueInvalidValue<unknown>>; message?: string; }): ZodEnum<{ approve: "approve"; reject: "reject"; }>', gave the following error.
    Object literal may only specify known properties, and 'errorMap' does not exist in type '{ error?: string | $ZodErrorMap<$ZodIssueInvalidValue<unknown>>; message?: string; }'.
  Overload 2 of 2, '(entries: Readonly<Record<string, EnumValue>>, params?: string | { error?: string | $ZodErrorMap<$ZodIssueInvalidValue<unknown>>; message?: string; }): ZodEnum<...>', gave the following error.
    Argument of type 'string[]' is not assignable to parameter of type 'Readonly<Record<string, EnumValue>>'.
      Index signature for type 'string' is missing in type 'string[]'.
src/routes/reservations.routes.ts(93,16): error TS2339: Property 'name' does not exist on type '{ id: string; email: string; role?: string; tenant_id?: string; }'.
src/routes/reservations.routes.ts(95,17): error TS2551: Property 'roles' does not exist on type '{ id: string; email: string; role?: string; tenant_id?: string; }'. Did you mean 'role'?
src/routes/reservations.routes.ts(97,18): error TS2339: Property 'org_id' does not exist on type '{ id: string; email: string; role?: string; tenant_id?: string; }'.
src/routes/route-optimization.routes.ts(173,53): error TS2339: Property 'optimizeRoutes' does not exist on type 'typeof import("/Users/andrewmorton/Documents/GitHub/Fleet-AzureDevOps/api/src/services/route-optimization.service")'.
src/routes/route-optimization.routes.ts(290,50): error TS2339: Property 'getOptimizationJob' does not exist on type 'typeof import("/Users/andrewmorton/Documents/GitHub/Fleet-AzureDevOps/api/src/services/route-optimization.service")'.
src/routes/route-optimization.routes.ts(296,19): error TS2304: Cannot find name 'NotFoundError'.
src/routes/route-optimization.routes.ts(300,53): error TS2339: Property 'getRoutesForJob' does not exist on type 'typeof import("/Users/andrewmorton/Documents/GitHub/Fleet-AzureDevOps/api/src/services/route-optimization.service")'.
src/routes/route-optimization.routes.ts(401,19): error TS2304: Cannot find name 'NotFoundError'.
src/routes/safety-alerts.ts(88,30): error TS2339: Property 'MANAGER' does not exist on type 'typeof Role'.
src/routes/safety-alerts.ts(88,44): error TS2339: Property 'USER' does not exist on type 'typeof Role'.
src/routes/safety-alerts.ts(89,31): error TS2339: Property 'SAFETY_ALERT_READ' does not exist on type '{ readonly VEHICLE_CREATE: "vehicle:create"; readonly VEHICLE_READ: "vehicle:read"; readonly VEHICLE_UPDATE: "vehicle:update"; readonly VEHICLE_DELETE: "vehicle:delete"; readonly DRIVER_CREATE: "driver:create"; ... 26 more ...; readonly DOCUMENT_DELETE: "document:delete"; }'.
src/routes/safety-alerts.ts(199,30): error TS2339: Property 'MANAGER' does not exist on type 'typeof Role'.
src/routes/safety-alerts.ts(199,44): error TS2339: Property 'USER' does not exist on type 'typeof Role'.
src/routes/safety-alerts.ts(200,31): error TS2339: Property 'SAFETY_ALERT_READ' does not exist on type '{ readonly VEHICLE_CREATE: "vehicle:create"; readonly VEHICLE_READ: "vehicle:read"; readonly VEHICLE_UPDATE: "vehicle:update"; readonly VEHICLE_DELETE: "vehicle:delete"; readonly DRIVER_CREATE: "driver:create"; ... 26 more ...; readonly DOCUMENT_DELETE: "document:delete"; }'.
src/routes/safety-alerts.ts(240,30): error TS2339: Property 'MANAGER' does not exist on type 'typeof Role'.
src/routes/safety-alerts.ts(240,44): error TS2339: Property 'USER' does not exist on type 'typeof Role'.
src/routes/safety-alerts.ts(241,31): error TS2339: Property 'SAFETY_ALERT_CREATE' does not exist on type '{ readonly VEHICLE_CREATE: "vehicle:create"; readonly VEHICLE_READ: "vehicle:read"; readonly VEHICLE_UPDATE: "vehicle:update"; readonly VEHICLE_DELETE: "vehicle:delete"; readonly DRIVER_CREATE: "driver:create"; ... 26 more ...; readonly DOCUMENT_DELETE: "document:delete"; }'.
src/routes/safety-alerts.ts(318,30): error TS2339: Property 'MANAGER' does not exist on type 'typeof Role'.
src/routes/safety-alerts.ts(319,31): error TS2339: Property 'SAFETY_ALERT_UPDATE' does not exist on type '{ readonly VEHICLE_CREATE: "vehicle:create"; readonly VEHICLE_READ: "vehicle:read"; readonly VEHICLE_UPDATE: "vehicle:update"; readonly VEHICLE_DELETE: "vehicle:delete"; readonly DRIVER_CREATE: "driver:create"; ... 26 more ...; readonly DOCUMENT_DELETE: "document:delete"; }'.
src/routes/safety-alerts.ts(387,31): error TS2339: Property 'SAFETY_ALERT_DELETE' does not exist on type '{ readonly VEHICLE_CREATE: "vehicle:create"; readonly VEHICLE_READ: "vehicle:read"; readonly VEHICLE_UPDATE: "vehicle:update"; readonly VEHICLE_DELETE: "vehicle:delete"; readonly DRIVER_CREATE: "driver:create"; ... 26 more ...; readonly DOCUMENT_DELETE: "document:delete"; }'.
src/routes/safety-alerts.ts(426,30): error TS2339: Property 'MANAGER' does not exist on type 'typeof Role'.
src/routes/safety-alerts.ts(427,31): error TS2339: Property 'SAFETY_METRICS_READ' does not exist on type '{ readonly VEHICLE_CREATE: "vehicle:create"; readonly VEHICLE_READ: "vehicle:read"; readonly VEHICLE_UPDATE: "vehicle:update"; readonly VEHICLE_DELETE: "vehicle:delete"; readonly DRIVER_CREATE: "driver:create"; ... 26 more ...; readonly DOCUMENT_DELETE: "document:delete"; }'.
src/routes/safety-alerts.ts(467,30): error TS2339: Property 'MANAGER' does not exist on type 'typeof Role'.
src/routes/safety-alerts.ts(467,44): error TS2339: Property 'USER' does not exist on type 'typeof Role'.
src/routes/safety-alerts.ts(468,31): error TS2339: Property 'SAFETY_ALERT_UPDATE' does not exist on type '{ readonly VEHICLE_CREATE: "vehicle:create"; readonly VEHICLE_READ: "vehicle:read"; readonly VEHICLE_UPDATE: "vehicle:update"; readonly VEHICLE_DELETE: "vehicle:delete"; readonly DRIVER_CREATE: "driver:create"; ... 26 more ...; readonly DOCUMENT_DELETE: "document:delete"; }'.
src/routes/safety-alerts.ts(509,30): error TS2339: Property 'MANAGER' does not exist on type 'typeof Role'.
src/routes/safety-alerts.ts(510,31): error TS2339: Property 'SAFETY_ALERT_UPDATE' does not exist on type '{ readonly VEHICLE_CREATE: "vehicle:create"; readonly VEHICLE_READ: "vehicle:read"; readonly VEHICLE_UPDATE: "vehicle:update"; readonly VEHICLE_DELETE: "vehicle:delete"; readonly DRIVER_CREATE: "driver:create"; ... 26 more ...; readonly DOCUMENT_DELETE: "document:delete"; }'.
src/routes/scheduling-notifications.routes.ts(130,41): error TS2339: Property 'updateNotificationPreferences' does not exist on type 'typeof SchedulingNotificationService'.
src/routes/scheduling-notifications.routes.ts(208,41): error TS2339: Property 'sendTestNotification' does not exist on type 'typeof SchedulingNotificationService'.
src/routes/scheduling-notifications.routes.ts(372,43): error TS2339: Property 'sendReservationReminder' does not exist on type 'typeof SchedulingNotificationService'.
src/routes/scheduling-notifications.routes.ts(411,43): error TS2339: Property 'sendMaintenanceReminder' does not exist on type 'typeof SchedulingNotificationService'.
src/routes/scheduling.routes.ts(115,49): error TS2339: Property 'createVehicleReservation' does not exist on type 'typeof import("/Users/andrewmorton/Documents/GitHub/Fleet-AzureDevOps/api/src/services/scheduling.service")'.
src/routes/scheduling.routes.ts(272,43): error TS2339: Property 'sendReservationApproved' does not exist on type 'typeof SchedulingNotificationService'.
src/routes/scheduling.routes.ts(332,43): error TS2339: Property 'sendReservationRejected' does not exist on type 'typeof SchedulingNotificationService'.
src/routes/scheduling.routes.ts(453,49): error TS2339: Property 'createMaintenanceAppointment' does not exist on type 'typeof import("/Users/andrewmorton/Documents/GitHub/Fleet-AzureDevOps/api/src/services/scheduling.service")'.
src/routes/scheduling.routes.ts(558,51): error TS2339: Property 'checkVehicleConflicts' does not exist on type 'typeof import("/Users/andrewmorton/Documents/GitHub/Fleet-AzureDevOps/api/src/services/scheduling.service")'.
src/routes/scheduling.routes.ts(568,54): error TS2339: Property 'checkServiceBayConflicts' does not exist on type 'typeof import("/Users/andrewmorton/Documents/GitHub/Fleet-AzureDevOps/api/src/services/scheduling.service")'.
src/routes/scheduling.routes.ts(578,49): error TS2339: Property 'checkTechnicianAvailability' does not exist on type 'typeof import("/Users/andrewmorton/Documents/GitHub/Fleet-AzureDevOps/api/src/services/scheduling.service")'.
src/routes/scheduling.routes.ts(615,46): error TS2339: Property 'findAvailableVehicles' does not exist on type 'typeof import("/Users/andrewmorton/Documents/GitHub/Fleet-AzureDevOps/api/src/services/scheduling.service")'.
src/routes/scheduling.routes.ts(648,42): error TS2339: Property 'findAvailableServiceBays' does not exist on type 'typeof import("/Users/andrewmorton/Documents/GitHub/Fleet-AzureDevOps/api/src/services/scheduling.service")'.
src/routes/scheduling.routes.ts(680,46): error TS2339: Property 'getVehicleSchedule' does not exist on type 'typeof import("/Users/andrewmorton/Documents/GitHub/Fleet-AzureDevOps/api/src/services/scheduling.service")'.
src/routes/scheduling.routes.ts(737,36): error TS2339: Property 'getAuthorizationUrl' does not exist on type 'typeof import("/Users/andrewmorton/Documents/GitHub/Fleet-AzureDevOps/api/src/services/google-calendar.service")'.
src/routes/scheduling.routes.ts(763,41): error TS2339: Property 'exchangeCodeForTokens' does not exist on type 'typeof import("/Users/andrewmorton/Documents/GitHub/Fleet-AzureDevOps/api/src/services/google-calendar.service")'.
src/routes/scheduling.routes.ts(766,46): error TS2339: Property 'storeCalendarIntegration' does not exist on type 'typeof import("/Users/andrewmorton/Documents/GitHub/Fleet-AzureDevOps/api/src/services/google-calendar.service")'.
src/routes/scheduling.routes.ts(807,28): error TS2339: Property 'revokeIntegration' does not exist on type 'typeof import("/Users/andrewmorton/Documents/GitHub/Fleet-AzureDevOps/api/src/services/google-calendar.service")'.
src/routes/scheduling.routes.ts(866,47): error TS2339: Property 'syncEventsToDatabase' does not exist on type 'typeof import("/Users/andrewmorton/Documents/GitHub/Fleet-AzureDevOps/api/src/services/google-calendar.service")'.
src/routes/search.ts(65,18): error TS2554: Expected 2-3 arguments, but got 1.
src/routes/search.ts(71,51): error TS2339: Property 'search' does not exist on type 'typeof DocumentSearchService'.
src/routes/search.ts(143,55): error TS2339: Property 'autocomplete' does not exist on type 'typeof DocumentSearchService'.
src/routes/search.ts(181,52): error TS2339: Property 'getSpellingSuggestions' does not exist on type 'typeof SearchIndexService'.
src/routes/search.ts(216,35): error TS2339: Property 'recordDocumentClick' does not exist on type 'typeof DocumentSearchService'.
src/routes/search.ts(249,57): error TS2339: Property 'getSavedSearches' does not exist on type 'typeof DocumentSearchService'.
src/routes/search.ts(279,20): error TS2554: Expected 2-3 arguments, but got 1.
src/routes/search.ts(285,55): error TS2339: Property 'saveSearch' does not exist on type 'typeof DocumentSearchService'.
src/routes/search.ts(324,35): error TS2339: Property 'deleteSavedSearch' does not exist on type 'typeof DocumentSearchService'.
src/routes/search.ts(358,51): error TS2339: Property 'getSearchHistory' does not exist on type 'typeof DocumentSearchService'.
src/routes/search.ts(392,53): error TS2339: Property 'getSearchAnalytics' does not exist on type 'typeof DocumentSearchService'.
src/routes/search.ts(422,14): error TS2322: Type '"INDEX"' is not assignable to type '"CREATE" | "SEARCH" | "QUERY" | "DELETE" | "READ" | "UPDATE" | "LOGIN" | "LOGOUT" | "EXPORT" | "CALCULATE" | "APPROVE" | "REJECT" | "BULK_CREATE" | "EXECUTE" | "CERTIFY" | "UPLOAD" | ... 7 more ... | "VIEW_ACTIVE_ELEVATIONS"'.
src/routes/search.ts(427,29): error TS2339: Property 'indexDocument' does not exist on type 'typeof DocumentIndexer'.
src/routes/search.ts(454,14): error TS2322: Type '"REINDEX"' is not assignable to type '"CREATE" | "SEARCH" | "QUERY" | "DELETE" | "READ" | "UPDATE" | "LOGIN" | "LOGOUT" | "EXPORT" | "CALCULATE" | "APPROVE" | "REJECT" | "BULK_CREATE" | "EXECUTE" | "CERTIFY" | "UPLOAD" | ... 7 more ... | "VIEW_ACTIVE_ELEVATIONS"'.
src/routes/search.ts(465,41): error TS2339: Property 'createReindexJob' does not exist on type 'typeof DocumentIndexer'.
src/routes/search.ts(503,42): error TS2339: Property 'getIndexingJobs' does not exist on type 'typeof DocumentIndexer'.
src/routes/search.ts(532,14): error TS2322: Type '"OPTIMIZE_INDEX"' is not assignable to type '"CREATE" | "SEARCH" | "QUERY" | "DELETE" | "READ" | "UPDATE" | "LOGIN" | "LOGOUT" | "EXPORT" | "CALCULATE" | "APPROVE" | "REJECT" | "BULK_CREATE" | "EXECUTE" | "CERTIFY" | "UPLOAD" | ... 7 more ... | "VIEW_ACTIVE_ELEVATIONS"'.
src/routes/search.ts(535,29): error TS2339: Property 'optimizeIndexes' does not exist on type 'typeof DocumentIndexer'.
src/routes/search.ts(560,43): error TS2339: Property 'getIndexStats' does not exist on type 'typeof DocumentIndexer'.
src/routes/search.ts(583,14): error TS2322: Type '"CLEAR_CACHE"' is not assignable to type '"CREATE" | "SEARCH" | "QUERY" | "DELETE" | "READ" | "UPDATE" | "LOGIN" | "LOGOUT" | "EXPORT" | "CALCULATE" | "APPROVE" | "REJECT" | "BULK_CREATE" | "EXECUTE" | "CERTIFY" | "UPLOAD" | ... 7 more ... | "VIEW_ACTIVE_ELEVATIONS"'.
src/routes/search.ts(586,32): error TS2339: Property 'clearCache' does not exist on type 'typeof SearchIndexService'.
src/routes/search.ts(611,32): error TS2339: Property 'warmCache' does not exist on type 'typeof SearchIndexService'.
src/routes/storage-admin.ts(98,9): error TS2353: Object literal may only specify known properties, and 'uploadedBy' does not exist in type 'FileMetadata'.
src/routes/storage-admin.ts(555,13): error TS2353: Object literal may only specify known properties, and 'uploadedBy' does not exist in type 'FileMetadata'.
src/routes/telemetry.ts(33,28): error TS2304: Cannot find name 'getTableColumns'.
src/routes/telemetry.ts(67,28): error TS2304: Cannot find name 'getTableColumns'.
src/routes/trip-marking.ts(58,37): error TS2339: Property 'errors' does not exist on type 'ZodError<{ usage_type: UsageType; business_percentage?: number; business_purpose?: string; personal_notes?: string; }>'.
src/routes/trip-marking.ts(269,37): error TS2339: Property 'errors' does not exist on type 'ZodError<{ vehicle_id: string; start_location?: string; notes?: string; }>'.
src/routes/trip-marking.ts(346,37): error TS2339: Property 'errors' does not exist on type 'ZodError<{ business_percentage: number; business_purpose: string; personal_notes?: string; }>'.
src/routes/trip-usage.ts(5,8): error TS2300: Duplicate identifier 'logger'.
src/routes/trip-usage.ts(6,8): error TS2300: Duplicate identifier 'logger'.
src/routes/users.ts(3,10): error TS2724: '"../services/UserService"' has no exported member named 'userService'. Did you mean 'UserService'?
src/routes/vehicle-3d.routes.ts(224,65): error TS2345: Argument of type '{ location: { x: number; y: number; z: number; }; severity: "minor" | "moderate" | "severe"; type: string; description?: string; detectedAt?: string; }[]' is not assignable to parameter of type 'DamageMarker[]'.
  Type '{ location: { x: number; y: number; z: number; }; severity: "minor" | "moderate" | "severe"; type: string; description?: string; detectedAt?: string; }' is not assignable to type 'DamageMarker'.
    Types of property 'detectedAt' are incompatible.
      Type 'string' is not assignable to type 'Date'.
src/routes/vehicle-3d.routes.ts(264,7): error TS2322: Type 'string' is not assignable to type 'number'.
src/routes/vehicle-assignments.routes.ts(50,29): error TS2554: Expected 2-3 arguments, but got 1.
src/routes/vehicle-assignments.routes.ts(96,36): error TS2339: Property 'scope_level' does not exist on type '{ id: string; email: string; role?: string; tenant_id?: string; }'.
src/routes/vehicle-assignments.routes.ts(106,60): error TS2339: Property 'team_driver_ids' does not exist on type '{ id: string; email: string; role?: string; tenant_id?: string; }'.
src/routes/vehicle-hardware-config.routes.ts(84,23): error TS2554: Expected 1 arguments, but got 0.
src/routes/vehicle-hardware-config.routes.ts(85,36): error TS2339: Property 'getVehicleHardwareConfig' does not exist on type 'VehicleHardwareConfigService'.
src/routes/vehicle-hardware-config.routes.ts(161,23): error TS2554: Expected 1 arguments, but got 0.
src/routes/vehicle-hardware-config.routes.ts(164,83): error TS2554: Expected 2-3 arguments, but got 4.
src/routes/vehicle-hardware-config.routes.ts(176,30): error TS2551: Property 'providerId' does not exist on type 'VehicleProvider'. Did you mean 'provider'?
src/routes/vehicle-hardware-config.routes.ts(231,23): error TS2554: Expected 1 arguments, but got 0.
src/routes/vehicle-hardware-config.routes.ts(232,57): error TS2345: Argument of type 'string' is not assignable to parameter of type 'number'.
src/routes/vehicle-hardware-config.routes.ts(295,23): error TS2554: Expected 1 arguments, but got 0.
src/routes/vehicle-hardware-config.routes.ts(296,40): error TS2339: Property 'testProviderConnection' does not exist on type 'VehicleHardwareConfigService'.
src/routes/vehicle-hardware-config.routes.ts(370,23): error TS2554: Expected 1 arguments, but got 0.
src/routes/vehicle-hardware-config.routes.ts(371,71): error TS2345: Argument of type 'string' is not assignable to parameter of type 'number'.
src/routes/vehicle-hardware-config.routes.ts(424,23): error TS2554: Expected 1 arguments, but got 0.
src/routes/vehicle-hardware-config.routes.ts(425,70): error TS2554: Expected 1 arguments, but got 2.
src/routes/vehicle-hardware-config.routes.ts(436,31): error TS2339: Property 'location' does not exist on type 'UnifiedTelemetry'.
src/routes/vehicle-hardware-config.routes.ts(437,27): error TS2339: Property 'fuel' does not exist on type 'UnifiedTelemetry'.
src/routes/vehicle-hardware-config.routes.ts(438,34): error TS2339: Property 'diagnostics' does not exist on type 'UnifiedTelemetry'.
src/routes/vehicle-hardware-config.routes.ts(439,29): error TS2339: Property 'safety' does not exist on type 'UnifiedTelemetry'.
src/routes/vehicle-hardware-config.routes.ts(440,34): error TS2339: Property 'temperature' does not exist on type 'UnifiedTelemetry'.
src/routes/vehicle-history.routes.ts(55,42): error TS2339: Property 'errors' does not exist on type 'ZodError<{ limit: number; page: number; startDate?: string; endDate?: string; }>'.
src/routes/vehicle-history.routes.ts(278,42): error TS2339: Property 'errors' does not exist on type 'ZodError<{ limit: number; page: number; startDate?: string; endDate?: string; }>'.
src/routes/vehicle-identification.routes.ts(13,8): error TS2300: Duplicate identifier 'logger'.
src/routes/vehicle-identification.routes.ts(14,8): error TS2300: Duplicate identifier 'logger'.
src/routes/vehicle-identification.routes.ts(55,55): error TS2339: Property 'generateVehicleQRCode' does not exist on type '() => VehicleIdentificationService'.
src/routes/vehicle-identification.routes.ts(102,56): error TS2339: Property 'identifyByQRCode' does not exist on type '() => VehicleIdentificationService'.
src/routes/vehicle-identification.routes.ts(154,39): error TS2339: Property 'isValidVIN' does not exist on type '() => VehicleIdentificationService'.
src/routes/vehicle-identification.routes.ts(161,56): error TS2339: Property 'identifyByVIN' does not exist on type '() => VehicleIdentificationService'.
src/routes/vehicle-identification.routes.ts(210,56): error TS2339: Property 'identifyByLicensePlate' does not exist on type '() => VehicleIdentificationService'.
src/routes/vehicle-identification.routes.ts(265,56): error TS2339: Property 'processLicensePlateImage' does not exist on type '() => VehicleIdentificationService'.
src/routes/vehicle-identification.routes.ts(319,57): error TS2339: Property 'searchVehicles' does not exist on type '() => VehicleIdentificationService'.
src/routes/vehicle-identification.routes.ts(355,54): error TS2339: Property 'generatePrintableLabel' does not exist on type '() => VehicleIdentificationService'.
src/routes/vehicle-idling.routes.ts(27,23): error TS2554: Expected 1 arguments, but got 0.
src/routes/vehicles-refactored.example.ts(20,54): error TS2345: Argument of type 'string' is not assignable to parameter of type 'number'.
src/routes/vehicles-refactored.example.ts(31,64): error TS2345: Argument of type 'string' is not assignable to parameter of type 'number'.
src/routes/vehicles-refactored.example.ts(40,78): error TS2345: Argument of type 'string' is not assignable to parameter of type 'number'.
src/routes/vehicles-refactored.example.ts(49,52): error TS2345: Argument of type 'string' is not assignable to parameter of type 'number'.
src/routes/vehicles.optimized.example.ts(23,10): error TS2724: '"../utils/pagination"' has no exported member named 'getPaginationParams'. Did you mean 'PaginationParams'?
src/routes/vehicles.optimized.example.ts(55,12): error TS2345: Argument of type '{ field: string; required: boolean; type: string; }[]' is not assignable to parameter of type 'ZodType<unknown, unknown, $ZodTypeInternals<unknown, unknown>>'.
  Type '{ field: string; required: boolean; type: string; }[]' is missing the following properties from type 'ZodType<unknown, unknown, $ZodTypeInternals<unknown, unknown>>': def, type, _def, _output, and 40 more.
src/routes/vehicles.ts(31,30): error TS2339: Property 'MANAGER' does not exist on type 'typeof Role'.
src/routes/vehicles.ts(31,44): error TS2339: Property 'USER' does not exist on type 'typeof Role'.
src/routes/vehicles.ts(93,30): error TS2339: Property 'MANAGER' does not exist on type 'typeof Role'.
src/routes/vehicles.ts(93,44): error TS2339: Property 'USER' does not exist on type 'typeof Role'.
src/routes/vehicles.ts(135,30): error TS2339: Property 'MANAGER' does not exist on type 'typeof Role'.
src/routes/vehicles.ts(135,44): error TS2339: Property 'USER' does not exist on type 'typeof Role'.
src/routes/vehicles.ts(201,30): error TS2339: Property 'MANAGER' does not exist on type 'typeof Role'.
src/routes/vehicles.ts(238,30): error TS2339: Property 'MANAGER' does not exist on type 'typeof Role'.
src/routes/vehicles.ts(280,30): error TS2339: Property 'MANAGER' does not exist on type 'typeof Role'.
src/routes/video-events.ts(17,26): error TS2554: Expected 1 arguments, but got 2.
src/routes/video-telematics.routes.ts(263,59): error TS2345: Argument of type '{ vehicleId: number; eventType: string; severity: "critical" | "minor" | "moderate" | "severe"; driverId?: number; cameraId?: number; latitude?: number; longitude?: number; address?: string; speedMph?: number; ... 6 more ...; retentionPolicy?: string; }' is not assignable to parameter of type 'VideoEvent'.
  Property 'eventTimestamp' is optional in type '{ vehicleId: number; eventType: string; severity: "critical" | "minor" | "moderate" | "severe"; driverId?: number; cameraId?: number; latitude?: number; longitude?: number; address?: string; speedMph?: number; ... 6 more ...; retentionPolicy?: string; }' but required in type 'VideoEvent'.
src/routes/video-telematics.routes.ts(342,66): error TS2345: Argument of type 'string' is not assignable to parameter of type 'number'.
src/routes/video-telematics.routes.ts(435,9): error TS2322: Type 'string' is not assignable to type 'number'.
src/routes/video-telematics.routes.ts(468,9): error TS2345: Argument of type 'string' is not assignable to parameter of type 'number'.
src/routes/video-telematics.routes.ts(532,9): error TS2322: Type 'string' is not assignable to type 'number'.
src/routes/webhooks/outlook.webhook.ts(91,30): error TS2339: Property 'processOutlookNotification' does not exist on type 'typeof WebhookService'.
src/routes/webhooks/outlook.webhook.ts(158,28): error TS2339: Property 'processOutlookNotification' does not exist on type 'typeof WebhookService'.
src/routes/webhooks/outlook.webhook.ts(330,49): error TS2339: Property 'subscribeToOutlookEmails' does not exist on type 'typeof WebhookService'.
src/routes/webhooks/outlook.webhook.ts(390,28): error TS2339: Property 'deleteSubscription' does not exist on type 'typeof WebhookService'.
src/routes/webhooks/outlook.webhook.ts(441,28): error TS2339: Property 'renewSubscription' does not exist on type 'typeof WebhookService'.
src/routes/webhooks/teams.webhook.ts(91,30): error TS2339: Property 'processTeamsNotification' does not exist on type 'typeof WebhookService'.
src/routes/webhooks/teams.webhook.ts(158,28): error TS2339: Property 'processTeamsNotification' does not exist on type 'typeof WebhookService'.
src/routes/webhooks/teams.webhook.ts(323,49): error TS2339: Property 'subscribeToTeamsMessages' does not exist on type 'typeof WebhookService'.
src/routes/webhooks/teams.webhook.ts(383,28): error TS2339: Property 'deleteSubscription' does not exist on type 'typeof WebhookService'.
src/routes/webhooks/teams.webhook.ts(434,28): error TS2339: Property 'renewSubscription' does not exist on type 'typeof WebhookService'.
src/schemas/audit-logs.schema.ts(187,6): error TS2339: Property 'ip' does not exist on type 'ZodString'.
src/schemas/audit-logs.schema.ts(340,26): error TS2339: Property 'ip' does not exist on type 'ZodString'.
src/schemas/auth.schema.ts(60,12): error TS2769: No overload matches this call.
  Overload 1 of 2, '(value: readonly Literal[], params?: string | { error?: string | $ZodErrorMap<$ZodIssueInvalidValue<unknown>>; message?: string; }): ZodLiteral<Literal>', gave the following error.
    Argument of type 'boolean' is not assignable to parameter of type 'readonly Literal[]'.
  Overload 2 of 2, '(value: true, params?: string | { error?: string | $ZodErrorMap<$ZodIssueInvalidValue<unknown>>; message?: string; }): ZodLiteral<true>', gave the following error.
    Object literal may only specify known properties, and 'errorMap' does not exist in type '{ error?: string | $ZodErrorMap<$ZodIssueInvalidValue<unknown>>; message?: string; }'.
src/schemas/communications.schema.ts(149,5): error TS2353: Object literal may only specify known properties, and 'errorMap' does not exist in type '{ error?: string | $ZodErrorMap<$ZodIssueInvalidType<unknown>>; message?: string; }'.
src/schemas/fuel-transactions.schema.ts(79,5): error TS2353: Object literal may only specify known properties, and 'errorMap' does not exist in type '{ error?: string | $ZodErrorMap<$ZodIssueInvalidType<unknown>>; message?: string; }'.
src/schemas/incidents.schema.ts(108,5): error TS2353: Object literal may only specify known properties, and 'errorMap' does not exist in type '{ error?: string | $ZodErrorMap<$ZodIssueInvalidType<unknown>>; message?: string; }'.
src/schemas/inspections.schema.ts(69,23): error TS2554: Expected 2-3 arguments, but got 1.
src/schemas/inspections.schema.ts(138,5): error TS2353: Object literal may only specify known properties, and 'errorMap' does not exist in type '{ error?: string | $ZodErrorMap<$ZodIssueInvalidType<unknown>>; message?: string; }'.
src/schemas/inspections.schema.ts(155,16): error TS2554: Expected 2-3 arguments, but got 1.
src/schemas/inspections.schema.ts(228,16): error TS2554: Expected 2-3 arguments, but got 1.
src/schemas/routes.schema.ts(74,5): error TS2353: Object literal may only specify known properties, and 'errorMap' does not exist in type '{ error?: string | $ZodErrorMap<$ZodIssueInvalidType<unknown>>; message?: string; }'.
src/schemas/routes.schema.ts(78,5): error TS2353: Object literal may only specify known properties, and 'errorMap' does not exist in type '{ error?: string | $ZodErrorMap<$ZodIssueInvalidType<unknown>>; message?: string; }'.
src/schemas/settings.schema.ts(301,14): error TS2769: No overload matches this call.
  Overload 1 of 2, '(value: readonly Literal[], params?: string | { error?: string | $ZodErrorMap<$ZodIssueInvalidValue<unknown>>; message?: string; }): ZodLiteral<Literal>', gave the following error.
    Argument of type 'boolean' is not assignable to parameter of type 'readonly Literal[]'.
  Overload 2 of 2, '(value: true, params?: string | { error?: string | $ZodErrorMap<$ZodIssueInvalidValue<unknown>>; message?: string; }): ZodLiteral<true>', gave the following error.
    Object literal may only specify known properties, and 'errorMap' does not exist in type '{ error?: string | $ZodErrorMap<$ZodIssueInvalidValue<unknown>>; message?: string; }'.
src/schemas/telemetry.schema.ts(33,5): error TS2353: Object literal may only specify known properties, and 'errorMap' does not exist in type '{ error?: string | $ZodErrorMap<$ZodIssueInvalidType<unknown>>; message?: string; }'.
src/schemas/users.schema.ts(126,6): error TS2339: Property 'ip' does not exist on type 'ZodString'.
src/schemas/vehicles.schema.ts(140,21): error TS2554: Expected 2-3 arguments, but got 1.
src/schemas/vehicles.schema.ts(270,21): error TS2554: Expected 2-3 arguments, but got 1.
src/scripts/fix_migration_history.ts(10,34): error TS1343: The 'import.meta' meta-property is only allowed when the '--module' option is 'es2020', 'es2022', 'esnext', 'system', 'node16', 'node18', 'node20', or 'nodenext'.
src/scripts/ocr-example.ts(8,3): error TS2614: Module '"../services/ocr.service"' has no exported member 'extractText'. Did you mean to use 'import extractText from "../services/ocr.service"' instead?
src/scripts/ocr-example.ts(9,3): error TS2614: Module '"../services/ocr.service"' has no exported member 'batchProcessDocuments'. Did you mean to use 'import batchProcessDocuments from "../services/ocr.service"' instead?
src/scripts/ocr-example.ts(10,3): error TS2614: Module '"../services/ocr.service"' has no exported member 'isOcrConfigured'. Did you mean to use 'import isOcrConfigured from "../services/ocr.service"' instead?
src/scripts/ocr-example.ts(11,3): error TS2614: Module '"../services/ocr.service"' has no exported member 'getOcrStatus'. Did you mean to use 'import getOcrStatus from "../services/ocr.service"' instead?
src/scripts/test-all-endpoints.ts(286,15): error TS2339: Property 'app' does not exist on type 'typeof import("/Users/andrewmorton/Documents/GitHub/Fleet-AzureDevOps/api/src/server-minimal")'.
src/server-quick.ts(133,12): error TS2769: No overload matches this call.
  Overload 1 of 6, '(port: number, hostname: string, backlog: number, callback?: () => void): Server<typeof IncomingMessage, typeof ServerResponse>', gave the following error.
    Argument of type 'string | 3001' is not assignable to parameter of type 'number'.
      Type 'string' is not assignable to type 'number'.
  Overload 2 of 6, '(port: number, hostname: string, callback?: () => void): Server<typeof IncomingMessage, typeof ServerResponse>', gave the following error.
    Argument of type 'string | 3001' is not assignable to parameter of type 'number'.
      Type 'string' is not assignable to type 'number'.
src/services/3d/model-processing-pipeline.ts(10,61): error TS2307: Cannot find module '@aws-sdk/client-cloudfront' or its corresponding type declarations.
src/services/3d/model-processing-pipeline.ts(118,54): error TS2769: No overload matches this call.
  Overload 1 of 2, '(queueName: string, opts?: QueueOptions): Queue<Model3DProcessingJob>', gave the following error.
    Type '{ host: string; port: number; password: string; }' has no properties in common with type 'QueueOptions'.
  Overload 2 of 2, '(queueName: string, url: string, opts?: QueueOptions): Queue<Model3DProcessingJob>', gave the following error.
    Argument of type '{ host: string; port: number; password: string; }' is not assignable to parameter of type 'string'.
src/services/3d/model-processing-pipeline.ts(119,59): error TS2769: No overload matches this call.
  Overload 1 of 2, '(queueName: string, opts?: QueueOptions): Queue<any>', gave the following error.
    Type '{ host: string; port: number; password: string; }' has no properties in common with type 'QueueOptions'.
  Overload 2 of 2, '(queueName: string, url: string, opts?: QueueOptions): Queue<any>', gave the following error.
    Argument of type '{ host: string; port: number; password: string; }' is not assignable to parameter of type 'string'.
src/services/3d/model-processing-pipeline.ts(120,56): error TS2769: No overload matches this call.
  Overload 1 of 2, '(queueName: string, opts?: QueueOptions): Queue<any>', gave the following error.
    Type '{ host: string; port: number; password: string; }' has no properties in common with type 'QueueOptions'.
  Overload 2 of 2, '(queueName: string, url: string, opts?: QueueOptions): Queue<any>', gave the following error.
    Argument of type '{ host: string; port: number; password: string; }' is not assignable to parameter of type 'string'.
src/services/3d/model-processing-pipeline.ts(457,9): error TS2739: Type 'Record<string, string>' is missing the following properties from type '{ low: string; medium: string; high: string; original: string; }': low, medium, high, original
src/services/ai-agent-supervisor.service.ts(54,5): error TS2502: 'logger' is referenced directly or indirectly in its own type annotation.
src/services/ai-agent-supervisor.service.ts(501,45): error TS2339: Property 'executeMaintenancePlanningChain' does not exist on type 'typeof LangChainOrchestratorService'.
src/services/ai-agent-supervisor.service.ts(503,45): error TS2339: Property 'executeIncidentInvestigationChain' does not exist on type 'typeof LangChainOrchestratorService'.
src/services/ai-agent-supervisor.service.ts(505,45): error TS2339: Property 'executeRouteOptimizationChain' does not exist on type 'typeof LangChainOrchestratorService'.
src/services/ai-agent-supervisor.service.ts(507,45): error TS2339: Property 'executeCostOptimizationChain' does not exist on type 'typeof LangChainOrchestratorService'.
src/services/ai-controls.service.ts(54,5): error TS2502: 'logger' is referenced directly or indirectly in its own type annotation.
src/services/ai-dispatch.ts(19,10): error TS2305: Module '"../database"' has no exported member 'pool'.
src/services/ai-intake.service.ts(28,14): error TS2554: Expected 2-3 arguments, but got 1.
src/services/ai-intake.service.ts(78,25): error TS2709: Cannot use namespace 'Queue' as a type.
src/services/ai-intake.service.ts(84,5): error TS2502: 'logger' is referenced directly or indirectly in its own type annotation.
src/services/ai-task-prioritization.ts(108,15): error TS2554: Expected 2-3 arguments, but got 1.
src/services/ai-task-prioritization.ts(573,27): error TS2663: Cannot find name 'analyzeDependencies'. Did you mean the instance member 'this.analyzeDependencies'?
src/services/ai-task-prioritization.ts(655,36): error TS2663: Cannot find name 'getOptimalExecutionOrder'. Did you mean the instance member 'this.getOptimalExecutionOrder'?
src/services/ai-task-prioritization.ts(661,35): error TS2663: Cannot find name 'recommendTaskAssignment'. Did you mean the instance member 'this.recommendTaskAssignment'?
src/services/ai-task-prioritization.ts(704,18): error TS2663: Cannot find name 'toRad'. Did you mean the instance member 'this.toRad'?
src/services/ai-task-prioritization.ts(705,18): error TS2663: Cannot find name 'toRad'. Did you mean the instance member 'this.toRad'?
src/services/ai-task-prioritization.ts(706,18): error TS2663: Cannot find name 'toRad'. Did you mean the instance member 'this.toRad'?
src/services/ai-task-prioritization.ts(707,18): error TS2663: Cannot find name 'toRad'. Did you mean the instance member 'this.toRad'?
src/services/ai-validation.service.ts(35,5): error TS2502: 'logger' is referenced directly or indirectly in its own type annotation.
src/services/ai/damage-assessment-engine.ts(7,21): error TS2307: Cannot find module '@techstark/opencv-js' or its corresponding type declarations.
src/services/analytics/analytics.service.ts(550,33): error TS2554: Expected 1 arguments, but got 0.
src/services/AttachmentService.ts(17,25): error TS1005: '{' expected.
src/services/AttachmentService.ts(17,53): error TS2339: Property 'ts' does not exist on type 'RegExp'.
src/services/audit/audit-logger.ts(529,28): error TS2339: Property 'getAuthTag' does not exist on type 'Cipher'.
src/services/audit/audit-logger.ts(546,16): error TS2339: Property 'setAuthTag' does not exist on type 'Decipher'.
src/services/audit/AuditService.ts(889,7): error TS2322: Type 'string' is not assignable to type 'AnchorHash'.
src/services/audit/AuditService.ts(907,31): error TS2347: Untyped function calls may not accept type arguments.
src/services/audit/log-encryption.ts(84,12): error TS2339: Property 'setAAD' does not exist on type 'Cipher'.
src/services/audit/log-encryption.ts(91,28): error TS2339: Property 'getAuthTag' does not exist on type 'Cipher'.
src/services/audit/log-encryption.ts(131,16): error TS2339: Property 'setAuthTag' does not exist on type 'Decipher'.
src/services/audit/log-encryption.ts(133,16): error TS2339: Property 'setAAD' does not exist on type 'Decipher'.
src/services/auditService.ts(18,18): error TS2339: Property 'db' does not exist on type 'AuditService'.
src/services/auditService.ts(53,18): error TS2339: Property 'db' does not exist on type 'AuditService'.
src/services/auditService.ts(114,31): error TS2339: Property 'db' does not exist on type 'AuditService'.
src/services/auditService.ts(161,31): error TS2339: Property 'db' does not exist on type 'AuditService'.
src/services/auditService.ts(184,31): error TS2339: Property 'db' does not exist on type 'AuditService'.
src/services/auditService.ts(209,31): error TS2339: Property 'db' does not exist on type 'AuditService'.
src/services/auth/AuthenticationService.ts(926,32): error TS2345: Argument of type '{ userId: number; success: false; failureReason: string; ipAddress: string; userAgent: string; }' is not assignable to parameter of type '{ email: string; userId?: number; success: boolean; failureReason?: string; authMethod?: string; ipAddress: string; userAgent?: string; }'.
  Property 'email' is missing in type '{ userId: number; success: false; failureReason: string; ipAddress: string; userAgent: string; }' but required in type '{ email: string; userId?: number; success: boolean; failureReason?: string; authMethod?: string; ipAddress: string; userAgent?: string; }'.
src/services/authz/AuthorizationService.ts(1117,27): error TS2345: Argument of type 'string | {}' is not assignable to parameter of type 'string'.
  Type '{}' is not assignable to type 'string'.
src/services/authz/examples.ts(97,11): error TS2741: Property 'timestamp' is missing in type '{ ipAddress: string; userAgent: string; deviceId: string; }' but required in type '{ timestamp: Date; ipAddress: string; userAgent: string; deviceId?: string; geolocation?: { lat: number; lon: number; }; }'.
src/services/authz/examples.ts(149,11): error TS2741: Property 'timestamp' is missing in type '{ ipAddress: string; userAgent: string; }' but required in type '{ timestamp: Date; ipAddress: string; userAgent: string; deviceId?: string; geolocation?: { lat: number; lon: number; }; }'.
src/services/cache/RedisService.ts(98,37): error TS2345: Argument of type 'string | {}' is not assignable to parameter of type 'string'.
  Type '{}' is not assignable to type 'string'.
src/services/calendar.service.ts(493,25): error TS2663: Cannot find name 'createEvent'. Did you mean the instance member 'this.createEvent'?
src/services/calendar.service.ts(571,25): error TS2663: Cannot find name 'createEvent'. Did you mean the instance member 'this.createEvent'?
src/services/config/task-asset-config.service.ts(262,14): error TS2551: Property 'is_active' does not exist on type 'BusinessRule'. Did you mean 'isActive'?
src/services/config/task-asset-config.service.ts(262,29): error TS2551: Property 'trigger_event' does not exist on type 'BusinessRule'. Did you mean 'triggerEvent'?
src/services/configuration/advanced-config-engine.ts(156,9): error TS2322: Type '"best-practice"' is not assignable to type '"ai-analysis" | "industry-standard" | "compliance-requirement" | "performance-metric"'.
src/services/configuration/advanced-config-engine.ts(239,9): error TS2322: Type '"best-practice"' is not assignable to type '"ai-analysis" | "industry-standard" | "compliance-requirement" | "performance-metric"'.
src/services/cost-analysis.service.ts(476,24): error TS2304: Cannot find name 'getTableColumns'.
src/services/custom-fields/custom-fields.service.ts(554,36): error TS2554: Expected 1 arguments, but got 0.
src/services/custom-report.service.ts(515,30): error TS2339: Property 'data_sources' does not exist on type 'CustomReport'.
src/services/custom-report.service.ts(516,25): error TS2339: Property 'columns' does not exist on type 'CustomReport'.
src/services/custom-report.service.ts(517,25): error TS2339: Property 'filters' does not exist on type 'CustomReport'.
src/services/custom-report.service.ts(518,26): error TS2339: Property 'grouping' does not exist on type 'CustomReport'.
src/services/custom-report.service.ts(519,25): error TS2339: Property 'sorting' does not exist on type 'CustomReport'.
src/services/custom-report.service.ts(520,23): error TS2339: Property 'joins' does not exist on type 'CustomReport'.
src/services/custom-report.service.ts(521,30): error TS2339: Property 'aggregations' does not exist on type 'CustomReport'.
src/services/custom-report.service.ts(532,23): error TS2339: Property 'report_name' does not exist on type 'CustomReport'.
src/services/custom-report.service.ts(533,25): error TS2339: Property 'columns' does not exist on type 'CustomReport'.
src/services/custom-report.service.ts(827,7): error TS2353: Object literal may only specify known properties, and 'report_name' does not exist in type 'Partial<CustomReport>'.
src/services/custom-report.service.ts(903,21): error TS2304: Cannot find name 'path'.
src/services/document-audit.service.ts(16,33): error TS2502: 'logger' is referenced directly or indirectly in its own type annotation.
src/services/document-folder.service.ts(22,33): error TS2502: 'logger' is referenced directly or indirectly in its own type annotation.
src/services/document-folder.service.ts(90,34): error TS2339: Property 'logFolderAction' does not exist on type 'typeof DocumentAuditService'.
src/services/document-folder.service.ts(343,34): error TS2339: Property 'logFolderAction' does not exist on type 'typeof DocumentAuditService'.
src/services/document-folder.service.ts(429,34): error TS2339: Property 'logFolderAction' does not exist on type 'typeof DocumentAuditService'.
src/services/document-folder.service.ts(479,34): error TS2339: Property 'logFolderAction' does not exist on type 'typeof DocumentAuditService'.
src/services/document-folder.service.ts(645,21): error TS2345: Argument of type 'number' is not assignable to parameter of type 'string'.
src/services/document-folder.service.ts(650,21): error TS2345: Argument of type 'number' is not assignable to parameter of type 'string'.
src/services/document-geo.service.ts(119,33): error TS2502: 'logger' is referenced directly or indirectly in its own type annotation.
src/services/document-management.service.ts(77,33): error TS2502: 'logger' is referenced directly or indirectly in its own type annotation.
src/services/document-management.service.ts(78,23): error TS2554: Expected 2 arguments, but got 0.
src/services/document-permission.service.ts(18,33): error TS2502: 'logger' is referenced directly or indirectly in its own type annotation.
src/services/document-permission.service.ts(96,36): error TS2339: Property 'logEvent' does not exist on type 'typeof DocumentAuditService'.
src/services/document-permission.service.ts(167,36): error TS2339: Property 'logEvent' does not exist on type 'typeof DocumentAuditService'.
src/services/document-rag.service.ts(53,33): error TS2502: 'logger' is referenced directly or indirectly in its own type annotation.
src/services/document-search.service.ts(72,33): error TS2502: 'logger' is referenced directly or indirectly in its own type annotation.
src/services/document-storage.service.ts(45,33): error TS2502: 'logger' is referenced directly or indirectly in its own type annotation.
src/services/document-storage.service.ts(62,36): error TS2339: Property 'initialize' does not exist on type 'typeof DocumentVersionService'.
src/services/document-storage.service.ts(127,52): error TS2339: Property 'getFolderById' does not exist on type 'typeof DocumentFolderService'.
src/services/document-storage.service.ts(212,34): error TS2339: Property 'logDocumentAction' does not exist on type 'typeof DocumentAuditService'.
src/services/document-storage.service.ts(288,34): error TS2339: Property 'logDocumentAction' does not exist on type 'typeof DocumentAuditService'.
src/services/document-storage.service.ts(538,34): error TS2339: Property 'logDocumentAction' does not exist on type 'typeof DocumentAuditService'.
src/services/document-storage.service.ts(607,36): error TS2339: Property 'logDocumentAction' does not exist on type 'typeof DocumentAuditService'.
src/services/document-storage.service.ts(623,36): error TS2339: Property 'logDocumentAction' does not exist on type 'typeof DocumentAuditService'.
src/services/document-storage.service.ts(671,34): error TS2339: Property 'logDocumentAction' does not exist on type 'typeof DocumentAuditService'.
src/services/document-storage.service.ts(711,34): error TS2339: Property 'logDocumentAction' does not exist on type 'typeof DocumentAuditService'.
src/services/document-version.service.ts(21,33): error TS2502: 'logger' is referenced directly or indirectly in its own type annotation.
src/services/document-version.service.ts(162,34): error TS2339: Property 'logDocumentAction' does not exist on type 'typeof DocumentAuditService'.
src/services/document-version.service.ts(379,34): error TS2339: Property 'logDocumentAction' does not exist on type 'typeof DocumentAuditService'.
src/services/document.service.ts(143,9): error TS2322: Type '"private"' is not assignable to type 'PublicAccessType'.
src/services/DocumentAiService.ts(75,33): error TS2502: 'logger' is referenced directly or indirectly in its own type annotation.
src/services/DocumentAiService.ts(296,55): error TS2339: Property 'search' does not exist on type 'typeof VectorSearchService'.
src/services/DocumentAiService.ts(615,53): error TS2339: Property 'generateEmbedding' does not exist on type 'typeof EmbeddingService'.
src/services/DocumentIndexer.ts(50,33): error TS2502: 'logger' is referenced directly or indirectly in its own type annotation.
src/services/DocumentIndexer.ts(108,32): error TS2339: Property 'clearCache' does not exist on type 'typeof SearchIndexService'.
src/services/DocumentIndexer.ts(202,32): error TS2339: Property 'clearCache' does not exist on type 'typeof SearchIndexService'.
src/services/documents/indexing-service.ts(4,10): error TS2724: '"../api-bus/ai-service"' has no exported member named 'getAIService'. Did you mean 'AIService'?
src/services/documents/ocr-service.ts(38,22): error TS2339: Property 'loadLanguage' does not exist on type 'Worker'.
src/services/documents/ocr-service.ts(39,22): error TS2551: Property 'initialize' does not exist on type 'Worker'. Did you mean 'reinitialize'?
src/services/documents/ocr-service.ts(97,22): error TS2339: Property 'loadLanguage' does not exist on type 'Worker'.
src/services/documents/ocr-service.ts(98,22): error TS2551: Property 'initialize' does not exist on type 'Worker'. Did you mean 'reinitialize'?
src/services/documents/ocr-service.ts(178,26): error TS2339: Property 'languages' does not exist on type 'DetectData'.
src/services/documents/workflow-engine.ts(4,10): error TS2724: '"../api-bus/ai-service"' has no exported member named 'getAIService'. Did you mean 'AIService'?
src/services/DocumentSearchService.ts(109,33): error TS2502: 'logger' is referenced directly or indirectly in its own type annotation.
src/services/DocumentSearchService.ts(147,63): error TS2339: Property 'search' does not exist on type 'typeof SearchIndexService'.
src/services/DocumentSearchService.ts(163,55): error TS2339: Property 'semanticSearch' does not exist on type 'typeof DocumentRAGService'.
src/services/DocumentSearchService.ts(185,55): error TS2339: Property 'semanticSearch' does not exist on type 'typeof DocumentRAGService'.
src/services/DocumentSearchService.ts(514,33): error TS2339: Property 'getSpellingSuggestions' does not exist on type 'typeof SearchIndexService'.
src/services/DocumentSearchService.ts(704,36): error TS2339: Property 'autocomplete' does not exist on type 'typeof SearchIndexService'.
src/services/DocumentSearchService.ts(711,36): error TS2339: Property 'getSearchAnalytics' does not exist on type 'typeof SearchIndexService'.
src/services/driver-scorecard.service.ts(60,26): error TS2552: Cannot find name 'pool'. Did you mean 'Pool'?
src/services/driver-scorecard.service.ts(368,26): error TS2304: Cannot find name 'getTableColumns'.
src/services/driver-scorecard.service.ts(368,42): error TS2552: Cannot find name 'pool'. Did you mean 'Pool'?
src/services/embeddings.service.ts(12,27): error TS2339: Property 'embed' does not exist on type 'typeof EmbeddingService'.
src/services/embeddings.service.ts(19,27): error TS2339: Property 'embedBatch' does not exist on type 'typeof EmbeddingService'.
src/services/EmbeddingService.ts(93,5): error TS2502: 'logger' is referenced directly or indirectly in its own type annotation.
src/services/EmbeddingService.ts(119,11): error TS2353: Object literal may only specify known properties, and 'token' does not exist in type 'CohereConfig'.
src/services/fleet-cognition.service.ts(45,5): error TS2502: 'logger' is referenced directly or indirectly in its own type annotation.
src/services/FleetCognitionService.ts(31,25): error TS1005: '{' expected.
src/services/FleetCognitionService.ts(31,57): error TS2339: Property 'ts' does not exist on type 'RegExp'.
src/services/fuel-optimization.service.ts(102,60): error TS2339: Property 'getOptimalFuelingRecommendation' does not exist on type 'typeof FuelPurchasingService'.
src/services/fuel-purchasing.service.ts(302,26): error TS2304: Cannot find name 'pool'.
src/services/graphql/damage-report-schema.ts(21,8): error TS2307: Cannot find module 'graphql' or its corresponding type declarations.
src/services/graphql/damage-report-schema.ts(22,29): error TS2307: Cannot find module 'graphql-redis-subscriptions' or its corresponding type declarations.
src/services/graphql/damage-report-schema.ts(23,65): error TS2307: Cannot find module 'graphql-scalars' or its corresponding type declarations.
src/services/graphql/damage-report-schema.ts(24,28): error TS2307: Cannot find module 'graphql-subscriptions' or its corresponding type declarations.
src/services/lidar-3d-scanning.service.ts(82,9): error TS2345: Argument of type 'PointCloudProcessingOptions | {}' is not assignable to parameter of type 'PointCloudProcessingOptions'.
  Type '{}' is missing the following properties from type 'PointCloudProcessingOptions': denoise, downsample, removeOutliers, smoothing, and 2 more.
src/services/lidar-3d-scanning.service.ts(107,13): error TS2345: Argument of type 'MeshGenerationOptions | {}' is not assignable to parameter of type 'MeshGenerationOptions'.
  Property 'algorithm' is missing in type '{}' but required in type 'MeshGenerationOptions'.
src/services/lidar-3d-scanning.service.ts(765,29): error TS2339: Property 'byteLength' does not exist on type 'string | Buffer<ArrayBufferLike>'.
  Property 'byteLength' does not exist on type 'string'.
src/services/mcp-server-registry.service.ts(589,41): error TS2554: Expected 1 arguments, but got 0.
src/services/mcp-server.service.ts(383,33): error TS2554: Expected 1 arguments, but got 0.
src/services/MLDecisionEngineService.ts(45,25): error TS1005: '{' expected.
src/services/MLDecisionEngineService.ts(45,59): error TS2339: Property 'ts' does not exist on type 'RegExp'.
src/services/MLTrainingService.ts(24,25): error TS1005: '{' expected.
src/services/MLTrainingService.ts(24,53): error TS2339: Property 'ts' does not exist on type 'RegExp'.
src/services/monitoring/MonitoringService.ts(24,32): error TS2307: Cannot find module '@opentelemetry/exporter-jaeger' or its corresponding type declarations.
src/services/monitoring/MonitoringService.ts(200,21): error TS2693: 'Resource' only refers to a type, but is being used as a value here.
src/services/monitoring/MonitoringService.ts(213,27): error TS2339: Property 'addSpanProcessor' does not exist on type 'NodeTracerProvider'.
src/services/policy/PolicyEnforcementService.ts(25,20): error TS2307: Cannot find module 'vm2' or its corresponding type declarations.
src/services/policy/PolicyEnforcementService.ts(195,31): error TS2339: Property 'log' does not exist on type 'AuditService'.
src/services/policy/PolicyEnforcementService.ts(221,31): error TS2339: Property 'log' does not exist on type 'AuditService'.
src/services/policy/PolicyEnforcementService.ts(468,29): error TS2339: Property 'log' does not exist on type 'AuditService'.
src/services/queue.service.ts(12,3): error TS2305: Module '"../types/queue.types"' has no exported member 'JobStatus'.
src/services/queue.service.ts(13,3): error TS2305: Module '"../types/queue.types"' has no exported member 'JobData'.
src/services/queue.service.ts(14,3): error TS2305: Module '"../types/queue.types"' has no exported member 'JobOptions'.
src/services/queue.service.ts(15,3): error TS2305: Module '"../types/queue.types"' has no exported member 'QueueStats'.
src/services/queue.service.ts(16,3): error TS2305: Module '"../types/queue.types"' has no exported member 'ErrorType'.
src/services/queue.service.ts(17,3): error TS2305: Module '"../types/queue.types"' has no exported member 'RetryDecision'.
src/services/queue.service.ts(19,3): error TS2305: Module '"../types/queue.types"' has no exported member 'TeamsMessagePayload'.
src/services/queue.service.ts(20,3): error TS2305: Module '"../types/queue.types"' has no exported member 'OutlookEmailPayload'.
src/services/queue.service.ts(21,3): error TS2305: Module '"../types/queue.types"' has no exported member 'AttachmentPayload'.
src/services/queue.service.ts(22,3): error TS2305: Module '"../types/queue.types"' has no exported member 'WebhookPayload'.
src/services/queue.service.ts(23,3): error TS2305: Module '"../types/queue.types"' has no exported member 'SyncPayload'.
src/services/queue.service.ts(140,38): error TS2339: Property 'TEAMS_OUTBOUND' does not exist on type 'typeof QueueName'.
src/services/queue.service.ts(165,38): error TS2339: Property 'OUTLOOK_OUTBOUND' does not exist on type 'typeof QueueName'.
src/services/queue.service.ts(191,38): error TS2339: Property 'ATTACHMENTS' does not exist on type 'typeof QueueName'.
src/services/queue.service.ts(213,38): error TS2339: Property 'WEBHOOKS' does not exist on type 'typeof QueueName'.
src/services/queue.service.ts(238,38): error TS2339: Property 'SYNC' does not exist on type 'typeof QueueName'.
src/services/queue.service.ts(791,9): error TS2353: Object literal may only specify known properties, and 'healthy' does not exist in type 'QueueHealth'.
src/services/RAGEngineService.ts(38,25): error TS1005: '{' expected.
src/services/RAGEngineService.ts(38,52): error TS2339: Property 'ts' does not exist on type 'RegExp'.
src/services/reservations.service.ts(38,23): error TS2554: Expected 2-3 arguments, but got 0.
src/services/secrets/SecretsManagementService.ts(127,11): error TS2554: Expected 2-3 arguments, but got 1.
src/services/secrets/SecretsManagementService.ts(313,11): error TS2322: Type '{ tls: boolean; rejectUnauthorized: true; }' is not assignable to type 'RedisSocketOptions'.
  Type '{ tls: boolean; rejectUnauthorized: true; }' is not assignable to type 'RedisTlsOptions'.
    Type '{ tls: boolean; rejectUnauthorized: true; }' is not assignable to type '{ tls: true; }'.
      Types of property 'tls' are incompatible.
        Type 'boolean' is not assignable to type 'true'.
src/services/secrets/SecretsManagementService.ts(1547,7): error TS2322: Type 'string | {}' is not assignable to type 'string'.
  Type '{}' is not assignable to type 'string'.
src/services/vehicle-hardware-config.service.ts(25,30): error TS2307: Cannot find module './teltonika.service' or its corresponding type declarations.
src/services/video-emulator.service.ts(89,37): error TS2551: Property 'telematicsConfig' does not exist on type 'VideoEmulatorServiceConfig'. Did you mean 'telemeticsConfig'?
src/services/video-emulator.service.ts(90,37): error TS2551: Property 'telematicsConfig' does not exist on type 'VideoEmulatorServiceConfig'. Did you mean 'telemeticsConfig'?
src/services/video-emulator.service.ts(97,37): error TS2551: Property 'telematicsConfig' does not exist on type 'VideoEmulatorServiceConfig'. Did you mean 'telemeticsConfig'?
src/services/video-emulator.service.ts(144,7): error TS1117: An object literal cannot have multiple properties with the same name.
src/storage/adapters/S3StorageAdapter.ts(15,3): error TS2724: '"@aws-sdk/client-s3"' has no exported member named 'CopyObjectCommand'. Did you mean 'PutObjectCommand'?
src/storage/adapters/S3StorageAdapter.ts(17,3): error TS2724: '"@aws-sdk/client-s3"' has no exported member named 'DeleteObjectsCommand'. Did you mean 'DeleteObjectCommand'?
src/storage/adapters/S3StorageAdapter.ts(20,3): error TS2724: '"@aws-sdk/client-s3"' has no exported member named 'ListObjectsV2Command'. Did you mean 'PutObjectCommand'?
src/types/database-tables-part3.ts(1276,5): error TS2304: Cannot find name 'VehicleLocation'.
src/types/database-tables-part3.ts(1277,5): error TS2304: Cannot find name 'OBDTelemetry'.
src/types/database-tables-part3.ts(1278,5): error TS2304: Cannot find name 'Geofence'.
src/types/database-tables-part3.ts(1279,5): error TS2304: Cannot find name 'GeofenceEvent'.
src/types/database-tables-part3.ts(1280,5): error TS2304: Cannot find name 'DriverBehaviorEvent'.
src/types/database-tables-part3.ts(1281,5): error TS2304: Cannot find name 'VideoTelematicsFootage'.
src/types/database-tables-part3.ts(1282,5): error TS2304: Cannot find name 'Trip'.
src/types/database-tables-part3.ts(1283,5): error TS2304: Cannot find name 'Route'.
src/types/database-tables-part3.ts(1284,5): error TS2304: Cannot find name 'TripUsageClassification'.
src/types/database-tables-part3.ts(1285,5): error TS2304: Cannot find name 'PersonalUsePolicy'.
src/types/database-tables-part3.ts(1286,5): error TS2304: Cannot find name 'PersonalUseCharge'.
src/types/database-tables-part3.ts(1287,5): error TS2304: Cannot find name 'DocumentFolder'.
src/types/database-tables-part3.ts(1289,5): error TS2304: Cannot find name 'DocumentShare'.
src/types/database-tables-part3.ts(1290,5): error TS2304: Cannot find name 'DocumentVersion'.
src/types/database-tables-part3.ts(1291,5): error TS2304: Cannot find name 'DocumentComment'.
src/types/database-tables-part3.ts(1292,5): error TS2304: Cannot find name 'DocumentAIAnalysis'.
src/types/database-tables-part3.ts(1293,5): error TS2304: Cannot find name 'RAGEmbedding'.
src/types/database-tables-part3.ts(1294,5): error TS2304: Cannot find name 'DocumentAuditLog'.
src/types/database-tables-part3.ts(1295,5): error TS2304: Cannot find name 'Expense'.
src/types/database-tables-part3.ts(1296,5): error TS2304: Cannot find name 'Invoice'.
src/types/database-tables-part3.ts(1297,5): error TS2304: Cannot find name 'PurchaseOrder'.
src/types/database-tables-part3.ts(1298,5): error TS2304: Cannot find name 'BudgetAllocation'.
src/types/database-tables-part3.ts(1299,5): error TS2304: Cannot find name 'CostAllocation'.
src/types/database-tables-part3.ts(1300,5): error TS2304: Cannot find name 'DepreciationSchedule'.
src/types/database-tables-part3.ts(1301,5): error TS2304: Cannot find name 'DepreciationEntry'.
src/types/database-tables-part3.ts(1302,5): error TS2304: Cannot find name 'FuelCard'.
src/types/database-tables-part3.ts(1303,5): error TS2304: Cannot find name 'FuelCardTransaction'.
src/types/database-tables-part3.ts(1304,5): error TS2304: Cannot find name 'PaymentMethod'.
src/types/database-tables-part3.ts(1305,5): error TS2304: Cannot find name 'WorkOrderTemplate'.
src/types/database-tables-part3.ts(1306,5): error TS2304: Cannot find name 'WorkOrderTask'.
src/types/database-tables-part3.ts(1307,5): error TS2304: Cannot find name 'ServiceBay'.
src/types/database-tables-part3.ts(1308,5): error TS2304: Cannot find name 'ServiceBaySchedule'.
src/types/database-tables-part3.ts(1309,5): error TS2304: Cannot find name 'Technician'.
src/types/database-tables-part3.ts(1310,5): error TS2304: Cannot find name 'RecurringMaintenanceSchedule'.
src/types/database-tables-part3.ts(1312,5): error TS2304: Cannot find name 'NotificationPreference'.
src/types/database-tables-part3.ts(1313,5): error TS2304: Cannot find name 'Message'.
src/types/database-tables-part3.ts(1314,5): error TS2304: Cannot find name 'TeamsIntegrationMessage'.
src/types/database-tables-part3.ts(1315,5): error TS2304: Cannot find name 'OutlookEmail'.
src/types/database-tables-part3.ts(1316,5): error TS2304: Cannot find name 'AlertRule'.
src/types/database-tables-part3.ts(1317,5): error TS2304: Cannot find name 'AlertHistory'.
src/types/database-tables-part3.ts(1318,5): error TS2304: Cannot find name 'AccidentReport'.
src/types/database-tables-part3.ts(1319,5): error TS2304: Cannot find name 'SafetyInspection'.
src/types/database-tables-part3.ts(1320,5): error TS2304: Cannot find name 'DriverViolation'.
src/types/database-tables-part3.ts(1321,5): error TS2304: Cannot find name 'ComplianceDocument'.
src/types/database-tables-part3.ts(1322,5): error TS2304: Cannot find name 'HoursOfServiceLog'.
src/types/database-tables-part3.ts(1323,5): error TS2304: Cannot find name 'DriverTrainingRecord'.
src/types/database-tables-part3.ts(1324,5): error TS2304: Cannot find name 'SafetyMeeting'.
src/types/database-tables-part3.ts(1325,5): error TS2304: Cannot find name 'InsurancePolicy'.
src/types/rbac.ts(157,14): error TS2323: Cannot redeclare exported variable 'ROLE_PERMISSIONS'.
src/types/rbac.ts(494,10): error TS2323: Cannot redeclare exported variable 'ROLE_PERMISSIONS'.
src/types/rbac.ts(494,10): error TS2484: Export declaration conflicts with exported declaration of 'ROLE_PERMISSIONS'.
src/utils/crud-route-factory.ts(82,27): error TS2339: Property 'MANAGER' does not exist on type 'typeof Role'.
src/utils/crud-route-factory.ts(82,41): error TS2339: Property 'USER' does not exist on type 'typeof Role'.
src/utils/crud-route-factory.ts(83,29): error TS2339: Property 'MANAGER' does not exist on type 'typeof Role'.
src/utils/crud-route-factory.ts(84,29): error TS2339: Property 'MANAGER' does not exist on type 'typeof Role'.
